Component: ARM Compiler 5.06 update 6 (build 750) Tool: armlink [4d35ed]

==============================================================================

Section Cross References

    main.o(.text) refers to os_time.o(.text) for OSTimeDly
    main.o(.text) refers to user_ili9341_lcd.o(.text) for Lcd_GramScan
    main.o(.text) refers to stm32f10x_gpio.o(.text) for GPIO_ResetBits
    main.o(.text) refers to oled.o(.text) for LCD_P8x16Str
    main.o(.text) refers to strlen.o(.text) for strlen
    main.o(.text) refers to led.o(.text) for led_on
    main.o(.text) refers to user_exti.o(.data) for frame_flag
    main.o(.text) refers to main.o(.data) for MENU_STATUS
    main.o(.text) refers to main.o(.bss) for RCVLOG
    main.o(.text) refers to printf1.o(i.__0sprintf$1) for __2sprintf
    main.o(.text) refers to user_usart.o(.text) for USART1_SendStr
    main.o(.text) refers to esp8266.o(.text) for Hand
    main.o(.text) refers to stm32f10x_usart.o(.text) for USART_ITConfig
    main.o(.text) refers to strcat.o(.text) for strcat
    main.o(.text) refers to stm32f10x_rcc.o(.text) for RCC_APB2PeriphClockCmd
    main.o(.text) refers to os_cpu_c.o(.text) for OS_CPU_SysTickInit
    main.o(.text) refers to os_task.o(.text) for OSTaskCreate
    main.o(.text) refers to printf1.o(i.__0printf$1) for __2printf
    main.o(.text) refers to ov7670.o(.text) for OV7670_Init
    main.o(.text) refers to user_exti.o(.text) for OV7670_PA1_Init
    main.o(.text) refers to os_core.o(.text) for OSInit
    stm32f10x_adc.o(.text) refers to stm32f10x_rcc.o(.text) for RCC_APB2PeriphResetCmd
    stm32f10x_bkp.o(.text) refers to stm32f10x_rcc.o(.text) for RCC_BackupResetCmd
    stm32f10x_can.o(.text) refers to stm32f10x_rcc.o(.text) for RCC_APB1PeriphResetCmd
    stm32f10x_cec.o(.text) refers to stm32f10x_rcc.o(.text) for RCC_APB1PeriphResetCmd
    stm32f10x_dac.o(.text) refers to stm32f10x_rcc.o(.text) for RCC_APB1PeriphResetCmd
    stm32f10x_gpio.o(.text) refers to stm32f10x_rcc.o(.text) for RCC_APB2PeriphResetCmd
    stm32f10x_i2c.o(.text) refers to stm32f10x_rcc.o(.text) for RCC_APB1PeriphResetCmd
    stm32f10x_pwr.o(.text) refers to stm32f10x_rcc.o(.text) for RCC_APB1PeriphResetCmd
    stm32f10x_rcc.o(.text) refers to stm32f10x_rcc.o(.data) for APBAHBPrescTable
    stm32f10x_spi.o(.text) refers to stm32f10x_rcc.o(.text) for RCC_APB2PeriphResetCmd
    stm32f10x_tim.o(.text) refers to stm32f10x_rcc.o(.text) for RCC_APB2PeriphResetCmd
    stm32f10x_usart.o(.text) refers to stm32f10x_rcc.o(.text) for RCC_APB2PeriphResetCmd
    stm32f10x_wwdg.o(.text) refers to stm32f10x_rcc.o(.text) for RCC_APB1PeriphResetCmd
    os_core.o(.text) refers to os_cpu_a.o(.text) for OS_CPU_SR_Save
    os_core.o(.text) refers to os_core.o(.data) for OSIntNesting
    os_core.o(.text) refers to os_core.o(.constdata) for OSUnMapTbl
    os_core.o(.text) refers to os_core.o(.bss) for OSTCBPrioTbl
    os_core.o(.text) refers to os_task.o(.text) for OSTaskStkChk
    os_core.o(.text) refers to os_time.o(.text) for OSTimeDly
    os_core.o(.text) refers to os_cpu_c.o(.text) for OSTaskStatHook
    os_core.o(.text) refers to os_flag.o(.text) for OS_FlagInit
    os_core.o(.text) refers to os_mem.o(.text) for OS_MemInit
    os_core.o(.text) refers to os_q.o(.text) for OS_QInit
    os_core.o(.text) refers to os_tmr.o(.text) for OSTmr_Init
    os_core.o(.text) refers to os_dbg.o(.text) for OSDebugInit
    os_flag.o(.text) refers to os_cpu_a.o(.text) for OS_CPU_SR_Save
    os_flag.o(.text) refers to os_core.o(.text) for OS_Sched
    os_flag.o(.text) refers to os_core.o(.data) for OSIntNesting
    os_flag.o(.text) refers to os_core.o(.bss) for OSFlagTbl
    os_mbox.o(.text) refers to os_cpu_a.o(.text) for OS_CPU_SR_Save
    os_mbox.o(.text) refers to os_core.o(.text) for OS_EventWaitListInit
    os_mbox.o(.text) refers to os_core.o(.data) for OSIntNesting
    os_mem.o(.text) refers to os_cpu_a.o(.text) for OS_CPU_SR_Save
    os_mem.o(.text) refers to os_core.o(.text) for OS_StrCopy
    os_mem.o(.text) refers to os_core.o(.data) for OSMemFreeList
    os_mem.o(.text) refers to os_core.o(.bss) for OSMemTbl
    os_mutex.o(.text) refers to os_cpu_a.o(.text) for OS_CPU_SR_Save
    os_mutex.o(.text) refers to os_core.o(.text) for OS_EventWaitListInit
    os_mutex.o(.text) refers to os_core.o(.data) for OSIntNesting
    os_mutex.o(.text) refers to os_core.o(.bss) for OSTCBPrioTbl
    os_q.o(.text) refers to os_cpu_a.o(.text) for OS_CPU_SR_Save
    os_q.o(.text) refers to os_core.o(.text) for OS_EventWaitListInit
    os_q.o(.text) refers to os_core.o(.data) for OSIntNesting
    os_q.o(.text) refers to os_core.o(.bss) for OSQTbl
    os_sem.o(.text) refers to os_cpu_a.o(.text) for OS_CPU_SR_Save
    os_sem.o(.text) refers to os_core.o(.text) for OS_EventWaitListInit
    os_sem.o(.text) refers to os_core.o(.data) for OSIntNesting
    os_task.o(.text) refers to os_cpu_a.o(.text) for OS_CPU_SR_Save
    os_task.o(.text) refers to os_core.o(.text) for OS_Sched
[...]
    ../clib/microlib/init/entry.s            0x00000000   Number         0  entry7a.o ABSOLUTE
    ../clib/microlib/init/entry.s            0x00000000   Number         0  entry7b.o ABSOLUTE
    ../clib/microlib/init/entry.s            0x00000000   Number         0  entry8a.o ABSOLUTE
    ../clib/microlib/init/entry.s            0x00000000   Number         0  entry8b.o ABSOLUTE
    ../clib/microlib/init/entry.s            0x00000000   Number         0  entry11a.o ABSOLUTE
    ../clib/microlib/init/entry.s            0x00000000   Number         0  entry9a.o ABSOLUTE
    ../clib/microlib/init/entry.s            0x00000000   Number         0  entry10a.o ABSOLUTE
    ../clib/microlib/init/entry.s            0x00000000   Number         0  entry10b.o ABSOLUTE
    ../clib/microlib/init/entry.s            0x00000000   Number         0  entry.o ABSOLUTE
    ../clib/microlib/longlong.c              0x00000000   Number         0  llsshr.o ABSOLUTE
    ../clib/microlib/longlong.c              0x00000000   Number         0  llshl.o ABSOLUTE
    ../clib/microlib/longlong.c              0x00000000   Number         0  llushr.o ABSOLUTE
    ../clib/microlib/printf/printf.c         0x00000000   Number         0  printf4.o ABSOLUTE
    ../clib/microlib/printf/printf.c         0x00000000   Number         0  printf3.o ABSOLUTE
    ../clib/microlib/printf/printf.c         0x00000000   Number         0  printf2.o ABSOLUTE
    ../clib/microlib/printf/printf.c         0x00000000   Number         0  printf5.o ABSOLUTE
    ../clib/microlib/printf/printf.c         0x00000000   Number         0  printf0.o ABSOLUTE
    ../clib/microlib/printf/printf.c         0x00000000   Number         0  printfb.o ABSOLUTE
    ../clib/microlib/printf/printf.c         0x00000000   Number         0  printf1.o ABSOLUTE
    ../clib/microlib/printf/printf.c         0x00000000   Number         0  printf8.o ABSOLUTE
    ../clib/microlib/printf/printf.c         0x00000000   Number         0  printfa.o ABSOLUTE
    ../clib/microlib/printf/printf.c         0x00000000   Number         0  printf7.o ABSOLUTE
    ../clib/microlib/printf/printf.c         0x00000000   Number         0  printf6.o ABSOLUTE
    ../clib/microlib/printf/stubs.s          0x00000000   Number         0  stubs.o ABSOLUTE
    ../clib/microlib/stdio/streams.c         0x00000000   Number         0  stdout.o ABSOLUTE
    ../clib/microlib/string/strcat.c         0x00000000   Number         0  strcat.o ABSOLUTE
    ../clib/microlib/string/strlen.c         0x00000000   Number         0  strlen.o ABSOLUTE
    ../clib/microlib/string/strstr.c         0x00000000   Number         0  strstr.o ABSOLUTE
    ../clib/microlib/stubs.s                 0x00000000   Number         0  iusefp.o ABSOLUTE
    ../fplib/microlib/d2f.c                  0x00000000   Number         0  d2f.o ABSOLUTE
    ../fplib/microlib/fpadd.c                0x00000000   Number         0  dadd.o ABSOLUTE
    ../fplib/microlib/fpdiv.c                0x00000000   Number         0  ddiv.o ABSOLUTE
    ../fplib/microlib/fpepilogue.c           0x00000000   Number         0  depilogue.o ABSOLUTE
    ../fplib/microlib/fpepilogue.c           0x00000000   Number         0  fepilogue.o ABSOLUTE
    ../fplib/microlib/fpfix.c                0x00000000   Number         0  dfixul.o ABSOLUTE
    ../fplib/microlib/fpflt.c                0x00000000   Number         0  dflti.o ABSOLUTE
    ../fplib/microlib/fpmul.c                0x00000000   Number         0  dmul.o ABSOLUTE
    ..\..\APP\app.c                          0x00000000   Number         0  app.o ABSOLUTE
    ..\..\Libraries\FWlib\src\misc.c         0x00000000   Number         0  misc.o ABSOLUTE
    ..\..\Libraries\FWlib\src\stm32f10x_adc.c 0x00000000   Number         0  stm32f10x_adc.o ABSOLUTE
    ..\..\Libraries\FWlib\src\stm32f10x_bkp.c 0x00000000   Number         0  stm32f10x_bkp.o ABSOLUTE
    ..\..\Libraries\FWlib\src\stm32f10x_can.c 0x00000000   Number         0  stm32f10x_can.o ABSOLUTE
    ..\..\Libraries\FWlib\src\stm32f10x_cec.c 0x00000000   Number         0  stm32f10x_cec.o ABSOLUTE
    ..\..\Libraries\FWlib\src\stm32f10x_crc.c 0x00000000   Number         0  stm32f10x_crc.o ABSOLUTE
    ..\..\Libraries\FWlib\src\stm32f10x_dac.c 0x00000000   Number         0  stm32f10x_dac.o ABSOLUTE
    ..\..\Libraries\FWlib\src\stm32f10x_dbgmcu.c 0x00000000   Number         0  stm32f10x_dbgmcu.o ABSOLUTE
    ..\..\Libraries\FWlib\src\stm32f10x_dma.c 0x00000000   Number         0  stm32f10x_dma.o ABSOLUTE
    ..\..\Libraries\FWlib\src\stm32f10x_exti.c 0x00000000   Number         0  stm32f10x_exti.o ABSOLUTE
    ..\..\Libraries\FWlib\src\stm32f10x_flash.c 0x00000000   Number         0  stm32f10x_flash.o ABSOLUTE
    ..\..\Libraries\FWlib\src\stm32f10x_fsmc.c 0x00000000   Number         0  stm32f10x_fsmc.o ABSOLUTE
    ..\..\Libraries\FWlib\src\stm32f10x_gpio.c 0x00000000   Number         0  stm32f10x_gpio.o ABSOLUTE
    ..\..\Libraries\FWlib\src\stm32f10x_i2c.c 0x00000000   Number         0  stm32f10x_i2c.o ABSOLUTE
    ..\..\Libraries\FWlib\src\stm32f10x_iwdg.c 0x00000000   Number         0  stm32f10x_iwdg.o ABSOLUTE
    ..\..\Libraries\FWlib\src\stm32f10x_pwr.c 0x00000000   Number         0  stm32f10x_pwr.o ABSOLUTE
    ..\..\Libraries\FWlib\src\stm32f10x_rcc.c 0x00000000   Number         0  stm32f10x_rcc.o ABSOLUTE
    ..\..\Libraries\FWlib\src\stm32f10x_rtc.c 0x00000000   Number         0  stm32f10x_rtc.o ABSOLUTE
    ..\..\Libraries\FWlib\src\stm32f10x_sdio.c 0x00000000   Number         0  stm32f10x_sdio.o ABSOLUTE
    ..\..\Libraries\FWlib\src\stm32f10x_spi.c 0x00000000   Number         0  stm32f10x_spi.o ABSOLUTE
    ..\..\Libraries\FWlib\src\stm32f10x_tim.c 0x00000000   Number         0  stm32f10x_tim.o ABSOLUTE
    ..\..\Libraries\FWlib\src\stm32f10x_usart.c 0x00000000   Number         0  stm32f10x_usart.o ABSOLUTE
    ..\..\Libraries\FWlib\src\stm32f10x_wwdg.c 0x00000000   Number         0  stm32f10x_wwdg.o ABSOLUTE
    ..\..\Micrium\Software\uCOS-II\Ports\arm-cortex-m3\Generic\IAR\os_cpu_a.asm 0x00000000   Number         0  os_cpu_a.o ABSOLUTE
    ..\..\Micrium\Software\uCOS-II\Ports\arm-cortex-m3\Generic\IAR\os_cpu_c.c 0x00000000   Number         0  os_cpu_c.o ABSOLUTE
    ..\..\Micrium\Software\uCOS-II\Ports\arm-cortex-m3\Generic\IAR\os_dbg.c 0x00000000   Number         0  os_dbg.o ABSOLUTE
    ..\..\Micrium\Software\uCOS-II\Source\os_core.c 0x00000000   Number         0  os_core.o ABSOLUTE
    ..\..\Micrium\Software\uCOS-II\Source\os_flag.c 0x00000000   Number         0  os_flag.o ABSOLUTE
    ..\..\Micrium\Software\uCOS-II\Source\os_mbox.c 0x00000000   Number         0  os_mbox.o ABSOLUTE
    ..\..\Micrium\Software\uCOS-II\Source\os_mem.c 0x00000000   Number         0  os_mem.o ABSOLUTE
    ..\..\Micrium\Software\uCOS-II\Source\os_mutex.c 0x00000000   Number         0  os_mutex.o ABSOLUTE
    ..\..\Micrium\Software\uCOS-II\Source\os_q.c 0x00000000   Number         0  os_q.o ABSOLUTE
    ..\..\Micrium\Software\uCOS-II\Source\os_sem.c 0x00000000   Number         0  os_sem.o ABSOLUTE
    ..\..\Micrium\Software\uCOS-II\Source\os_task.c 0x00000000   Number         0  os_task.o ABSOLUTE
    ..\..\Micrium\Software\uCOS-II\Source\os_time.c 0x00000000   Number         0  os_time.o ABSOLUTE
    ..\..\Micrium\Software\uCOS-II\Source\os_tmr.c 0x00000000   Number         0  os_tmr.o ABSOLUTE
    ..\..\User\bsp\ds18b20.c                 0x00000000   Number         0  ds18b20.o ABSOLUTE
    ..\..\User\bsp\esp8266.c                 0x00000000   Number         0  esp8266.o ABSOLUTE
    ..\..\User\bsp\led.c                     0x00000000   Number         0  led.o ABSOLUTE
    ..\..\User\bsp\mpu6050.C                 0x00000000   Number         0  mpu6050.o ABSOLUTE
    ..\..\User\bsp\oled.c                    0x00000000   Number         0  oled.o ABSOLUTE
    ..\..\User\bsp\oledfont.c                0x00000000   Number         0  oledfont.o ABSOLUTE
    ..\..\User\bsp\ov7670.c                  0x00000000   Number         0  ov7670.o ABSOLUTE
    ..\..\User\bsp\sccb.c                    0x00000000   Number         0  sccb.o ABSOLUTE
    ..\..\User\bsp\user_exti.c               0x00000000   Number         0  user_exti.o ABSOLUTE
    ..\..\User\bsp\user_ili9341_lcd.c        0x00000000   Number         0  user_ili9341_lcd.o ABSOLUTE
    ..\..\User\bsp\user_usart.c              0x00000000   Number         0  user_usart.o ABSOLUTE
    ..\..\User\main.c                        0x00000000   Number         0  main.o ABSOLUTE
    ..\..\User\stm32f10x_it.c                0x00000000   Number         0  stm32f10x_it.o ABSOLUTE
    ..\\..\\Libraries\\FWlib\\src\\misc.c    0x00000000   Number         0  misc.o ABSOLUTE
    ..\\..\\Libraries\\FWlib\\src\\stm32f10x_adc.c 0x00000000   Number         0  stm32f10x_adc.o ABSOLUTE
    ..\\..\\Libraries\\FWlib\\src\\stm32f10x_bkp.c 0x00000000   Number         0  stm32f10x_bkp.o ABSOLUTE
    ..\\..\\Libraries\\FWlib\\src\\stm32f10x_can.c 0x00000000   Number         0  stm32f10x_can.o ABSOLUTE
    ..\\..\\Libraries\\FWlib\\src\\stm32f10x_cec.c 0x00000000   Number         0  stm32f10x_cec.o ABSOLUTE
    ..\\..\\Libraries\\FWlib\\src\\stm32f10x_crc.c 0x00000000   Number         0  stm32f10x_crc.o ABSOLUTE
    ..\\..\\Libraries\\FWlib\\src\\stm32f10x_dac.c 0x00000000   Number         0  stm32f10x_dac.o ABSOLUTE
    ..\\..\\Libraries\\FWlib\\src\\stm32f10x_dbgmcu.c 0x00000000   Number         0  stm32f10x_dbgmcu.o ABSOLUTE
    ..\\..\\Libraries\\FWlib\\src\\stm32f10x_dma.c 0x00000000   Number         0  stm32f10x_dma.o ABSOLUTE
    ..\\..\\Libraries\\FWlib\\src\\stm32f10x_exti.c 0x00000000   Number         0  stm32f10x_exti.o ABSOLUTE
    ..\\..\\Libraries\\FWlib\\src\\stm32f10x_flash.c 0x00000000   Number         0  stm32f10x_flash.o ABSOLUTE
    ..\\..\\Libraries\\FWlib\\src\\stm32f10x_fsmc.c 0x00000000   Number         0  stm32f10x_fsmc.o ABSOLUTE
    ..\\..\\Libraries\\FWlib\\src\\stm32f10x_gpio.c 0x00000000   Number         0  stm32f10x_gpio.o ABSOLUTE
    ..\\..\\Libraries\\FWlib\\src\\stm32f10x_i2c.c 0x00000000   Number         0  stm32f10x_i2c.o ABSOLUTE
    ..\\..\\Libraries\\FWlib\\src\\stm32f10x_iwdg.c 0x00000000   Number         0  stm32f10x_iwdg.o ABSOLUTE
    ..\\..\\Libraries\\FWlib\\src\\stm32f10x_pwr.c 0x00000000   Number         0  stm32f10x_pwr.o ABSOLUTE
    ..\\..\\Libraries\\FWlib\\src\\stm32f10x_rcc.c 0x00000000   Number         0  stm32f10x_rcc.o ABSOLUTE
    ..\\..\\Libraries\\FWlib\\src\\stm32f10x_rtc.c 0x00000000   Number         0  stm32f10x_rtc.o ABSOLUTE
    ..\\..\\Libraries\\FWlib\\src\\stm32f10x_sdio.c 0x00000000   Number         0  stm32f10x_sdio.o ABSOLUTE
    ..\\..\\Libraries\\FWlib\\src\\stm32f10x_spi.c 0x00000000   Number         0  stm32f10x_spi.o ABSOLUTE
    ..\\..\\Libraries\\FWlib\\src\\stm32f10x_tim.c 0x00000000   Number         0  stm32f10x_tim.o ABSOLUTE
    ..\\..\\Libraries\\FWlib\\src\\stm32f10x_usart.c 0x00000000   Number         0  stm32f10x_usart.o ABSOLUTE
    ..\\..\\Libraries\\FWlib\\src\\stm32f10x_wwdg.c 0x00000000   Number         0  stm32f10x_wwdg.o ABSOLUTE
    ..\\..\\User\\bsp\\ds18b20.c             0x00000000   Number         0  ds18b20.o ABSOLUTE
    ..\\..\\User\\bsp\\esp8266.c             0x00000000   Number         0  esp8266.o ABSOLUTE
    ..\\..\\User\\bsp\\led.c                 0x00000000   Number         0  led.o ABSOLUTE
    ..\\..\\User\\bsp\\mpu6050.C             0x00000000   Number         0  mpu6050.o ABSOLUTE
    ..\\..\\User\\bsp\\oled.c                0x00000000   Number         0  oled.o ABSOLUTE
    ..\\..\\User\\bsp\\oledfont.c            0x00000000   Number         0  oledfont.o ABSOLUTE
    ..\\..\\User\\bsp\\ov7670.c              0x00000000   Number         0  ov7670.o ABSOLUTE
    ..\\..\\User\\bsp\\sccb.c                0x00000000   Number         0  sccb.o ABSOLUTE
    ..\\..\\User\\bsp\\user_exti.c           0x00000000   Number         0  user_exti.o ABSOLUTE
    ..\\..\\User\\bsp\\user_ili9341_lcd.c    0x00000000   Number         0  user_ili9341_lcd.o ABSOLUTE
    ..\\..\\User\\bsp\\user_usart.c          0x00000000   Number         0  user_usart.o ABSOLUTE
    ..\\..\\User\\main.c                     0x00000000   Number         0  main.o ABSOLUTE
    ..\\..\\User\\stm32f10x_it.c             0x00000000   Number         0  stm32f10x_it.o ABSOLUTE
    C:\Users\gerhua01\AppData\Local\Arm\Packs\Keil\STM32F1xx_DFP\2.3.0\RTE_Driver\GPIO_STM32F10x.c 0x00000000   Number         0  gpio_stm32f10x.o ABSOLUTE
    C:\\Users\\gerhua01\\AppData\\Local\\Arm\\Packs\\Keil\\STM32F1xx_DFP\\2.3.0\\RTE_Driver\\GPIO_STM32F10x.c 0x00000000   Number         0  gpio_stm32f10x.o ABSOLUTE
    RTE\Device\STM32F103ZE\startup_stm32f10x_hd.s 0x00000000   Number         0  startup_stm32f10x_hd.o ABSOLUTE
    RTE\Device\STM32F103ZE\system_stm32f10x.c 0x00000000   Number         0  system_stm32f10x.o ABSOLUTE
    RTE\\Device\\STM32F103ZE\\system_stm32f10x.c 0x00000000   Number         0  system_stm32f10x.o ABSOLUTE
    cdrcmple.s                               0x00000000   Number         0  cdrcmple.o ABSOLUTE
    dc.s                                     0x00000000   Number         0  dc.o ABSOLUTE
    handlers.s                               0x00000000   Number         0  handlers.o ABSOLUTE
    init.s                                   0x00000000   Number         0  init.o ABSOLUTE
    RESET                                    0x08000000   Section      304  startup_stm32f10x_hd.o(RESET)
    .ARM.Collect$$$$00000000                 0x08000130   Section        0  entry.o(.ARM.Collect$$$$00000000)
    .ARM.Collect$$$$00000001                 0x08000130   Section        4  entry2.o(.ARM.Collect$$$$00000001)
    .ARM.Collect$$$$00000004                 0x08000134   Section        4  entry5.o(.ARM.Collect$$$$00000004)
    .ARM.Collect$$$$00000008                 0x08000138   Section        0  entry7b.o(.ARM.Collect$$$$00000008)
    .ARM.Collect$$$$0000000A                 0x08000138   Section        0  entry8b.o(.ARM.Collect$$$$0000000A)
    .ARM.Collect$$$$0000000B                 0x08000138   Section        8  entry9a.o(.ARM.Collect$$$$0000000B)
    .ARM.Collect$$$$0000000D                 0x08000140   Section        0  entry10a.o(.ARM.Collect$$$$0000000D)
    .ARM.Collect$$$$0000000F                 0x08000140   Section        0  entry11a.o(.ARM.Collect$$$$0000000F)
    .ARM.Collect$$$$00002712                 0x08000140   Section        4  entry2.o(.ARM.Collect$$$$00002712)
    __lit__00000000                          0x08000140   Data           4  entry2.o(.ARM.Collect$$$$00002712)
    .text                                    0x08000144   Section        0  main.o(.text)
    sw_delay_us                              0x08000145   Thumb Code   144  main.o(.text)
    tasksens                                 0x080001d5   Thumb Code    12  main.o(.text)
    tasklcd1                                 0x0800028d   Thumb Code  1370  main.o(.text)
    tasktime                                 0x080007f7   Thumb Code   282  main.o(.text)
    taskwifi                                 0x08000911   Thumb Code   152  main.o(.text)
    taskbutton                               0x080009a9   Thumb Code   732  main.o(.text)
    startup_task                             0x08000cb7   Thumb Code   168  main.o(.text)
    sw_delay_ms                              0x08000f09   Thumb Code    18  main.o(.text)
    .text                                    0x0800100c   Section        0  stm32f10x_it.o(.text)
    .text                                    0x08001028   Section        0  misc.o(.text)
    .text                                    0x08001104   Section        0  stm32f10x_exti.o(.text)
    .text                                    0x08001220   Section        0  stm32f10x_fsmc.o(.text)
    .text                                    0x0800182c   Section        0  stm32f10x_gpio.o(.text)
    .text                                    0x08001b88   Section        0  stm32f10x_rcc.o(.text)
    .text                                    0x08001f2c   Section        0  stm32f10x_spi.o(.text)
    .text                                    0x08002238   Section        0  stm32f10x_usart.o(.text)
    .text                                    0x08002640   Section        0  os_core.o(.text)
    OS_SchedNew                              0x080027b5   Thumb Code    26  os_core.o(.text)
    OS_InitTaskStat                          0x08002c4d   Thumb Code    52  os_core.o(.text)
    OS_InitTaskIdle                          0x08002ca1   Thumb Code    52  os_core.o(.text)
    OS_InitEventList                         0x08002ce7   Thumb Code    70  os_core.o(.text)
    OS_InitTCBList                           0x08002d2d   Thumb Code    86  os_core.o(.text)
    OS_InitRdyList                           0x08002d83   Thumb Code    46  os_core.o(.text)
    OS_InitMisc                              0x08002db1   Thumb Code    44  os_core.o(.text)
    .text                                    0x080033a0   Section        0  os_flag.o(.text)
    OS_FlagTaskRdy                           0x08003533   Thumb Code    82  os_flag.o(.text)
    OS_FlagBlock                             0x0800375b   Thumb Code   152  os_flag.o(.text)
    .text                                    0x08003c58   Section        0  os_mem.o(.text)
    .text                                    0x08003ee0   Section        0  os_q.o(.text)
    .text                                    0x08004548   Section        0  os_sem.o(.text)
    .text                                    0x08004958   Section        0  os_task.o(.text)
    .text                                    0x080051e0   Section        0  os_time.o(.text)
    .text                                    0x080053d0   Section        0  os_tmr.o(.text)
    OSTmr_Unlock                             0x080053d1   Thumb Code    12  os_tmr.o(.text)
    OSTmr_Alloc                              0x080053dd   Thumb Code    50  os_tmr.o(.text)
    OSTmr_Lock                               0x0800540f   Thumb Code    16  os_tmr.o(.text)
    OSTmr_Free                               0x080054e7   Thumb Code    66  os_tmr.o(.text)
    OSTmr_Unlink                             0x08005529   Thumb Code    62  os_tmr.o(.text)
    OSTmr_Link                               0x080057a1   Thumb Code   130  os_tmr.o(.text)
    OSTmr_Task                               0x0800598b   Thumb Code   112  os_tmr.o(.text)
    OSTmr_InitTask                           0x080059fb   Thumb Code    50  os_tmr.o(.text)
    .text                                    0x08005b28   Section      164  os_cpu_a.o(.text)
    .text                                    0x08005bcc   Section        0  os_cpu_c.o(.text)
    .text                                    0x08005d04   Section        0  os_dbg.o(.text)
    .text                                    0x08005e18   Section        0  oled.o(.text)
    sw_delay_us                              0x08005e19   Thumb Code   144  oled.o(.text)
    sw_delay_ms                              0x08006337   Thumb Code    18  oled.o(.text)
    .text                                    0x08006348   Section        0  esp8266.o(.text)
    .text                                    0x08006510   Section        0  user_exti.o(.text)
    .text                                    0x080065a0   Section        0  led.o(.text)
    .text                                    0x080066e4   Section        0  user_ili9341_lcd.o(.text)
    sw_delay_us                              0x080066e5   Thumb Code   144  user_ili9341_lcd.o(.text)
    sw_delay_ms                              0x08006e31   Thumb Code    18  user_ili9341_lcd.o(.text)
    .text                                    0x08006e4c   Section        0  ov7670.o(.text)
    sw_delay_us                              0x08006e4d   Thumb Code   144  ov7670.o(.text)
    .text                                    0x0800727c   Section        0  sccb.o(.text)
    sw_delay_us                              0x0800727d   Thumb Code   144  sccb.o(.text)
    .text                                    0x08007590   Section        0  user_usart.o(.text)
    .text                                    0x080076bc   Section       36  startup_stm32f10x_hd.o(.text)
    .text                                    0x080076e0   Section        0  system_stm32f10x.o(.text)
    SetSysClockTo72                          0x080076e1   Thumb Code   214  system_stm32f10x.o(.text)
    SetSysClock                              0x080077b7   Thumb Code     8  system_stm32f10x.o(.text)
    .text                                    0x080078c0   Section        0  strcat.o(.text)
    .text                                    0x080078d8   Section        0  strstr.o(.text)
    .text                                    0x080078fc   Section        0  strlen.o(.text)
    .text                                    0x0800790a   Section        0  uidiv.o(.text)
    .text                                    0x08007938   Section       36  init.o(.text)
    .text                                    0x0800795c   Section        0  __dczerorl2.o(.text)
    i.__0printf$1                            0x080079b4   Section        0  printf1.o(i.__0printf$1)
    i.__0sprintf$1                           0x080079d4   Section        0  printf1.o(i.__0sprintf$1)
    i.__scatterload_copy                     0x080079fc   Section       14  handlers.o(i.__scatterload_copy)
    i.__scatterload_null                     0x08007a0a   Section        2  handlers.o(i.__scatterload_null)
    i.__scatterload_zeroinit                 0x08007a0c   Section       14  handlers.o(i.__scatterload_zeroinit)
    i._printf_core                           0x08007a1c   Section        0  printf1.o(i._printf_core)
    _printf_core                             0x08007a1d   Thumb Code   336  printf1.o(i._printf_core)
    i._sputc                                 0x08007b70   Section        0  printf1.o(i._sputc)
    _sputc                                   0x08007b71   Thumb Code    10  printf1.o(i._sputc)
    .constdata                               0x08007b7a   Section      256  os_core.o(.constdata)
    .constdata                               0x08007c7c   Section       94  os_dbg.o(.constdata)
    .constdata                               0x08007cda   Section     1140  user_ili9341_lcd.o(.constdata)
    .constdata                               0x0800814e   Section      336  ov7670.o(.constdata)
    .data                                    0x20000000   Section       64  main.o(.data)
    .data                                    0x20000040   Section       20  stm32f10x_rcc.o(.data)
    APBAHBPrescTable                         0x20000040   Data          16  stm32f10x_rcc.o(.data)
    ADCPrescTable                            0x20000050   Data           4  stm32f10x_rcc.o(.data)
    .data                                    0x20000054   Section       92  os_core.o(.data)
    .data                                    0x200000b0   Section        2  os_cpu_c.o(.data)
    OSTmrCtr                                 0x200000b0   Data           2  os_cpu_c.o(.data)
    .data                                    0x200000b2   Section     3728  oledfont.o(.data)
    .data                                    0x20000f42   Section        1  esp8266.o(.data)
    .data                                    0x20000f43   Section        1  user_exti.o(.data)
    .data                                    0x20000f44   Section       20  system_stm32f10x.o(.data)
    .data                                    0x20000f58   Section        4  stdout.o(.data)
    .bss                                     0x20000f5c   Section     3327  main.o(.bss)
    taskbutton_stk                           0x20000f5c   Data         512  main.o(.bss)
    taskwifi_stk                             0x2000115c   Data         512  main.o(.bss)
    tasklcd1_stk                             0x2000135c   Data         512  main.o(.bss)
    tasktime_stk                             0x2000155c   Data         512  main.o(.bss)
    tasksens_stk                             0x2000175c   Data        1024  main.o(.bss)
    .bss                                     0x20001c5c   Section     4952  os_core.o(.bss)
    .bss                                     0x20002fb4   Section       50  esp8266.o(.bss)
    STACK                                    0x20002fe8   Section     1024  startup_stm32f10x_hd.o(STACK)

    Global Symbols

    Symbol Name                              Value     Ov Type        Size  Object(Section)

    BuildAttributes$$THM_ISAv4$P$D$K$B$S$PE$A:L22UL41UL21$X:L11$S22US41US21$IEEE1$IW$USESV6$~STKCKD$USESV7$~SHL$OTIME$ROPI$EBA8$MICROLIB$REQ8$PRES8$EABIv2 0x00000000   Number         0  anon$$obj.o ABSOLUTE
    __ARM_use_no_argv                        0x00000000   Number         0  main.o ABSOLUTE
    _printf_a                                0x00000000   Number         0  stubs.o ABSOLUTE
    _printf_c                                0x00000000   Number         0  stubs.o ABSOLUTE
    _printf_charcount                        0x00000000   Number         0  stubs.o ABSOLUTE
    _printf_d                                0x00000000   Number         0  stubs.o ABSOLUTE
    _printf_e                                0x00000000   Number         0  stubs.o ABSOLUTE
    _printf_f                                0x00000000   Number         0  stubs.o ABSOLUTE
    _printf_flags                            0x00000000   Number         0  stubs.o ABSOLUTE
    _printf_fp_dec                           0x00000000   Number         0  stubs.o ABSOLUTE
    _printf_fp_hex                           0x00000000   Number         0  stubs.o ABSOLUTE
    _printf_g                                0x00000000   Number         0  stubs.o ABSOLUTE
    _printf_i                                0x00000000   Number         0  stubs.o ABSOLUTE
    _printf_int_dec                          0x00000000   Number         0  stubs.o ABSOLUTE
    _printf_l                                0x00000000   Number         0  stubs.o ABSOLUTE
    _printf_lc                               0x00000000   Number         0  stubs.o ABSOLUTE
    _printf_ll                               0x00000000   Number         0  stubs.o ABSOLUTE
    _printf_lld                              0x00000000   Number         0  stubs.o ABSOLUTE
    _printf_lli                              0x00000000   Number         0  stubs.o ABSOLUTE
    _printf_llo                              0x00000000   Number         0  stubs.o ABSOLUTE
    _printf_llu                              0x00000000   Number         0  stubs.o ABSOLUTE
    _printf_llx                              0x00000000   Number         0  stubs.o ABSOLUTE
    _printf_longlong_dec                     0x00000000   Number         0  stubs.o ABSOLUTE
    _printf_longlong_hex                     0x00000000   Number         0  stubs.o ABSOLUTE
    _printf_longlong_oct                     0x00000000   Number         0  stubs.o ABSOLUTE
    _printf_ls                               0x00000000   Number         0  stubs.o ABSOLUTE
    _printf_mbtowc                           0x00000000   Number         0  stubs.o ABSOLUTE
    _printf_n                                0x00000000   Number         0  stubs.o ABSOLUTE
    _printf_o                                0x00000000   Number         0  stubs.o ABSOLUTE
    _printf_p                                0x00000000   Number         0  stubs.o ABSOLUTE
    _printf_percent                          0x00000000   Number         0  stubs.o ABSOLUTE
    _printf_pre_padding                      0x00000000   Number         0  stubs.o ABSOLUTE
    _printf_return_value                     0x00000000   Number         0  stubs.o ABSOLUTE
    _printf_s                                0x00000000   Number         0  stubs.o ABSOLUTE
    _printf_sizespec                         0x00000000   Number         0  stubs.o ABSOLUTE
    _printf_str                              0x00000000   Number         0  stubs.o ABSOLUTE
    _printf_truncate_signed                  0x00000000   Number         0  stubs.o ABSOLUTE
    _printf_truncate_unsigned                0x00000000   Number         0  stubs.o ABSOLUTE
    _printf_u                                0x00000000   Number         0  stubs.o ABSOLUTE
    _printf_wc                               0x00000000   Number         0  stubs.o ABSOLUTE
    _printf_wctomb                           0x00000000   Number         0  stubs.o ABSOLUTE
    _printf_widthprec                        0x00000000   Number         0  stubs.o ABSOLUTE
    _printf_x                                0x00000000   Number         0  stubs.o ABSOLUTE
    __cpp_initialize__aeabi_                  - Undefined Weak Reference
    __cxa_finalize                            - Undefined Weak Reference
    _clock_init                               - Undefined Weak Reference
    _microlib_exit                            - Undefined Weak Reference
    __Vectors_Size                           0x00000130   Number         0  startup_stm32f10x_hd.o ABSOLUTE
    __Vectors                                0x08000000   Data           4  startup_stm32f10x_hd.o(RESET)
    __Vectors_End                            0x08000130   Data           0  startup_stm32f10x_hd.o(RESET)
    __main                                   0x08000131   Thumb Code     0  entry.o(.ARM.Collect$$$$00000000)
    _main_stk                                0x08000131   Thumb Code     0  entry2.o(.ARM.Collect$$$$00000001)
    _main_scatterload                        0x08000135   Thumb Code     0  entry5.o(.ARM.Collect$$$$00000004)
    __main_after_scatterload                 0x08000139   Thumb Code     0  entry5.o(.ARM.Collect$$$$00000004)
    _main_clock                              0x08000139   Thumb Code     0  entry7b.o(.ARM.Collect$$$$00000008)
    _main_cpp_init                           0x08000139   Thumb Code     0  entry8b.o(.ARM.Collect$$$$0000000A)
    _main_init                               0x08000139   Thumb Code     0  entry9a.o(.ARM.Collect$$$$0000000B)
    __rt_final_cpp                           0x08000141   Thumb Code     0  entry10a.o(.ARM.Collect$$$$0000000D)
    __rt_final_exit                          0x08000141   Thumb Code     0  entry11a.o(.ARM.Collect$$$$0000000F)
    OV7670_tftlcd                            0x080001e1   Thumb Code   172  main.o(.text)
    delay                                    0x080007e7   Thumb Code    16  main.o(.text)
    GPIO_Config                              0x08000c85   Thumb Code    50  main.o(.text)
    main                                     0x08000d5f   Thumb Code   426  main.o(.text)
    NMI_Handler                              0x0800100d   Thumb Code     2  stm32f10x_it.o(.text)
    HardFault_Handler                        0x0800100f   Thumb Code     4  stm32f10x_it.o(.text)
    MemManage_Handler                        0x08001013   Thumb Code     4  stm32f10x_it.o(.text)
    BusFault_Handler                         0x08001017   Thumb Code     4  stm32f10x_it.o(.text)
    UsageFault_Handler                       0x0800101b   Thumb Code     4  stm32f10x_it.o(.text)
    SVC_Handler                              0x0800101f   Thumb Code     2  stm32f10x_it.o(.text)
    DebugMon_Handler                         0x08001021   Thumb Code     2  stm32f10x_it.o(.text)
    PendSV_Handler                           0x08001023   Thumb Code     2  stm32f10x_it.o(.text)
    SysTick_Handler                          0x08001025   Thumb Code     2  stm32f10x_it.o(.text)
    NVIC_PriorityGroupConfig                 0x08001029   Thumb Code    10  misc.o(.text)
    NVIC_Init                                0x08001033   Thumb Code   100  misc.o(.text)
    NVIC_SetVectorTable                      0x08001097   Thumb Code    14  misc.o(.text)
    NVIC_SystemLPConfig                      0x080010a5   Thumb Code    34  misc.o(.text)
    SysTick_CLKSourceConfig                  0x080010c7   Thumb Code    40  misc.o(.text)
    EXTI_DeInit                              0x08001105   Thumb Code    28  stm32f10x_exti.o(.text)
    EXTI_Init                                0x08001121   Thumb Code   142  stm32f10x_exti.o(.text)
    EXTI_StructInit                          0x080011af   Thumb Code    16  stm32f10x_exti.o(.text)
    EXTI_GenerateSWInterrupt                 0x080011bf   Thumb Code    16  stm32f10x_exti.o(.text)
    EXTI_GetFlagStatus                       0x080011cf   Thumb Code    22  stm32f10x_exti.o(.text)
    EXTI_ClearFlag                           0x080011e5   Thumb Code     8  stm32f10x_exti.o(.text)
    EXTI_GetITStatus                         0x080011ed   Thumb Code    34  stm32f10x_exti.o(.text)
    EXTI_ClearITPendingBit                   0x0800120f   Thumb Code     8  stm32f10x_exti.o(.text)
    FSMC_NORSRAMDeInit                       0x08001221   Thumb Code    54  stm32f10x_fsmc.o(.text)
    FSMC_NANDDeInit                          0x08001257   Thumb Code    62  stm32f10x_fsmc.o(.text)
    FSMC_PCCARDDeInit                        0x08001295   Thumb Code    36  stm32f10x_fsmc.o(.text)
    FSMC_NORSRAMInit                         0x080012b9   Thumb Code   230  stm32f10x_fsmc.o(.text)
    FSMC_NANDInit                            0x0800139f   Thumb Code   132  stm32f10x_fsmc.o(.text)
    FSMC_PCCARDInit                          0x08001423   Thumb Code   130  stm32f10x_fsmc.o(.text)
    FSMC_NORSRAMStructInit                   0x080014a5   Thumb Code   114  stm32f10x_fsmc.o(.text)
    FSMC_NANDStructInit                      0x08001517   Thumb Code    54  stm32f10x_fsmc.o(.text)
    FSMC_PCCARDStructInit                    0x0800154d   Thumb Code    60  stm32f10x_fsmc.o(.text)
    FSMC_NORSRAMCmd                          0x08001589   Thumb Code    46  stm32f10x_fsmc.o(.text)
    FSMC_NANDCmd                             0x080015b7   Thumb Code    86  stm32f10x_fsmc.o(.text)
    FSMC_PCCARDCmd                           0x0800160d   Thumb Code    44  stm32f10x_fsmc.o(.text)
    FSMC_NANDECCCmd                          0x08001639   Thumb Code    90  stm32f10x_fsmc.o(.text)
    FSMC_GetECC                              0x08001693   Thumb Code    24  stm32f10x_fsmc.o(.text)
    FSMC_ITConfig                            0x080016ab   Thumb Code   128  stm32f10x_fsmc.o(.text)
    FSMC_GetFlagStatus                       0x0800172b   Thumb Code    54  stm32f10x_fsmc.o(.text)
    FSMC_ClearFlag                           0x08001761   Thumb Code    62  stm32f10x_fsmc.o(.text)
    FSMC_GetITStatus                         0x0800179f   Thumb Code    64  stm32f10x_fsmc.o(.text)
    FSMC_ClearITPendingBit                   0x080017df   Thumb Code    68  stm32f10x_fsmc.o(.text)
    GPIO_DeInit                              0x0800182d   Thumb Code   172  stm32f10x_gpio.o(.text)
    GPIO_AFIODeInit                          0x080018d9   Thumb Code    20  stm32f10x_gpio.o(.text)
    GPIO_Init                                0x080018ed   Thumb Code   278  stm32f10x_gpio.o(.text)
    GPIO_StructInit                          0x08001a03   Thumb Code    16  stm32f10x_gpio.o(.text)
    GPIO_ReadInputDataBit                    0x08001a13   Thumb Code    18  stm32f10x_gpio.o(.text)
    GPIO_ReadInputData                       0x08001a25   Thumb Code     8  stm32f10x_gpio.o(.text)
    GPIO_ReadOutputDataBit                   0x08001a2d   Thumb Code    18  stm32f10x_gpio.o(.text)
    GPIO_ReadOutputData                      0x08001a3f   Thumb Code     8  stm32f10x_gpio.o(.text)
    GPIO_SetBits                             0x08001a47   Thumb Code     4  stm32f10x_gpio.o(.text)
    GPIO_ResetBits                           0x08001a4b   Thumb Code     4  stm32f10x_gpio.o(.text)
    GPIO_WriteBit                            0x08001a4f   Thumb Code    10  stm32f10x_gpio.o(.text)
    GPIO_Write                               0x08001a59   Thumb Code     4  stm32f10x_gpio.o(.text)
    GPIO_PinLockConfig                       0x08001a5d   Thumb Code    18  stm32f10x_gpio.o(.text)
    GPIO_EventOutputConfig                   0x08001a6f   Thumb Code    26  stm32f10x_gpio.o(.text)
    GPIO_EventOutputCmd                      0x08001a89   Thumb Code     6  stm32f10x_gpio.o(.text)
    GPIO_PinRemapConfig                      0x08001a8f   Thumb Code   138  stm32f10x_gpio.o(.text)
    GPIO_EXTILineConfig                      0x08001b19   Thumb Code    66  stm32f10x_gpio.o(.text)
    GPIO_ETH_MediaInterfaceConfig            0x08001b5b   Thumb Code     8  stm32f10x_gpio.o(.text)
    RCC_DeInit                               0x08001b89   Thumb Code    64  stm32f10x_rcc.o(.text)
    RCC_HSEConfig                            0x08001bc9   Thumb Code    70  stm32f10x_rcc.o(.text)
    RCC_GetFlagStatus                        0x08001c0f   Thumb Code    56  stm32f10x_rcc.o(.text)
    RCC_WaitForHSEStartUp                    0x08001c47   Thumb Code    56  stm32f10x_rcc.o(.text)
    RCC_AdjustHSICalibrationValue            0x08001c7f   Thumb Code    20  stm32f10x_rcc.o(.text)
    RCC_HSICmd                               0x08001c93   Thumb Code     6  stm32f10x_rcc.o(.text)
    RCC_PLLConfig                            0x08001c99   Thumb Code    24  stm32f10x_rcc.o(.text)
    RCC_PLLCmd                               0x08001cb1   Thumb Code     6  stm32f10x_rcc.o(.text)
    RCC_SYSCLKConfig                         0x08001cb7   Thumb Code    18  stm32f10x_rcc.o(.text)
    RCC_GetSYSCLKSource                      0x08001cc9   Thumb Code    10  stm32f10x_rcc.o(.text)
    RCC_HCLKConfig                           0x08001cd3   Thumb Code    18  stm32f10x_rcc.o(.text)
    RCC_PCLK1Config                          0x08001ce5   Thumb Code    18  stm32f10x_rcc.o(.text)
    RCC_PCLK2Config                          0x08001cf7   Thumb Code    20  stm32f10x_rcc.o(.text)
    RCC_ITConfig                             0x08001d0b   Thumb Code    26  stm32f10x_rcc.o(.text)
    RCC_USBCLKConfig                         0x08001d25   Thumb Code     8  stm32f10x_rcc.o(.text)
    RCC_ADCCLKConfig                         0x08001d2d   Thumb Code    18  stm32f10x_rcc.o(.text)
    RCC_LSEConfig                            0x08001d3f   Thumb Code    50  stm32f10x_rcc.o(.text)
    RCC_LSICmd                               0x08001d71   Thumb Code     6  stm32f10x_rcc.o(.text)
    RCC_RTCCLKConfig                         0x08001d77   Thumb Code    12  stm32f10x_rcc.o(.text)
    RCC_RTCCLKCmd                            0x08001d83   Thumb Code     8  stm32f10x_rcc.o(.text)
    RCC_GetClocksFreq                        0x08001d8b   Thumb Code   192  stm32f10x_rcc.o(.text)
    RCC_AHBPeriphClockCmd                    0x08001e4b   Thumb Code    26  stm32f10x_rcc.o(.text)
    RCC_APB2PeriphClockCmd                   0x08001e65   Thumb Code    26  stm32f10x_rcc.o(.text)
    RCC_APB1PeriphClockCmd                   0x08001e7f   Thumb Code    26  stm32f10x_rcc.o(.text)
    RCC_APB2PeriphResetCmd                   0x08001e99   Thumb Code    26  stm32f10x_rcc.o(.text)
    RCC_APB1PeriphResetCmd                   0x08001eb3   Thumb Code    26  stm32f10x_rcc.o(.text)
    RCC_BackupResetCmd                       0x08001ecd   Thumb Code     8  stm32f10x_rcc.o(.text)
    RCC_ClockSecuritySystemCmd               0x08001ed5   Thumb Code     6  stm32f10x_rcc.o(.text)
    RCC_MCOConfig                            0x08001edb   Thumb Code     6  stm32f10x_rcc.o(.text)
    RCC_ClearFlag                            0x08001ee1   Thumb Code    14  stm32f10x_rcc.o(.text)
    RCC_GetITStatus                          0x08001eef   Thumb Code    20  stm32f10x_rcc.o(.text)
    RCC_ClearITPendingBit                    0x08001f03   Thumb Code     6  stm32f10x_rcc.o(.text)
    SPI_I2S_DeInit                           0x08001f2d   Thumb Code    76  stm32f10x_spi.o(.text)
    SPI_Init                                 0x08001f79   Thumb Code    60  stm32f10x_spi.o(.text)
    I2S_Init                                 0x08001fb5   Thumb Code   226  stm32f10x_spi.o(.text)
    SPI_StructInit                           0x08002097   Thumb Code    24  stm32f10x_spi.o(.text)
    I2S_StructInit                           0x080020af   Thumb Code    20  stm32f10x_spi.o(.text)
    SPI_Cmd                                  0x080020c3   Thumb Code    24  stm32f10x_spi.o(.text)
    I2S_Cmd                                  0x080020db   Thumb Code    24  stm32f10x_spi.o(.text)
    SPI_I2S_ITConfig                         0x080020f3   Thumb Code    32  stm32f10x_spi.o(.text)
    SPI_I2S_DMACmd                           0x08002113   Thumb Code    18  stm32f10x_spi.o(.text)
    SPI_I2S_SendData                         0x08002125   Thumb Code     4  stm32f10x_spi.o(.text)
    SPI_I2S_ReceiveData                      0x08002129   Thumb Code     6  stm32f10x_spi.o(.text)
    SPI_NSSInternalSoftwareConfig            0x0800212f   Thumb Code    30  stm32f10x_spi.o(.text)
    SPI_SSOutputCmd                          0x0800214d   Thumb Code    24  stm32f10x_spi.o(.text)
    SPI_DataSizeConfig                       0x08002165   Thumb Code    18  stm32f10x_spi.o(.text)
    SPI_TransmitCRC                          0x08002177   Thumb Code    10  stm32f10x_spi.o(.text)
    SPI_CalculateCRC                         0x08002181   Thumb Code    24  stm32f10x_spi.o(.text)
    SPI_GetCRC                               0x08002199   Thumb Code    16  stm32f10x_spi.o(.text)
    SPI_GetCRCPolynomial                     0x080021a9   Thumb Code     6  stm32f10x_spi.o(.text)
    SPI_BiDirectionalLineConfig              0x080021af   Thumb Code    28  stm32f10x_spi.o(.text)
    SPI_I2S_GetFlagStatus                    0x080021cb   Thumb Code    18  stm32f10x_spi.o(.text)
    SPI_I2S_ClearFlag                        0x080021dd   Thumb Code     6  stm32f10x_spi.o(.text)
    SPI_I2S_GetITStatus                      0x080021e3   Thumb Code    52  stm32f10x_spi.o(.text)
    SPI_I2S_ClearITPendingBit                0x08002217   Thumb Code    20  stm32f10x_spi.o(.text)
    USART_DeInit                             0x08002239   Thumb Code   134  stm32f10x_usart.o(.text)
    USART_Init                               0x080022bf   Thumb Code   210  stm32f10x_usart.o(.text)
    USART_StructInit                         0x08002391   Thumb Code    24  stm32f10x_usart.o(.text)
    USART_ClockInit                          0x080023a9   Thumb Code    34  stm32f10x_usart.o(.text)
    USART_ClockStructInit                    0x080023cb   Thumb Code    12  stm32f10x_usart.o(.text)
    USART_Cmd                                0x080023d7   Thumb Code    24  stm32f10x_usart.o(.text)
    USART_ITConfig                           0x080023ef   Thumb Code    74  stm32f10x_usart.o(.text)
    USART_DMACmd                             0x08002439   Thumb Code    18  stm32f10x_usart.o(.text)
    USART_SetAddress                         0x0800244b   Thumb Code    18  stm32f10x_usart.o(.text)
    USART_WakeUpConfig                       0x0800245d   Thumb Code    18  stm32f10x_usart.o(.text)
    USART_ReceiverWakeUpCmd                  0x0800246f   Thumb Code    24  stm32f10x_usart.o(.text)
    USART_LINBreakDetectLengthConfig         0x08002487   Thumb Code    18  stm32f10x_usart.o(.text)
    USART_LINCmd                             0x08002499   Thumb Code    24  stm32f10x_usart.o(.text)
    USART_SendData                           0x080024b1   Thumb Code     8  stm32f10x_usart.o(.text)
    USART_ReceiveData                        0x080024b9   Thumb Code    10  stm32f10x_usart.o(.text)
    USART_SendBreak                          0x080024c3   Thumb Code    10  stm32f10x_usart.o(.text)
    USART_SetGuardTime                       0x080024cd   Thumb Code    16  stm32f10x_usart.o(.text)
    USART_SetPrescaler                       0x080024dd   Thumb Code    16  stm32f10x_usart.o(.text)
    USART_SmartCardCmd                       0x080024ed   Thumb Code    24  stm32f10x_usart.o(.text)
    USART_SmartCardNACKCmd                   0x08002505   Thumb Code    24  stm32f10x_usart.o(.text)
    USART_HalfDuplexCmd                      0x0800251d   Thumb Code    24  stm32f10x_usart.o(.text)
    USART_OverSampling8Cmd                   0x08002535   Thumb Code    22  stm32f10x_usart.o(.text)
    USART_OneBitMethodCmd                    0x0800254b   Thumb Code    24  stm32f10x_usart.o(.text)
    USART_IrDAConfig                         0x08002563   Thumb Code    18  stm32f10x_usart.o(.text)
    USART_IrDACmd                            0x08002575   Thumb Code    24  stm32f10x_usart.o(.text)
    USART_GetFlagStatus                      0x0800258d   Thumb Code    26  stm32f10x_usart.o(.text)
    USART_ClearFlag                          0x080025a7   Thumb Code    18  stm32f10x_usart.o(.text)
    USART_GetITStatus                        0x080025b9   Thumb Code    84  stm32f10x_usart.o(.text)
    USART_ClearITPendingBit                  0x0800260d   Thumb Code    52  stm32f10x_usart.o(.text)
    OS_StrCopy                               0x08002641   Thumb Code    28  os_core.o(.text)
    OSEventNameGet                           0x0800265d   Thumb Code   126  os_core.o(.text)
    OS_StrLen                                0x080026db   Thumb Code    20  os_core.o(.text)
    OSEventNameSet                           0x080026ef   Thumb Code   140  os_core.o(.text)
    OS_EventTaskRemoveMulti                  0x0800277b   Thumb Code    58  os_core.o(.text)
    OS_Sched                                 0x080027cf   Thumb Code    86  os_core.o(.text)
    OS_EventTaskWaitMulti                    0x08002825   Thumb Code   136  os_core.o(.text)
    OSEventPendMulti                         0x080028ad   Thumb Code   760  os_core.o(.text)
    OS_TaskStatStkChk                        0x08002ba5   Thumb Code    54  os_core.o(.text)
    OS_TaskStat                              0x08002bdb   Thumb Code   114  os_core.o(.text)
    OS_TaskIdle                              0x08002c81   Thumb Code    32  os_core.o(.text)
    OS_MemClr                                0x08002cd5   Thumb Code    18  os_core.o(.text)
    OSInit                                   0x08002ddd   Thumb Code    56  os_core.o(.text)
    OSIntEnter                               0x08002e15   Thumb Code    28  os_core.o(.text)
    OSIntExit                                0x08002e31   Thumb Code   252  os_core.o(.text)
    OSSchedLock                              0x08002f2d   Thumb Code    50  os_core.o(.text)
    OSSchedUnlock                            0x08002f5f   Thumb Code    84  os_core.o(.text)
    OSStart                                  0x08002fb3   Thumb Code    48  os_core.o(.text)
    OSStatInit                               0x08002fe3   Thumb Code    62  os_core.o(.text)
    OSTimeTick                               0x08003021   Thumb Code   210  os_core.o(.text)
    OSVersion                                0x080030f3   Thumb Code     6  os_core.o(.text)
    OS_Dummy                                 0x080030f9   Thumb Code     2  os_core.o(.text)
    OS_EventTaskRemove                       0x080030fb   Thumb Code    42  os_core.o(.text)
    OS_EventTaskRdy                          0x08003125   Thumb Code   128  os_core.o(.text)
    OS_EventTaskWait                         0x080031a5   Thumb Code   112  os_core.o(.text)
    OS_EventWaitListInit                     0x08003215   Thumb Code    28  os_core.o(.text)
    OS_MemCopy                               0x08003231   Thumb Code    20  os_core.o(.text)
    OS_TCBInit                               0x08003245   Thumb Code   340  os_core.o(.text)
    OSFlagAccept                             0x080033a1   Thumb Code   268  os_flag.o(.text)
    OSFlagCreate                             0x080034ad   Thumb Code    98  os_flag.o(.text)
    OS_FlagUnlink                            0x0800350f   Thumb Code    36  os_flag.o(.text)
    OSFlagDel                                0x08003585   Thumb Code   240  os_flag.o(.text)
    OSFlagNameGet                            0x08003675   Thumb Code   108  os_flag.o(.text)
    OSFlagNameSet                            0x080036e1   Thumb Code   122  os_flag.o(.text)
    OSFlagPend                               0x080037f3   Thumb Code   628  os_flag.o(.text)
    OSFlagPendGetFlagsRdy                    0x08003a67   Thumb Code    26  os_flag.o(.text)
    OSFlagPost                               0x08003a81   Thumb Code   326  os_flag.o(.text)
    OSFlagQuery                              0x08003bc7   Thumb Code    64  os_flag.o(.text)
    OS_FlagInit                              0x08003c07   Thumb Code    68  os_flag.o(.text)
    OSMemCreate                              0x08003c59   Thumb Code   166  os_mem.o(.text)
    OSMemGet                                 0x08003cff   Thumb Code    78  os_mem.o(.text)
    OSMemNameGet                             0x08003d4d   Thumb Code    88  os_mem.o(.text)
    OSMemNameSet                             0x08003da5   Thumb Code   104  os_mem.o(.text)
    OSMemPut                                 0x08003e0d   Thumb Code    66  os_mem.o(.text)
    OSMemQuery                               0x08003e4f   Thumb Code    64  os_mem.o(.text)
    OS_MemInit                               0x08003e8f   Thumb Code    68  os_mem.o(.text)
    OSQAccept                                0x08003ee1   Thumb Code   106  os_q.o(.text)
    OSQCreate                                0x08003f4b   Thumb Code   150  os_q.o(.text)
    OSQDel                                   0x08003fe1   Thumb Code   270  os_q.o(.text)
    OSQFlush                                 0x080040ef   Thumb Code    52  os_q.o(.text)
    OSQPend                                  0x08004123   Thumb Code   300  os_q.o(.text)
    OSQPendAbort                             0x0800424f   Thumb Code   144  os_q.o(.text)
    OSQPost                                  0x080042df   Thumb Code   142  os_q.o(.text)
    OSQPostFront                             0x0800436d   Thumb Code   122  os_q.o(.text)
    OSQPostOpt                               0x080043e7   Thumb Code   188  os_q.o(.text)
    OSQQuery                                 0x080044a3   Thumb Code   112  os_q.o(.text)
    OS_QInit                                 0x08004513   Thumb Code    46  os_q.o(.text)
    OSSemAccept                              0x08004549   Thumb Code    50  os_sem.o(.text)
    OSSemCreate                              0x0800457b   Thumb Code    78  os_sem.o(.text)
    OSSemDel                                 0x080045c9   Thumb Code   236  os_sem.o(.text)
    OSSemPend                                0x080046b5   Thumb Code   246  os_sem.o(.text)
    OSSemPendAbort                           0x080047ab   Thumb Code   144  os_sem.o(.text)
    OSSemPost                                0x0800483b   Thumb Code    94  os_sem.o(.text)
    OSSemQuery                               0x08004899   Thumb Code    94  os_sem.o(.text)
    OSSemSet                                 0x080048f7   Thumb Code    80  os_sem.o(.text)
    OSTaskChangePrio                         0x08004959   Thumb Code   418  os_task.o(.text)
    OSTaskCreate                             0x08004afb   Thumb Code   158  os_task.o(.text)
    OS_TaskStkClr                            0x08004b99   Thumb Code    26  os_task.o(.text)
    OSTaskCreateExt                          0x08004bb3   Thumb Code   180  os_task.o(.text)
    OSTaskDel                                0x08004c67   Thumb Code   366  os_task.o(.text)
    OSTaskDelReq                             0x08004dd5   Thumb Code   112  os_task.o(.text)
    OSTaskNameGet                            0x08004e45   Thumb Code   148  os_task.o(.text)
    OSTaskNameSet                            0x08004ed9   Thumb Code   160  os_task.o(.text)
    OSTaskResume                             0x08004f79   Thumb Code   162  os_task.o(.text)
    OSTaskStkChk                             0x0800501b   Thumb Code   150  os_task.o(.text)
    OSTaskSuspend                            0x080050b1   Thumb Code   172  os_task.o(.text)
    OSTaskQuery                              0x0800515d   Thumb Code   130  os_task.o(.text)
    OSTimeDly                                0x080051e1   Thumb Code    96  os_time.o(.text)
    OSTimeDlyHMSM                            0x08005241   Thumb Code   160  os_time.o(.text)
    OSTimeDlyResume                          0x080052e1   Thumb Code   168  os_time.o(.text)
    OSTimeGet                                0x08005389   Thumb Code    24  os_time.o(.text)
    OSTimeSet                                0x080053a1   Thumb Code    24  os_time.o(.text)
    OSTmrCreate                              0x0800541f   Thumb Code   200  os_tmr.o(.text)
    OSTmrDel                                 0x08005567   Thumb Code   142  os_tmr.o(.text)
    OSTmrNameGet                             0x080055f5   Thumb Code   142  os_tmr.o(.text)
    OSTmrRemainGet                           0x08005683   Thumb Code   182  os_tmr.o(.text)
    OSTmrStateGet                            0x08005739   Thumb Code   104  os_tmr.o(.text)
    OSTmrStart                               0x08005823   Thumb Code   146  os_tmr.o(.text)
    OSTmrStop                                0x080058b5   Thumb Code   198  os_tmr.o(.text)
    OSTmrSignal                              0x0800597b   Thumb Code    16  os_tmr.o(.text)
    OSTmr_Init                               0x08005a2d   Thumb Code   162  os_tmr.o(.text)
    OS_CPU_SR_Save                           0x08005b29   Thumb Code     0  os_cpu_a.o(.text)
    OS_CPU_SR_Restore                        0x08005b31   Thumb Code     0  os_cpu_a.o(.text)
    OSStartHighRdy                           0x08005b37   Thumb Code     0  os_cpu_a.o(.text)
    OSCtxSw                                  0x08005b57   Thumb Code     0  os_cpu_a.o(.text)
    OSIntCtxSw                               0x08005b61   Thumb Code     0  os_cpu_a.o(.text)
    OS_CPU_PendSVHandler                     0x08005b6b   Thumb Code     0  os_cpu_a.o(.text)
    OSInitHookBegin                          0x08005bcd   Thumb Code     8  os_cpu_c.o(.text)
    OSInitHookEnd                            0x08005bd5   Thumb Code     2  os_cpu_c.o(.text)
    OSTaskCreateHook                         0x08005bd7   Thumb Code     2  os_cpu_c.o(.text)
    OSTaskDelHook                            0x08005bd9   Thumb Code     2  os_cpu_c.o(.text)
    OSTaskIdleHook                           0x08005bdb   Thumb Code     2  os_cpu_c.o(.text)
    OSTaskStatHook                           0x08005bdd   Thumb Code     2  os_cpu_c.o(.text)
    OSTaskStkInit                            0x08005bdf   Thumb Code   154  os_cpu_c.o(.text)
    OSTaskSwHook                             0x08005c79   Thumb Code     2  os_cpu_c.o(.text)
    OSTCBInitHook                            0x08005c7b   Thumb Code     2  os_cpu_c.o(.text)
    OSTimeTickHook                           0x08005c7d   Thumb Code    30  os_cpu_c.o(.text)
    OS_CPU_SysTickHandler                    0x08005c9b   Thumb Code    34  os_cpu_c.o(.text)
    OS_CPU_SysTickInit                       0x08005cbd   Thumb Code    54  os_cpu_c.o(.text)
    OSDebugInit                              0x08005d05   Thumb Code    94  os_dbg.o(.text)
    SPI_GPIO_Init                            0x08005ea9   Thumb Code    96  oled.o(.text)
    SPI2_ReadWriteByte                       0x08005f09   Thumb Code   100  oled.o(.text)
    SPI2_Init                                0x08005f6d   Thumb Code   102  oled.o(.text)
    OLED_Set_Pos                             0x08005fd3   Thumb Code    46  oled.o(.text)
    OLED_Fill                                0x08006001   Thumb Code    66  oled.o(.text)
    OLED_ShowChar                            0x08006043   Thumb Code   106  oled.o(.text)
    LCD_P8x16Str                             0x080060ad   Thumb Code   134  oled.o(.text)
    LCD_P16x16Ch                             0x08006133   Thumb Code    84  oled.o(.text)
    OLED_DrawBMP                             0x08006187   Thumb Code   120  oled.o(.text)
    OLED_Init                                0x080061ff   Thumb Code   312  oled.o(.text)
    esp8266_init                             0x08006349   Thumb Code    96  esp8266.o(.text)
    USART3_Init                              0x080063a9   Thumb Code   144  esp8266.o(.text)
    USART3_SendByte                          0x08006439   Thumb Code    28  esp8266.o(.text)
    fputc                                    0x08006455   Thumb Code    32  esp8266.o(.text)
    fgetc                                    0x08006475   Thumb Code    26  esp8266.o(.text)
    Hand                                     0x0800648f   Thumb Code    22  esp8266.o(.text)
    CLR_Buf                                  0x080064a5   Thumb Code    26  esp8266.o(.text)
    USART3_IRQHandler                        0x080064bf   Thumb Code    62  esp8266.o(.text)
    OV7670_PA1_Init                          0x08006511   Thumb Code    76  user_exti.o(.text)
    EXTI1_IRQHandler                         0x0800655d   Thumb Code    56  user_exti.o(.text)
    leds_off                                 0x080065a1   Thumb Code    32  led.o(.text)
    leds_init                                0x080065c1   Thumb Code    76  led.o(.text)
    leds_on                                  0x0800660d   Thumb Code    32  led.o(.text)
    led_on                                   0x0800662d   Thumb Code    44  led.o(.text)
    led_off                                  0x08006659   Thumb Code    44  led.o(.text)
    led_toggle                               0x08006685   Thumb Code    66  led.o(.text)
    LCD_GPIO_Config                          0x08006775   Thumb Code   178  user_ili9341_lcd.o(.text)
    LCD_FSMC_Config                          0x08006827   Thumb Code    94  user_ili9341_lcd.o(.text)
    LCD_Rst                                  0x08006885   Thumb Code    36  user_ili9341_lcd.o(.text)
    LCD_REG_Config                           0x080068a9   Thumb Code   574  user_ili9341_lcd.o(.text)
    LCD_Init                                 0x08006ae7   Thumb Code    20  user_ili9341_lcd.o(.text)
    Lcd_GramScan                             0x08006afb   Thumb Code   222  user_ili9341_lcd.o(.text)
    LCD_Clear                                0x08006bd9   Thumb Code   106  user_ili9341_lcd.o(.text)
    LCD_SetCursor                            0x08006c43   Thumb Code    54  user_ili9341_lcd.o(.text)
    LCD_OpenWindow                           0x08006c79   Thumb Code    76  user_ili9341_lcd.o(.text)
    LCD_SetPoint                             0x08006cc5   Thumb Code    30  user_ili9341_lcd.o(.text)
    LCD_RD_data                              0x08006ce3   Thumb Code    34  user_ili9341_lcd.o(.text)
    LCD_GetPoint                             0x08006d05   Thumb Code    32  user_ili9341_lcd.o(.text)
    LCD_DispChar                             0x08006d25   Thumb Code   104  user_ili9341_lcd.o(.text)
    LCD_DispStr                              0x08006d8d   Thumb Code    60  user_ili9341_lcd.o(.text)
    LCD_DisNum                               0x08006dc9   Thumb Code   104  user_ili9341_lcd.o(.text)
    OV7670_Init                              0x08006edd   Thumb Code   314  ov7670.o(.text)
    OV7670_Light_Mode                        0x08007017   Thumb Code    92  ov7670.o(.text)
    OV7670_Color_Saturation                  0x08007073   Thumb Code   152  ov7670.o(.text)
    OV7670_Brightness                        0x0800710b   Thumb Code    50  ov7670.o(.text)
    OV7670_Contrast                          0x0800713d   Thumb Code    50  ov7670.o(.text)
    OV7670_Special_Effects                   0x0800716f   Thumb Code   106  ov7670.o(.text)
    OV7670_Window_Set                        0x080071d9   Thumb Code   138  ov7670.o(.text)
    SCCB_GPIO_Init                           0x0800730d   Thumb Code    64  sccb.o(.text)
    SCCB_SDA_OUT                             0x0800734d   Thumb Code    38  sccb.o(.text)
    SCCB_SDA_IN                              0x08007373   Thumb Code    38  sccb.o(.text)
    SCCB_Start                               0x08007399   Thumb Code    48  sccb.o(.text)
    SCCB_Stop                                0x080073c9   Thumb Code    46  sccb.o(.text)
    SCCB_No_Ack                              0x080073f7   Thumb Code    60  sccb.o(.text)
    SCCB_WriteAbyte                          0x08007433   Thumb Code   130  sccb.o(.text)
    SCCB_ReadAbyte                           0x080074b5   Thumb Code    76  sccb.o(.text)
    SCCB_Write_Reg                           0x08007501   Thumb Code    62  sccb.o(.text)
    SCCB_Read_Reg                            0x0800753f   Thumb Code    78  sccb.o(.text)
    USART1_Init                              0x08007591   Thumb Code   158  user_usart.o(.text)
    fputc_usart1                             0x0800762f   Thumb Code    32  user_usart.o(.text)
    fgetc_usart1                             0x0800764f   Thumb Code    26  user_usart.o(.text)
    USART1_SendByte                          0x08007669   Thumb Code    28  user_usart.o(.text)
    USART1_SendStr                           0x08007685   Thumb Code    22  user_usart.o(.text)
    USART1_IRQHandler                        0x0800769b   Thumb Code    26  user_usart.o(.text)
    Reset_Handler                            0x080076bd   Thumb Code     8  startup_stm32f10x_hd.o(.text)
    ADC1_2_IRQHandler                        0x080076d7   Thumb Code     0  startup_stm32f10x_hd.o(.text)
    ADC3_IRQHandler                          0x080076d7   Thumb Code     0  startup_stm32f10x_hd.o(.text)
    CAN1_RX1_IRQHandler                      0x080076d7   Thumb Code     0  startup_stm32f10x_hd.o(.text)
    CAN1_SCE_IRQHandler                      0x080076d7   Thumb Code     0  startup_stm32f10x_hd.o(.text)
    DMA1_Channel1_IRQHandler                 0x080076d7   Thumb Code     0  startup_stm32f10x_hd.o(.text)
    DMA1_Channel2_IRQHandler                 0x080076d7   Thumb Code     0  startup_stm32f10x_hd.o(.text)
    DMA1_Channel3_IRQHandler                 0x080076d7   Thumb Code     0  startup_stm32f10x_hd.o(.text)
    DMA1_Channel4_IRQHandler                 0x080076d7   Thumb Code     0  startup_stm32f10x_hd.o(.text)
    DMA1_Channel5_IRQHandler                 0x080076d7   Thumb Code     0  startup_stm32f10x_hd.o(.text)
    DMA1_Channel6_IRQHandler                 0x080076d7   Thumb Code     0  startup_stm32f10x_hd.o(.text)
    DMA1_Channel7_IRQHandler                 0x080076d7   Thumb Code     0  startup_stm32f10x_hd.o(.text)
    DMA2_Channel1_IRQHandler                 0x080076d7   Thumb Code     0  startup_stm32f10x_hd.o(.text)
    DMA2_Channel2_IRQHandler                 0x080076d7   Thumb Code     0  startup_stm32f10x_hd.o(.text)
    DMA2_Channel3_IRQHandler                 0x080076d7   Thumb Code     0  startup_stm32f10x_hd.o(.text)
    DMA2_Channel4_5_IRQHandler               0x080076d7   Thumb Code     0  startup_stm32f10x_hd.o(.text)
    EXTI0_IRQHandler                         0x080076d7   Thumb Code     0  startup_stm32f10x_hd.o(.text)
    EXTI15_10_IRQHandler                     0x080076d7   Thumb Code     0  startup_stm32f10x_hd.o(.text)
    EXTI2_IRQHandler                         0x080076d7   Thumb Code     0  startup_stm32f10x_hd.o(.text)
    EXTI3_IRQHandler                         0x080076d7   Thumb Code     0  startup_stm32f10x_hd.o(.text)
    EXTI4_IRQHandler                         0x080076d7   Thumb Code     0  startup_stm32f10x_hd.o(.text)
    EXTI9_5_IRQHandler                       0x080076d7   Thumb Code     0  startup_stm32f10x_hd.o(.text)
    FLASH_IRQHandler                         0x080076d7   Thumb Code     0  startup_stm32f10x_hd.o(.text)
    FSMC_IRQHandler                          0x080076d7   Thumb Code     0  startup_stm32f10x_hd.o(.text)
    I2C1_ER_IRQHandler                       0x080076d7   Thumb Code     0  startup_stm32f10x_hd.o(.text)
    I2C1_EV_IRQHandler                       0x080076d7   Thumb Code     0  startup_stm32f10x_hd.o(.text)
    I2C2_ER_IRQHandler                       0x080076d7   Thumb Code     0  startup_stm32f10x_hd.o(.text)
    I2C2_EV_IRQHandler                       0x080076d7   Thumb Code     0  startup_stm32f10x_hd.o(.text)
    PVD_IRQHandler                           0x080076d7   Thumb Code     0  startup_stm32f10x_hd.o(.text)
    RCC_IRQHandler                           0x080076d7   Thumb Code     0  startup_stm32f10x_hd.o(.text)
    RTCAlarm_IRQHandler                      0x080076d7   Thumb Code     0  startup_stm32f10x_hd.o(.text)
    RTC_IRQHandler                           0x080076d7   Thumb Code     0  startup_stm32f10x_hd.o(.text)
    SDIO_IRQHandler                          0x080076d7   Thumb Code     0  startup_stm32f10x_hd.o(.text)
    SPI1_IRQHandler                          0x080076d7   Thumb Code     0  startup_stm32f10x_hd.o(.text)
    SPI2_IRQHandler                          0x080076d7   Thumb Code     0  startup_stm32f10x_hd.o(.text)
    SPI3_IRQHandler                          0x080076d7   Thumb Code     0  startup_stm32f10x_hd.o(.text)
    TAMPER_IRQHandler                        0x080076d7   Thumb Code     0  startup_stm32f10x_hd.o(.text)
    TIM1_BRK_IRQHandler                      0x080076d7   Thumb Code     0  startup_stm32f10x_hd.o(.text)
    TIM1_CC_IRQHandler                       0x080076d7   Thumb Code     0  startup_stm32f10x_hd.o(.text)
    TIM1_TRG_COM_IRQHandler                  0x080076d7   Thumb Code     0  startup_stm32f10x_hd.o(.text)
    TIM1_UP_IRQHandler                       0x080076d7   Thumb Code     0  startup_stm32f10x_hd.o(.text)
    TIM2_IRQHandler                          0x080076d7   Thumb Code     0  startup_stm32f10x_hd.o(.text)
    TIM3_IRQHandler                          0x080076d7   Thumb Code     0  startup_stm32f10x_hd.o(.text)
    TIM4_IRQHandler                          0x080076d7   Thumb Code     0  startup_stm32f10x_hd.o(.text)
    TIM5_IRQHandler                          0x080076d7   Thumb Code     0  startup_stm32f10x_hd.o(.text)
    TIM6_IRQHandler                          0x080076d7   Thumb Code     0  startup_stm32f10x_hd.o(.text)
    TIM7_IRQHandler                          0x080076d7   Thumb Code     0  startup_stm32f10x_hd.o(.text)
    TIM8_BRK_IRQHandler                      0x080076d7   Thumb Code     0  startup_stm32f10x_hd.o(.text)
    TIM8_CC_IRQHandler                       0x080076d7   Thumb Code     0  startup_stm32f10x_hd.o(.text)
    TIM8_TRG_COM_IRQHandler                  0x080076d7   Thumb Code     0  startup_stm32f10x_hd.o(.text)
    TIM8_UP_IRQHandler                       0x080076d7   Thumb Code     0  startup_stm32f10x_hd.o(.text)
    UART4_IRQHandler                         0x080076d7   Thumb Code     0  startup_stm32f10x_hd.o(.text)
    UART5_IRQHandler                         0x080076d7   Thumb Code     0  startup_stm32f10x_hd.o(.text)
    USART2_IRQHandler                        0x080076d7   Thumb Code     0  startup_stm32f10x_hd.o(.text)
    USBWakeUp_IRQHandler                     0x080076d7   Thumb Code     0  startup_stm32f10x_hd.o(.text)
    USB_HP_CAN1_TX_IRQHandler                0x080076d7   Thumb Code     0  startup_stm32f10x_hd.o(.text)
    USB_LP_CAN1_RX0_IRQHandler               0x080076d7   Thumb Code     0  startup_stm32f10x_hd.o(.text)
    WWDG_IRQHandler                          0x080076d7   Thumb Code     0  startup_stm32f10x_hd.o(.text)
    SystemInit                               0x080077bf   Thumb Code    78  system_stm32f10x.o(.text)
    SystemCoreClockUpdate                    0x0800780d   Thumb Code   142  system_stm32f10x.o(.text)
    strcat                                   0x080078c1   Thumb Code    24  strcat.o(.text)
    strstr                                   0x080078d9   Thumb Code    36  strstr.o(.text)
    strlen                                   0x080078fd   Thumb Code    14  strlen.o(.text)
    __aeabi_uidiv                            0x0800790b   Thumb Code     0  uidiv.o(.text)
    __aeabi_uidivmod                         0x0800790b   Thumb Code    44  uidiv.o(.text)
    __scatterload                            0x08007939   Thumb Code    28  init.o(.text)
    __scatterload_rt2                        0x08007939   Thumb Code     0  init.o(.text)
    __decompress                             0x0800795d   Thumb Code     0  __dczerorl2.o(.text)
    __decompress1                            0x0800795d   Thumb Code    86  __dczerorl2.o(.text)
    __0printf$1                              0x080079b5   Thumb Code    22  printf1.o(i.__0printf$1)
    __1printf$1                              0x080079b5   Thumb Code     0  printf1.o(i.__0printf$1)
    __2printf                                0x080079b5   Thumb Code     0  printf1.o(i.__0printf$1)
    __0sprintf$1                             0x080079d5   Thumb Code    34  printf1.o(i.__0sprintf$1)
    __1sprintf$1                             0x080079d5   Thumb Code     0  printf1.o(i.__0sprintf$1)
    __2sprintf                               0x080079d5   Thumb Code     0  printf1.o(i.__0sprintf$1)
    __scatterload_copy                       0x080079fd   Thumb Code    14  handlers.o(i.__scatterload_copy)
    __scatterload_null                       0x08007a0b   Thumb Code     2  handlers.o(i.__scatterload_null)
    __scatterload_zeroinit                   0x08007a0d   Thumb Code    14  handlers.o(i.__scatterload_zeroinit)
    OSUnMapTbl                               0x08007b7a   Data         256  os_core.o(.constdata)
    OSDebugEn                                0x08007c7c   Data           2  os_dbg.o(.constdata)
    OSEndiannessTest                         0x08007c80   Data           4  os_dbg.o(.constdata)
    OSEventMax                               0x08007c84   Data           2  os_dbg.o(.constdata)
    OSEventNameSize                          0x08007c86   Data           2  os_dbg.o(.constdata)
    OSEventEn                                0x08007c88   Data           2  os_dbg.o(.constdata)
    OSEventSize                              0x08007c8a   Data           2  os_dbg.o(.constdata)
    OSEventTblSize                           0x08007c8c   Data           2  os_dbg.o(.constdata)
    OSFlagEn                                 0x08007c8e   Data           2  os_dbg.o(.constdata)
    OSFlagGrpSize                            0x08007c90   Data           2  os_dbg.o(.constdata)
    OSFlagNodeSize                           0x08007c92   Data           2  os_dbg.o(.constdata)
    OSFlagWidth                              0x08007c94   Data           2  os_dbg.o(.constdata)
    OSFlagMax                                0x08007c96   Data           2  os_dbg.o(.constdata)
    OSFlagNameSize                           0x08007c98   Data           2  os_dbg.o(.constdata)
    OSLowestPrio                             0x08007c9a   Data           2  os_dbg.o(.constdata)
    OSMboxEn                                 0x08007c9c   Data           2  os_dbg.o(.constdata)
    OSMemEn                                  0x08007c9e   Data           2  os_dbg.o(.constdata)
    OSMemMax                                 0x08007ca0   Data           2  os_dbg.o(.constdata)
    OSMemNameSize                            0x08007ca2   Data           2  os_dbg.o(.constdata)
    OSMemSize                                0x08007ca4   Data           2  os_dbg.o(.constdata)
    OSMemTblSize                             0x08007ca6   Data           2  os_dbg.o(.constdata)
    OSMutexEn                                0x08007ca8   Data           2  os_dbg.o(.constdata)
    OSPtrSize                                0x08007caa   Data           2  os_dbg.o(.constdata)
    OSQEn                                    0x08007cac   Data           2  os_dbg.o(.constdata)
    OSQMax                                   0x08007cae   Data           2  os_dbg.o(.constdata)
    OSQSize                                  0x08007cb0   Data           2  os_dbg.o(.constdata)
    OSRdyTblSize                             0x08007cb2   Data           2  os_dbg.o(.constdata)
    OSSemEn                                  0x08007cb4   Data           2  os_dbg.o(.constdata)
    OSStkWidth                               0x08007cb6   Data           2  os_dbg.o(.constdata)
    OSTaskCreateEn                           0x08007cb8   Data           2  os_dbg.o(.constdata)
    OSTaskCreateExtEn                        0x08007cba   Data           2  os_dbg.o(.constdata)
    OSTaskDelEn                              0x08007cbc   Data           2  os_dbg.o(.constdata)
    OSTaskIdleStkSize                        0x08007cbe   Data           2  os_dbg.o(.constdata)
    OSTaskProfileEn                          0x08007cc0   Data           2  os_dbg.o(.constdata)
    OSTaskMax                                0x08007cc2   Data           2  os_dbg.o(.constdata)
    OSTaskNameSize                           0x08007cc4   Data           2  os_dbg.o(.constdata)
    OSTaskStatEn                             0x08007cc6   Data           2  os_dbg.o(.constdata)
    OSTaskStatStkSize                        0x08007cc8   Data           2  os_dbg.o(.constdata)
    OSTaskStatStkChkEn                       0x08007cca   Data           2  os_dbg.o(.constdata)
    OSTaskSwHookEn                           0x08007ccc   Data           2  os_dbg.o(.constdata)
    OSTCBPrioTblMax                          0x08007cce   Data           2  os_dbg.o(.constdata)
    OSTCBSize                                0x08007cd0   Data           2  os_dbg.o(.constdata)
    OSTicksPerSec                            0x08007cd2   Data           2  os_dbg.o(.constdata)
    OSTimeTickHookEn                         0x08007cd4   Data           2  os_dbg.o(.constdata)
    OSVersionNbr                             0x08007cd6   Data           2  os_dbg.o(.constdata)
    OSDataSize                               0x08007cd8   Data           2  os_dbg.o(.constdata)
    asc2_1206                                0x08007cda   Data        1140  user_ili9341_lcd.o(.constdata)
    ov7670_init_reg_table                    0x0800814e   Data         336  ov7670.o(.constdata)
    Region$$Table$$Base                      0x080082a0   Number         0  anon$$obj.o(Region$$Table)
    Region$$Table$$Limit                     0x080082c0   Number         0  anon$$obj.o(Region$$Table)
    MENU_STATUS                              0x20000000   Data           4  main.o(.data)
    CLR                                      0x20000004   Data           4  main.o(.data)
    CAMERA_SIGN                              0x20000008   Data           4  main.o(.data)
    rcv_len                                  0x2000000c   Data           4  main.o(.data)
    i                                        0x20000010   Data           1  main.o(.data)
    U8_RCVLOG                                0x20000011   Data           5  main.o(.data)
    a                                        0x20000016   Data           2  main.o(.data)
    b                                        0x20000018   Data           2  main.o(.data)
    c                                        0x2000001a   Data           2  main.o(.data)
    d                                        0x2000001c   Data           2  main.o(.data)
    e                                        0x2000001e   Data           2  main.o(.data)
    f                                        0x20000020   Data           2  main.o(.data)
    pa                                       0x20000022   Data           5  main.o(.data)
    pb                                       0x20000027   Data           5  main.o(.data)
    pc                                       0x2000002c   Data           5  main.o(.data)
    pd                                       0x20000031   Data           5  main.o(.data)
    pe                                       0x20000036   Data           5  main.o(.data)
    pf                                       0x2000003b   Data           5  main.o(.data)
    OSCtxSwCtr                               0x20000054   Data           4  os_core.o(.data)
    OSEventFreeList                          0x20000058   Data           4  os_core.o(.data)
    OSFlagFreeList                           0x2000005c   Data           4  os_core.o(.data)
    OSCPUUsage                               0x20000060   Data           1  os_core.o(.data)
    OSIdleCtrMax                             0x20000064   Data           4  os_core.o(.data)
    OSIdleCtrRun                             0x20000068   Data           4  os_core.o(.data)
    OSStatRdy                                0x2000006c   Data           1  os_core.o(.data)
    OSIntNesting                             0x2000006d   Data           1  os_core.o(.data)
    OSLockNesting                            0x2000006e   Data           1  os_core.o(.data)
    OSPrioCur                                0x2000006f   Data           1  os_core.o(.data)
    OSPrioHighRdy                            0x20000070   Data           1  os_core.o(.data)
    OSRdyGrp                                 0x20000071   Data           1  os_core.o(.data)
    OSRdyTbl                                 0x20000072   Data           4  os_core.o(.data)
    OSRunning                                0x20000076   Data           1  os_core.o(.data)
    OSTaskCtr                                0x20000077   Data           1  os_core.o(.data)
    OSIdleCtr                                0x20000078   Data           4  os_core.o(.data)
    OSTCBCur                                 0x2000007c   Data           4  os_core.o(.data)
    OSTCBFreeList                            0x20000080   Data           4  os_core.o(.data)
    OSTCBHighRdy                             0x20000084   Data           4  os_core.o(.data)
    OSTCBList                                0x20000088   Data           4  os_core.o(.data)
    OSTickStepState                          0x2000008c   Data           1  os_core.o(.data)
    OSMemFreeList                            0x20000090   Data           4  os_core.o(.data)
    OSQFreeList                              0x20000094   Data           4  os_core.o(.data)
    OSTime                                   0x20000098   Data           4  os_core.o(.data)
    OSTmrFree                                0x2000009c   Data           2  os_core.o(.data)
    OSTmrUsed                                0x2000009e   Data           2  os_core.o(.data)
    OSTmrTime                                0x200000a0   Data           4  os_core.o(.data)
    OSTmrSem                                 0x200000a4   Data           4  os_core.o(.data)
    OSTmrSemSignal                           0x200000a8   Data           4  os_core.o(.data)
    OSTmrFreeList                            0x200000ac   Data           4  os_core.o(.data)
    codeF8X16                                0x200000b2   Data        1520  oledfont.o(.data)
    codeF16x16                               0x200006a2   Data         160  oledfont.o(.data)
    codeBMP1                                 0x20000742   Data        1024  oledfont.o(.data)
    codeBMP2                                 0x20000b42   Data        1024  oledfont.o(.data)
    Count                                    0x20000f42   Data           1  esp8266.o(.data)
    frame_flag                               0x20000f43   Data           1  user_exti.o(.data)
    SystemCoreClock                          0x20000f44   Data           4  system_stm32f10x.o(.data)
    AHBPrescTable                            0x20000f48   Data          16  system_stm32f10x.o(.data)
    __stdout                                 0x20000f58   Data           4  stdout.o(.data)
    RCVLOG                                   0x20001b5c   Data         255  main.o(.bss)
    OSEventTbl                               0x20001c5c   Data         320  os_core.o(.bss)
    OSFlagTbl                                0x20001d9c   Data         140  os_core.o(.bss)
    OSTaskStatStk                            0x20001e28   Data         512  os_core.o(.bss)
    OSTaskIdleStk                            0x20002028   Data         512  os_core.o(.bss)
    OSTCBPrioTbl                             0x20002228   Data         128  os_core.o(.bss)
    OSTCBTbl                                 0x200022a8   Data        1656  os_core.o(.bss)
    OSMemTbl                                 0x20002920   Data         180  os_core.o(.bss)
    OSQTbl                                   0x200029d4   Data          96  os_core.o(.bss)
    OSTmrTbl                                 0x20002a34   Data         832  os_core.o(.bss)
    OSTmrTaskStk                             0x20002d74   Data         512  os_core.o(.bss)
    OSTmrWheelTbl                            0x20002f74   Data          64  os_core.o(.bss)
    Rx232buffer                              0x20002fb4   Data          50  esp8266.o(.bss)
    __initial_sp                             0x200033e8   Data           0  startup_stm32f10x_hd.o(STACK)



==============================================================================

Memory Map of the image

  Image Entry point : 0x08000131

  Load Region LR_IROM1 (Base: 0x08000000, Size: 0x0000921c, Max: 0x00080000, ABSOLUTE, COMPRESSED[0x00008a48])

    Execution Region ER_IROM1 (Exec base: 0x08000000, Load base: 0x08000000, Size: 0x000082c0, Max: 0x00080000, ABSOLUTE)

    Exec Addr    Load Addr    Size         Type   Attr      Idx    E Section Name        Object

    0x08000000   0x08000000   0x00000130   Data   RO         1309    RESET               startup_stm32f10x_hd.o
    0x08000130   0x08000130   0x00000000   Code   RO         1344  * .ARM.Collect$$$$00000000  mc_w.l(entry.o)
    0x08000130   0x08000130   0x00000004   Code   RO         1620    .ARM.Collect$$$$00000001  mc_w.l(entry2.o)
    0x08000134   0x08000134   0x00000004   Code   RO         1623    .ARM.Collect$$$$00000004  mc_w.l(entry5.o)
    0x08000138   0x08000138   0x00000000   Code   RO         1625    .ARM.Collect$$$$00000008  mc_w.l(entry7b.o)
    0x08000138   0x08000138   0x00000000   Code   RO         1627    .ARM.Collect$$$$0000000A  mc_w.l(entry8b.o)
    0x08000138   0x08000138   0x00000008   Code   RO         1628    .ARM.Collect$$$$0000000B  mc_w.l(entry9a.o)
    0x08000140   0x08000140   0x00000000   Code   RO         1630    .ARM.Collect$$$$0000000D  mc_w.l(entry10a.o)
    0x08000140   0x08000140   0x00000000   Code   RO         1632    .ARM.Collect$$$$0000000F  mc_w.l(entry11a.o)
    0x08000140   0x08000140   0x00000004   Code   RO         1621    .ARM.Collect$$$$00002712  mc_w.l(entry2.o)
    0x08000144   0x08000144   0x00000ec8   Code   RO            4    .text               main.o
    0x0800100c   0x0800100c   0x0000001a   Code   RO          145    .text               stm32f10x_it.o
    0x08001026   0x08001026   0x00000002   PAD
    0x08001028   0x08001028   0x000000dc   Code   RO          176    .text               misc.o
    0x08001104   0x08001104   0x0000011c   Code   RO          416    .text               stm32f10x_exti.o
    0x08001220   0x08001220   0x0000060c   Code   RO          470    .text               stm32f10x_fsmc.o
    0x0800182c   0x0800182c   0x0000035c   Code   RO          497    .text               stm32f10x_gpio.o
    0x08001b88   0x08001b88   0x000003a4   Code   RO          602    .text               stm32f10x_rcc.o
    0x08001f2c   0x08001f2c   0x0000030c   Code   RO          682    .text               stm32f10x_spi.o
    0x08002238   0x08002238   0x00000408   Code   RO          736    .text               stm32f10x_usart.o
    0x08002640   0x08002640   0x00000d60   Code   RO          787    .text               os_core.o
    0x080033a0   0x080033a0   0x000008b8   Code   RO          810    .text               os_flag.o
    0x08003c58   0x08003c58   0x00000288   Code   RO          834    .text               os_mem.o
    0x08003ee0   0x08003ee0   0x00000668   Code   RO          858    .text               os_q.o
    0x08004548   0x08004548   0x00000410   Code   RO          870    .text               os_sem.o
    0x08004958   0x08004958   0x00000886   Code   RO          882    .text               os_task.o
    0x080051de   0x080051de   0x00000002   PAD
    0x080051e0   0x080051e0   0x000001f0   Code   RO          894    .text               os_time.o
    0x080053d0   0x080053d0   0x00000758   Code   RO          906    .text               os_tmr.o
    0x08005b28   0x08005b28   0x000000a4   Code   RO          918    .text               os_cpu_a.o
    0x08005bcc   0x08005bcc   0x00000138   Code   RO          921    .text               os_cpu_c.o
    0x08005d04   0x08005d04   0x00000114   Code   RO          943    .text               os_dbg.o
    0x08005e18   0x08005e18   0x00000530   Code   RO          964    .text               oled.o
    0x08006348   0x08006348   0x000001c8   Code   RO         1016    .text               esp8266.o
    0x08006510   0x08006510   0x00000090   Code   RO         1051    .text               user_exti.o
    0x080065a0   0x080065a0   0x00000144   Code   RO         1081    .text               led.o
    0x080066e4   0x080066e4   0x00000768   Code   RO         1105    .text               user_ili9341_lcd.o
    0x08006e4c   0x08006e4c   0x00000430   Code   RO         1135    .text               ov7670.o
    0x0800727c   0x0800727c   0x00000314   Code   RO         1171    .text               sccb.o
    0x08007590   0x08007590   0x0000012c   Code   RO         1228    .text               user_usart.o
    0x080076bc   0x080076bc   0x00000024   Code   RO         1310    .text               startup_stm32f10x_hd.o
    0x080076e0   0x080076e0   0x000001e0   Code   RO         1317    .text               system_stm32f10x.o
    0x080078c0   0x080078c0   0x00000018   Code   RO         1347    .text               mc_w.l(strcat.o)
    0x080078d8   0x080078d8   0x00000024   Code   RO         1349    .text               mc_w.l(strstr.o)
    0x080078fc   0x080078fc   0x0000000e   Code   RO         1351    .text               mc_w.l(strlen.o)
    0x0800790a   0x0800790a   0x0000002c   Code   RO         1635    .text               mc_w.l(uidiv.o)
    0x08007936   0x08007936   0x00000002   PAD
    0x08007938   0x08007938   0x00000024   Code   RO         1652    .text               mc_w.l(init.o)
    0x0800795c   0x0800795c   0x00000056   Code   RO         1668    .text               mc_w.l(__dczerorl2.o)
    0x080079b2   0x080079b2   0x00000002   PAD
    0x080079b4   0x080079b4   0x00000020   Code   RO         1398    i.__0printf$1       mc_w.l(printf1.o)
    0x080079d4   0x080079d4   0x00000028   Code   RO         1400    i.__0sprintf$1      mc_w.l(printf1.o)
    0x080079fc   0x080079fc   0x0000000e   Code   RO         1662    i.__scatterload_copy  mc_w.l(handlers.o)
    0x08007a0a   0x08007a0a   0x00000002   Code   RO         1663    i.__scatterload_null  mc_w.l(handlers.o)
    0x08007a0c   0x08007a0c   0x0000000e   Code   RO         1664    i.__scatterload_zeroinit  mc_w.l(handlers.o)
    0x08007a1a   0x08007a1a   0x00000002   PAD
    0x08007a1c   0x08007a1c   0x00000154   Code   RO         1405    i._printf_core      mc_w.l(printf1.o)
    0x08007b70   0x08007b70   0x0000000a   Code   RO         1407    i._sputc            mc_w.l(printf1.o)
    0x08007b7a   0x08007b7a   0x00000100   Data   RO          789    .constdata          os_core.o
    0x08007c7a   0x08007c7a   0x00000002   PAD
    0x08007c7c   0x08007c7c   0x0000005e   Data   RO          944    .constdata          os_dbg.o
    0x08007cda   0x08007cda   0x00000474   Data   RO         1106    .constdata          user_ili9341_lcd.o
    0x0800814e   0x0800814e   0x00000150   Data   RO         1136    .constdata          ov7670.o
    0x0800829e   0x0800829e   0x00000002   PAD
    0x080082a0   0x080082a0   0x00000020   Data   RO         1660    Region$$Table       anon$$obj.o


    Execution Region RW_IRAM1 (Exec base: 0x20000000, Load base: 0x080082c0, Size: 0x000033e8, Max: 0x00010000, ABSOLUTE, COMPRESSED[0x00000788])

    Exec Addr    Load Addr    Size         Type   Attr      Idx    E Section Name        Object

    0x20000000   COMPRESSED   0x00000040   Data   RW            6    .data               main.o
    0x20000040   COMPRESSED   0x00000014   Data   RW          603    .data               stm32f10x_rcc.o
    0x20000054   COMPRESSED   0x0000005c   Data   RW          790    .data               os_core.o
    0x200000b0   COMPRESSED   0x00000002   Data   RW          922    .data               os_cpu_c.o
    0x200000b2   COMPRESSED   0x00000e90   Data   RW          992    .data               oledfont.o
    0x20000f42   COMPRESSED   0x00000001   Data   RW         1018    .data               esp8266.o
    0x20000f43   COMPRESSED   0x00000001   Data   RW         1052    .data               user_exti.o
    0x20000f44   COMPRESSED   0x00000014   Data   RW         1318    .data               system_stm32f10x.o
    0x20000f58   COMPRESSED   0x00000004   Data   RW         1634    .data               mc_w.l(stdout.o)
    0x20000f5c        -       0x00000cff   Zero   RW            5    .bss                main.o
    0x20001c5b   COMPRESSED   0x00000001   PAD
    0x20001c5c        -       0x00001358   Zero   RW          788    .bss                os_core.o
    0x20002fb4        -       0x00000032   Zero   RW         1017    .bss                esp8266.o
    0x20002fe6   COMPRESSED   0x00000002   PAD
    0x20002fe8        -       0x00000400   Zero   RW         1307    STACK               startup_stm32f10x_hd.o


==============================================================================

Image component sizes


      Code (inc. data)   RO Data    RW Data    ZI Data      Debug   Object Name

       456         20          0          1         50       4038   esp8266.o
       324         30          0          0          0       1415   led.o
      3784       1014          0         64       3327     269305   main.o
       220         22          0          0          0       1853   misc.o
      1328         20          0          0          0       4307   oled.o
         0          0          0       3728          0        825   oledfont.o
      3424        282        256         92       4952      21190   os_core.o
       164         32          0          0          0        444   os_cpu_a.o
       312         18          0          2          0      14747   os_cpu_c.o
       276        182         94          0          0       3217   os_dbg.o
      2232         38          0          0          0       7472   os_flag.o
       648         14          0          0          0       3680   os_mem.o
      1640         30          0          0          0       6121   os_q.o
      1040         18          0          0          0       4330   os_sem.o
      2182         66          0          0          0       7517   os_task.o
       496         24          0          0          0       2018   os_time.o
      1880        120          0          0          0       6341   os_tmr.o
      1072         34        336          0          0       3607   ov7670.o
       788          4          0          0          0       2603   sccb.o
        36          8        304          0       1024        856   startup_stm32f10x_hd.o
       284         10          0          0          0       4583   stm32f10x_exti.o
      1548         18          0          0          0      13451   stm32f10x_fsmc.o
       860         38          0          0          0       5781   stm32f10x_gpio.o
        26          0          0          0          0       1230   stm32f10x_it.o
       932         36          0         20          0       8980   stm32f10x_rcc.o
       780         14          0          0          0      13678   stm32f10x_spi.o
      1032         22          0          0          0      14656   stm32f10x_usart.o
       480         38          0         20          0       1991   system_stm32f10x.o
       144         12          0          1          0        988   user_exti.o
      1896         26       1140          0          0       6268   user_ili9341_lcd.o
       300          8          0          0          0       3321   user_usart.o

    ----------------------------------------------------------------------
     30588       2198       2166       3928       9356     440813   Object Totals
         0          0         32          0          0          0   (incl. Generated)
         4          0          4          0          3          0   (incl. Padding)

    ----------------------------------------------------------------------

      Code (inc. data)   RO Data    RW Data    ZI Data      Debug   Library Member Name

        86          0          0          0          0          0   __dczerorl2.o
         0          0          0          0          0          0   entry.o
         0          0          0          0          0          0   entry10a.o
         0          0          0          0          0          0   entry11a.o
         8          4          0          0          0          0   entry2.o
         4          0          0          0          0          0   entry5.o
         0          0          0          0          0          0   entry7b.o
         0          0          0          0          0          0   entry8b.o
         8          4          0          0          0          0   entry9a.o
        30          0          0          0          0          0   handlers.o
        36          8          0          0          0         68   init.o
       422         20          0          0          0        336   printf1.o
         0          0          0          4          0          0   stdout.o
        24          0          0          0          0         68   strcat.o
        14          0          0          0          0         68   strlen.o
        36          0          0          0          0         80   strstr.o
        44          0          0          0          0         80   uidiv.o

    ----------------------------------------------------------------------
       718         36          0          4          0        700   Library Totals
         6          0          0          0          0          0   (incl. Padding)

    ----------------------------------------------------------------------

      Code (inc. data)   RO Data    RW Data    ZI Data      Debug   Library Name

       712         36          0          4          0        700   mc_w.l

    ----------------------------------------------------------------------
       718         36          0          4          0        700   Library Totals

    ----------------------------------------------------------------------

==============================================================================


      Code (inc. data)   RO Data    RW Data    ZI Data      Debug   

     31306       2234       2166       3932       9356     438937   Grand Totals
     31306       2234       2166       1928       9356     438937   ELF Image Totals (compressed)
     31306       2234       2166       1928          0          0   ROM Totals

==============================================================================

    Total RO  Size (Code + RO Data)                33472 (  32.69kB)
    Total RW  Size (RW Data + ZI Data)             13288 (  12.98kB)
    Total ROM Size (Code + RO Data + RW Data)      35400 (  34.57kB)

==============================================================================

