Component: ARM Compiler 5.06 update 6 (build 750) Tool: armlink [4d35ed]

==============================================================================

Section Cross References

    main.o(.text) refers to ds18b20.o(.text) for DS18B20_Get_Temp
    main.o(.text) refers to led.o(.text) for led_on
    main.o(.text) refers to os_time.o(.text) for OSTimeDly
    main.o(.text) refers to user_ili9341_lcd.o(.text) for Lcd_GramScan
    main.o(.text) refers to stm32f10x_gpio.o(.text) for GPIO_ResetBits
    main.o(.text) refers to oled.o(.text) for LCD_P8x16Str
    main.o(.text) refers to f2d.o(.text) for __aeabi_f2d
    main.o(.text) refers to printfa.o(i.__0sprintf) for __2sprintf
    main.o(.text) refers to strlen.o(.text) for strlen
    main.o(.text) refers to main.o(.data) for fTemp
    main.o(.text) refers to user_exti.o(.data) for frame_flag
    main.o(.text) refers to main.o(.bss) for RCVLOG
    main.o(.text) refers to esp8266.o(.text) for Hand
    main.o(.text) refers to stm32f10x_usart.o(.text) for USART_ITConfig
    main.o(.text) refers to strcat.o(.text) for strcat
    main.o(.text) refers to stm32f10x_rcc.o(.text) for RCC_APB2PeriphClockCmd
    main.o(.text) refers to os_cpu_c.o(.text) for OS_CPU_SysTickInit
    main.o(.text) refers to os_task.o(.text) for OSTaskCreate
    main.o(.text) refers to user_usart.o(.text) for USART1_Init
    main.o(.text) refers to user_iic.o(.text) for IIC_GPIO_Init
    main.o(.text) refers to printfa.o(i.__0printf) for __2printf
    main.o(.text) refers to ov7670.o(.text) for OV7670_Init
    main.o(.text) refers to user_exti.o(.text) for OV7670_PA1_Init
    main.o(.text) refers to os_core.o(.text) for OSInit
    stm32f10x_adc.o(.text) refers to stm32f10x_rcc.o(.text) for RCC_APB2PeriphResetCmd
    stm32f10x_bkp.o(.text) refers to stm32f10x_rcc.o(.text) for RCC_BackupResetCmd
    stm32f10x_can.o(.text) refers to stm32f10x_rcc.o(.text) for RCC_APB1PeriphResetCmd
    stm32f10x_cec.o(.text) refers to stm32f10x_rcc.o(.text) for RCC_APB1PeriphResetCmd
    stm32f10x_dac.o(.text) refers to stm32f10x_rcc.o(.text) for RCC_APB1PeriphResetCmd
    stm32f10x_gpio.o(.text) refers to stm32f10x_rcc.o(.text) for RCC_APB2PeriphResetCmd
    stm32f10x_i2c.o(.text) refers to stm32f10x_rcc.o(.text) for RCC_APB1PeriphResetCmd
    stm32f10x_pwr.o(.text) refers to stm32f10x_rcc.o(.text) for RCC_APB1PeriphResetCmd
    stm32f10x_rcc.o(.text) refers to stm32f10x_rcc.o(.data) for APBAHBPrescTable
    stm32f10x_spi.o(.text) refers to stm32f10x_rcc.o(.text) for RCC_APB2PeriphResetCmd
    stm32f10x_tim.o(.text) refers to stm32f10x_rcc.o(.text) for RCC_APB2PeriphResetCmd
    stm32f10x_usart.o(.text) refers to stm32f10x_rcc.o(.text) for RCC_APB2PeriphResetCmd
    stm32f10x_wwdg.o(.text) refers to stm32f10x_rcc.o(.text) for RCC_APB1PeriphResetCmd
    os_core.o(.text) refers to os_cpu_a.o(.text) for OS_CPU_SR_Save
    os_core.o(.text) refers to os_core.o(.data) for OSIntNesting
    os_core.o(.text) refers to os_core.o(.constdata) for OSUnMapTbl
    os_core.o(.text) refers to os_core.o(.bss) for OSTCBPrioTbl
    os_core.o(.text) refers to os_task.o(.text) for OSTaskStkChk
    os_core.o(.text) refers to os_time.o(.text) for OSTimeDly
    os_core.o(.text) refers to os_cpu_c.o(.text) for OSTaskStatHook
    os_core.o(.text) refers to os_flag.o(.text) for OS_FlagInit
    os_core.o(.text) refers to os_mem.o(.text) for OS_MemInit
    os_core.o(.text) refers to os_q.o(.text) for OS_QInit
    os_core.o(.text) refers to os_tmr.o(.text) for OSTmr_Init
    os_core.o(.text) refers to os_dbg.o(.text) for OSDebugInit
    os_flag.o(.text) refers to os_cpu_a.o(.text) for OS_CPU_SR_Save
    os_flag.o(.text) refers to os_core.o(.text) for OS_Sched
    os_flag.o(.text) refers to os_core.o(.data) for OSIntNesting
    os_flag.o(.text) refers to os_core.o(.bss) for OSFlagTbl
    os_mbox.o(.text) refers to os_cpu_a.o(.text) for OS_CPU_SR_Save
    os_mbox.o(.text) refers to os_core.o(.text) for OS_EventWaitListInit
    os_mbox.o(.text) refers to os_core.o(.data) for OSIntNesting
    os_mem.o(.text) refers to os_cpu_a.o(.text) for OS_CPU_SR_Save
    os_mem.o(.text) refers to os_core.o(.text) for OS_StrCopy
    os_mem.o(.text) refers to os_core.o(.data) for OSMemFreeList
    os_mem.o(.text) refers to os_core.o(.bss) for OSMemTbl
    os_mutex.o(.text) refers to os_cpu_a.o(.text) for OS_CPU_SR_Save
    os_mutex.o(.text) refers to os_core.o(.text) for OS_EventWaitListInit
    os_mutex.o(.text) refers to os_core.o(.data) for OSIntNesting
    os_mutex.o(.text) refers to os_core.o(.bss) for OSTCBPrioTbl
    os_q.o(.text) refers to os_cpu_a.o(.text) for OS_CPU_SR_Save
    os_q.o(.text) refers to os_core.o(.text) for OS_EventWaitListInit
    os_q.o(.text) refers to os_core.o(.data) for OSIntNesting
    os_q.o(.text) refers to os_core.o(.bss) for OSQTbl
    os_sem.o(.text) refers to os_cpu_a.o(.text) for OS_CPU_SR_Save
    os_sem.o(.text) refers to os_core.o(.text) for OS_EventWaitListInit
[...]
    ..\\..\\Libraries\\FWlib\\src\\stm32f10x_fsmc.c 0x00000000   Number         0  stm32f10x_fsmc.o ABSOLUTE
    ..\\..\\Libraries\\FWlib\\src\\stm32f10x_gpio.c 0x00000000   Number         0  stm32f10x_gpio.o ABSOLUTE
    ..\\..\\Libraries\\FWlib\\src\\stm32f10x_i2c.c 0x00000000   Number         0  stm32f10x_i2c.o ABSOLUTE
    ..\\..\\Libraries\\FWlib\\src\\stm32f10x_iwdg.c 0x00000000   Number         0  stm32f10x_iwdg.o ABSOLUTE
    ..\\..\\Libraries\\FWlib\\src\\stm32f10x_pwr.c 0x00000000   Number         0  stm32f10x_pwr.o ABSOLUTE
    ..\\..\\Libraries\\FWlib\\src\\stm32f10x_rcc.c 0x00000000   Number         0  stm32f10x_rcc.o ABSOLUTE
    ..\\..\\Libraries\\FWlib\\src\\stm32f10x_rtc.c 0x00000000   Number         0  stm32f10x_rtc.o ABSOLUTE
    ..\\..\\Libraries\\FWlib\\src\\stm32f10x_sdio.c 0x00000000   Number         0  stm32f10x_sdio.o ABSOLUTE
    ..\\..\\Libraries\\FWlib\\src\\stm32f10x_spi.c 0x00000000   Number         0  stm32f10x_spi.o ABSOLUTE
    ..\\..\\Libraries\\FWlib\\src\\stm32f10x_tim.c 0x00000000   Number         0  stm32f10x_tim.o ABSOLUTE
    ..\\..\\Libraries\\FWlib\\src\\stm32f10x_usart.c 0x00000000   Number         0  stm32f10x_usart.o ABSOLUTE
    ..\\..\\Libraries\\FWlib\\src\\stm32f10x_wwdg.c 0x00000000   Number         0  stm32f10x_wwdg.o ABSOLUTE
    ..\\..\\User\\bsp\\ds18b20.c             0x00000000   Number         0  ds18b20.o ABSOLUTE
    ..\\..\\User\\bsp\\esp8266.c             0x00000000   Number         0  esp8266.o ABSOLUTE
    ..\\..\\User\\bsp\\led.c                 0x00000000   Number         0  led.o ABSOLUTE
    ..\\..\\User\\bsp\\oled.c                0x00000000   Number         0  oled.o ABSOLUTE
    ..\\..\\User\\bsp\\oledfont.c            0x00000000   Number         0  oledfont.o ABSOLUTE
    ..\\..\\User\\bsp\\ov7670.c              0x00000000   Number         0  ov7670.o ABSOLUTE
    ..\\..\\User\\bsp\\sccb.c                0x00000000   Number         0  sccb.o ABSOLUTE
    ..\\..\\User\\bsp\\user_exti.c           0x00000000   Number         0  user_exti.o ABSOLUTE
    ..\\..\\User\\bsp\\user_iic.c            0x00000000   Number         0  user_iic.o ABSOLUTE
    ..\\..\\User\\bsp\\user_ili9341_lcd.c    0x00000000   Number         0  user_ili9341_lcd.o ABSOLUTE
    ..\\..\\User\\bsp\\user_usart.c          0x00000000   Number         0  user_usart.o ABSOLUTE
    ..\\..\\User\\main.c                     0x00000000   Number         0  main.o ABSOLUTE
    ..\\..\\User\\stm32f10x_it.c             0x00000000   Number         0  stm32f10x_it.o ABSOLUTE
    C:\Users\gerhua01\AppData\Local\Arm\Packs\Keil\STM32F1xx_DFP\2.3.0\RTE_Driver\GPIO_STM32F10x.c 0x00000000   Number         0  gpio_stm32f10x.o ABSOLUTE
    C:\\Users\\gerhua01\\AppData\\Local\\Arm\\Packs\\Keil\\STM32F1xx_DFP\\2.3.0\\RTE_Driver\\GPIO_STM32F10x.c 0x00000000   Number         0  gpio_stm32f10x.o ABSOLUTE
    RTE\Device\STM32F103ZE\startup_stm32f10x_hd.s 0x00000000   Number         0  startup_stm32f10x_hd.o ABSOLUTE
    RTE\Device\STM32F103ZE\system_stm32f10x.c 0x00000000   Number         0  system_stm32f10x.o ABSOLUTE
    RTE\\Device\\STM32F103ZE\\system_stm32f10x.c 0x00000000   Number         0  system_stm32f10x.o ABSOLUTE
    cdrcmple.s                               0x00000000   Number         0  cdrcmple.o ABSOLUTE
    dc.s                                     0x00000000   Number         0  dc.o ABSOLUTE
    handlers.s                               0x00000000   Number         0  handlers.o ABSOLUTE
    init.s                                   0x00000000   Number         0  init.o ABSOLUTE
    RESET                                    0x08000000   Section      304  startup_stm32f10x_hd.o(RESET)
    .ARM.Collect$$$$00000000                 0x08000130   Section        0  entry.o(.ARM.Collect$$$$00000000)
    .ARM.Collect$$$$00000001                 0x08000130   Section        4  entry2.o(.ARM.Collect$$$$00000001)
    .ARM.Collect$$$$00000004                 0x08000134   Section        4  entry5.o(.ARM.Collect$$$$00000004)
    .ARM.Collect$$$$00000008                 0x08000138   Section        0  entry7b.o(.ARM.Collect$$$$00000008)
    .ARM.Collect$$$$0000000A                 0x08000138   Section        0  entry8b.o(.ARM.Collect$$$$0000000A)
    .ARM.Collect$$$$0000000B                 0x08000138   Section        8  entry9a.o(.ARM.Collect$$$$0000000B)
    .ARM.Collect$$$$0000000D                 0x08000140   Section        0  entry10a.o(.ARM.Collect$$$$0000000D)
    .ARM.Collect$$$$0000000F                 0x08000140   Section        0  entry11a.o(.ARM.Collect$$$$0000000F)
    .ARM.Collect$$$$00002712                 0x08000140   Section        4  entry2.o(.ARM.Collect$$$$00002712)
    __lit__00000000                          0x08000140   Data           4  entry2.o(.ARM.Collect$$$$00002712)
    .text                                    0x08000144   Section        0  main.o(.text)
    sw_delay_us                              0x08000145   Thumb Code   144  main.o(.text)
    tasktemp                                 0x080001e5   Thumb Code    52  main.o(.text)
    tasklcd1                                 0x080002c5   Thumb Code  1466  main.o(.text)
    tasktime                                 0x0800087f   Thumb Code   234  main.o(.text)
    taskwifi                                 0x08000969   Thumb Code   152  main.o(.text)
    taskbutton                               0x08000a01   Thumb Code   484  main.o(.text)
    startup_task                             0x08000d03   Thumb Code   168  main.o(.text)
    sw_delay_ms                              0x08000f71   Thumb Code    18  main.o(.text)
    .text                                    0x0800108c   Section        0  stm32f10x_it.o(.text)
    .text                                    0x080010a8   Section        0  misc.o(.text)
    .text                                    0x08001184   Section        0  stm32f10x_exti.o(.text)
    .text                                    0x080012a0   Section        0  stm32f10x_fsmc.o(.text)
    .text                                    0x080018ac   Section        0  stm32f10x_gpio.o(.text)
    .text                                    0x08001c08   Section        0  stm32f10x_rcc.o(.text)
    .text                                    0x08001fac   Section        0  stm32f10x_spi.o(.text)
    .text                                    0x080022b8   Section        0  stm32f10x_usart.o(.text)
    .text                                    0x080026c0   Section        0  os_core.o(.text)
    OS_SchedNew                              0x08002835   Thumb Code    26  os_core.o(.text)
    OS_InitTaskStat                          0x08002ccd   Thumb Code    52  os_core.o(.text)
    OS_InitTaskIdle                          0x08002d21   Thumb Code    52  os_core.o(.text)
    OS_InitEventList                         0x08002d67   Thumb Code    70  os_core.o(.text)
    OS_InitTCBList                           0x08002dad   Thumb Code    86  os_core.o(.text)
    OS_InitRdyList                           0x08002e03   Thumb Code    46  os_core.o(.text)
    OS_InitMisc                              0x08002e31   Thumb Code    44  os_core.o(.text)
    .text                                    0x08003420   Section        0  os_flag.o(.text)
    OS_FlagTaskRdy                           0x080035b3   Thumb Code    82  os_flag.o(.text)
    OS_FlagBlock                             0x080037db   Thumb Code   152  os_flag.o(.text)
    .text                                    0x08003cd8   Section        0  os_mem.o(.text)
    .text                                    0x08003f60   Section        0  os_q.o(.text)
    .text                                    0x080045c8   Section        0  os_sem.o(.text)
    .text                                    0x080049d8   Section        0  os_task.o(.text)
    .text                                    0x08005260   Section        0  os_time.o(.text)
    .text                                    0x08005450   Section        0  os_tmr.o(.text)
    OSTmr_Unlock                             0x08005451   Thumb Code    12  os_tmr.o(.text)
    OSTmr_Alloc                              0x0800545d   Thumb Code    50  os_tmr.o(.text)
    OSTmr_Lock                               0x0800548f   Thumb Code    16  os_tmr.o(.text)
    OSTmr_Free                               0x08005567   Thumb Code    66  os_tmr.o(.text)
    OSTmr_Unlink                             0x080055a9   Thumb Code    62  os_tmr.o(.text)
    OSTmr_Link                               0x08005821   Thumb Code   130  os_tmr.o(.text)
    OSTmr_Task                               0x08005a0b   Thumb Code   112  os_tmr.o(.text)
    OSTmr_InitTask                           0x08005a7b   Thumb Code    50  os_tmr.o(.text)
    .text                                    0x08005ba8   Section      164  os_cpu_a.o(.text)
    .text                                    0x08005c4c   Section        0  os_cpu_c.o(.text)
    .text                                    0x08005d84   Section        0  os_dbg.o(.text)
    .text                                    0x08005e98   Section        0  oled.o(.text)
    sw_delay_us                              0x08005e99   Thumb Code   144  oled.o(.text)
    sw_delay_ms                              0x080063b7   Thumb Code    18  oled.o(.text)
    .text                                    0x080063c8   Section        0  esp8266.o(.text)
    .text                                    0x08006590   Section        0  user_exti.o(.text)
    .text                                    0x08006620   Section        0  led.o(.text)
    .text                                    0x08006764   Section        0  user_ili9341_lcd.o(.text)
    sw_delay_us                              0x08006765   Thumb Code   144  user_ili9341_lcd.o(.text)
    sw_delay_ms                              0x08006eb1   Thumb Code    18  user_ili9341_lcd.o(.text)
    .text                                    0x08006ecc   Section        0  ov7670.o(.text)
    sw_delay_us                              0x08006ecd   Thumb Code   144  ov7670.o(.text)
    .text                                    0x080072fc   Section        0  sccb.o(.text)
    sw_delay_us                              0x080072fd   Thumb Code   144  sccb.o(.text)
    .text                                    0x08007610   Section        0  ds18b20.o(.text)
    sw_delay_us                              0x08007611   Thumb Code   144  ds18b20.o(.text)
    DS18B20_GPIO_Config                      0x080076a1   Thumb Code    46  ds18b20.o(.text)
    DS18B20_Mode_IPU                         0x080076cf   Thumb Code    24  ds18b20.o(.text)
    DS18B20_Mode_Out_PP                      0x080076e7   Thumb Code    30  ds18b20.o(.text)
    DS18B20_Rst                              0x08007705   Thumb Code    38  ds18b20.o(.text)
    DS18B20_Presence                         0x0800772b   Thumb Code    82  ds18b20.o(.text)
    DS18B20_Read_Bit                         0x0800777d   Thumb Code    52  ds18b20.o(.text)
    .text                                    0x080078d4   Section        0  user_iic.o(.text)
    sw_delay_us                              0x080078d5   Thumb Code   144  user_iic.o(.text)
    .text                                    0x08007bac   Section        0  user_usart.o(.text)
    .text                                    0x08007c8c   Section       36  startup_stm32f10x_hd.o(.text)
    .text                                    0x08007cb0   Section        0  system_stm32f10x.o(.text)
    SetSysClockTo72                          0x08007cb1   Thumb Code   214  system_stm32f10x.o(.text)
    SetSysClock                              0x08007d87   Thumb Code     8  system_stm32f10x.o(.text)
    .text                                    0x08007e90   Section        0  strcat.o(.text)
    .text                                    0x08007ea8   Section        0  strstr.o(.text)
    .text                                    0x08007ecc   Section        0  strlen.o(.text)
    .text                                    0x08007eda   Section        0  dmul.o(.text)
    .text                                    0x08007fbe   Section        0  dflti.o(.text)
    .text                                    0x08007fe0   Section        0  f2d.o(.text)
    .text                                    0x08008006   Section        0  d2f.o(.text)
    .text                                    0x0800803e   Section        0  uidiv.o(.text)
    .text                                    0x0800806a   Section        0  uldiv.o(.text)
    .text                                    0x080080cc   Section        0  fepilogue.o(.text)
    .text                                    0x080080cc   Section        0  iusefp.o(.text)
    .text                                    0x0800813a   Section        0  depilogue.o(.text)
    .text                                    0x080081f4   Section        0  dadd.o(.text)
    .text                                    0x08008342   Section        0  ddiv.o(.text)
    .text                                    0x08008420   Section        0  dfixul.o(.text)
    .text                                    0x08008450   Section       48  cdrcmple.o(.text)
    .text                                    0x08008480   Section       36  init.o(.text)
    .text                                    0x080084a4   Section        0  llshl.o(.text)
    .text                                    0x080084c2   Section        0  llushr.o(.text)
    .text                                    0x080084e2   Section        0  llsshr.o(.text)
    .text                                    0x08008506   Section        0  __dczerorl2.o(.text)
    i.__0printf                              0x0800855c   Section        0  printfa.o(i.__0printf)
    i.__0sprintf                             0x0800857c   Section        0  printfa.o(i.__0sprintf)
    i.__scatterload_copy                     0x080085a4   Section       14  handlers.o(i.__scatterload_copy)
    i.__scatterload_null                     0x080085b2   Section        2  handlers.o(i.__scatterload_null)
    i.__scatterload_zeroinit                 0x080085b4   Section       14  handlers.o(i.__scatterload_zeroinit)
    i._fp_digits                             0x080085c4   Section        0  printfa.o(i._fp_digits)
    _fp_digits                               0x080085c5   Thumb Code   366  printfa.o(i._fp_digits)
    i._printf_core                           0x08008748   Section        0  printfa.o(i._printf_core)
    _printf_core                             0x08008749   Thumb Code  1744  printfa.o(i._printf_core)
    i._printf_post_padding                   0x08008e24   Section        0  printfa.o(i._printf_post_padding)
    _printf_post_padding                     0x08008e25   Thumb Code    36  printfa.o(i._printf_post_padding)
    i._printf_pre_padding                    0x08008e48   Section        0  printfa.o(i._printf_pre_padding)
    _printf_pre_padding                      0x08008e49   Thumb Code    46  printfa.o(i._printf_pre_padding)
    i._sputc                                 0x08008e76   Section        0  printfa.o(i._sputc)
    _sputc                                   0x08008e77   Thumb Code    10  printfa.o(i._sputc)
    .constdata                               0x08008e80   Section      256  os_core.o(.constdata)
    .constdata                               0x08008f80   Section       94  os_dbg.o(.constdata)
    .constdata                               0x08008fde   Section     1140  user_ili9341_lcd.o(.constdata)
    .constdata                               0x08009452   Section      336  ov7670.o(.constdata)
    .data                                    0x20000000   Section       67  main.o(.data)
    .data                                    0x20000043   Section       20  stm32f10x_rcc.o(.data)
    APBAHBPrescTable                         0x20000043   Data          16  stm32f10x_rcc.o(.data)
    ADCPrescTable                            0x20000053   Data           4  stm32f10x_rcc.o(.data)
    .data                                    0x20000058   Section       92  os_core.o(.data)
    .data                                    0x200000b4   Section        2  os_cpu_c.o(.data)
    OSTmrCtr                                 0x200000b4   Data           2  os_cpu_c.o(.data)
    .data                                    0x200000b6   Section     3728  oledfont.o(.data)
    .data                                    0x20000f46   Section        1  esp8266.o(.data)
    .data                                    0x20000f47   Section        1  user_exti.o(.data)
    .data                                    0x20000f48   Section        1  ds18b20.o(.data)
    .data                                    0x20000f4c   Section       20  system_stm32f10x.o(.data)
    .data                                    0x20000f60   Section        4  stdout.o(.data)
    .bss                                     0x20000f64   Section     2815  main.o(.bss)
    taskbutton_stk                           0x20000f64   Data         512  main.o(.bss)
    taskwifi_stk                             0x20001164   Data         512  main.o(.bss)
    tasklcd1_stk                             0x20001364   Data         512  main.o(.bss)
    tasktime_stk                             0x20001564   Data         512  main.o(.bss)
    tasktemp_stk                             0x20001764   Data         512  main.o(.bss)
    .bss                                     0x20001a64   Section     4952  os_core.o(.bss)
    .bss                                     0x20002dbc   Section       50  esp8266.o(.bss)
    STACK                                    0x20002df0   Section     1024  startup_stm32f10x_hd.o(STACK)

    Global Symbols

    Symbol Name                              Value     Ov Type        Size  Object(Section)

    BuildAttributes$$THM_ISAv4$P$D$K$B$S$PE$A:L22UL41UL21$X:L11$S22US41US21$IEEE1$IW$USESV6$~STKCKD$USESV7$~SHL$OTIME$ROPI$EBA8$MICROLIB$REQ8$PRES8$EABIv2 0x00000000   Number         0  anon$$obj.o ABSOLUTE
    __ARM_use_no_argv                        0x00000000   Number         0  main.o ABSOLUTE
    _printf_a                                0x00000000   Number         0  stubs.o ABSOLUTE
    _printf_c                                0x00000000   Number         0  stubs.o ABSOLUTE
    _printf_charcount                        0x00000000   Number         0  stubs.o ABSOLUTE
    _printf_d                                0x00000000   Number         0  stubs.o ABSOLUTE
    _printf_e                                0x00000000   Number         0  stubs.o ABSOLUTE
    _printf_f                                0x00000000   Number         0  stubs.o ABSOLUTE
    _printf_flags                            0x00000000   Number         0  stubs.o ABSOLUTE
    _printf_fp_dec                           0x00000000   Number         0  stubs.o ABSOLUTE
    _printf_fp_hex                           0x00000000   Number         0  stubs.o ABSOLUTE
    _printf_g                                0x00000000   Number         0  stubs.o ABSOLUTE
    _printf_i                                0x00000000   Number         0  stubs.o ABSOLUTE
    _printf_int_dec                          0x00000000   Number         0  stubs.o ABSOLUTE
    _printf_l                                0x00000000   Number         0  stubs.o ABSOLUTE
    _printf_lc                               0x00000000   Number         0  stubs.o ABSOLUTE
    _printf_ll                               0x00000000   Number         0  stubs.o ABSOLUTE
    _printf_lld                              0x00000000   Number         0  stubs.o ABSOLUTE
    _printf_lli                              0x00000000   Number         0  stubs.o ABSOLUTE
    _printf_llo                              0x00000000   Number         0  stubs.o ABSOLUTE
    _printf_llu                              0x00000000   Number         0  stubs.o ABSOLUTE
    _printf_llx                              0x00000000   Number         0  stubs.o ABSOLUTE
    _printf_longlong_dec                     0x00000000   Number         0  stubs.o ABSOLUTE
    _printf_longlong_hex                     0x00000000   Number         0  stubs.o ABSOLUTE
    _printf_longlong_oct                     0x00000000   Number         0  stubs.o ABSOLUTE
    _printf_ls                               0x00000000   Number         0  stubs.o ABSOLUTE
    _printf_mbtowc                           0x00000000   Number         0  stubs.o ABSOLUTE
    _printf_n                                0x00000000   Number         0  stubs.o ABSOLUTE
    _printf_o                                0x00000000   Number         0  stubs.o ABSOLUTE
    _printf_p                                0x00000000   Number         0  stubs.o ABSOLUTE
    _printf_percent                          0x00000000   Number         0  stubs.o ABSOLUTE
    _printf_pre_padding                      0x00000000   Number         0  stubs.o ABSOLUTE
    _printf_return_value                     0x00000000   Number         0  stubs.o ABSOLUTE
    _printf_s                                0x00000000   Number         0  stubs.o ABSOLUTE
    _printf_sizespec                         0x00000000   Number         0  stubs.o ABSOLUTE
    _printf_str                              0x00000000   Number         0  stubs.o ABSOLUTE
    _printf_truncate_signed                  0x00000000   Number         0  stubs.o ABSOLUTE
    _printf_truncate_unsigned                0x00000000   Number         0  stubs.o ABSOLUTE
    _printf_u                                0x00000000   Number         0  stubs.o ABSOLUTE
    _printf_wc                               0x00000000   Number         0  stubs.o ABSOLUTE
    _printf_wctomb                           0x00000000   Number         0  stubs.o ABSOLUTE
    _printf_widthprec                        0x00000000   Number         0  stubs.o ABSOLUTE
    _printf_x                                0x00000000   Number         0  stubs.o ABSOLUTE
    __cpp_initialize__aeabi_                  - Undefined Weak Reference
    __cxa_finalize                            - Undefined Weak Reference
    _clock_init                               - Undefined Weak Reference
    _microlib_exit                            - Undefined Weak Reference
    __Vectors_Size                           0x00000130   Number         0  startup_stm32f10x_hd.o ABSOLUTE
    __Vectors                                0x08000000   Data           4  startup_stm32f10x_hd.o(RESET)
    __Vectors_End                            0x08000130   Data           0  startup_stm32f10x_hd.o(RESET)
    __main                                   0x08000131   Thumb Code     0  entry.o(.ARM.Collect$$$$00000000)
    _main_stk                                0x08000131   Thumb Code     0  entry2.o(.ARM.Collect$$$$00000001)
    _main_scatterload                        0x08000135   Thumb Code     0  entry5.o(.ARM.Collect$$$$00000004)
    __main_after_scatterload                 0x08000139   Thumb Code     0  entry5.o(.ARM.Collect$$$$00000004)
    _main_clock                              0x08000139   Thumb Code     0  entry7b.o(.ARM.Collect$$$$00000008)
    _main_cpp_init                           0x08000139   Thumb Code     0  entry8b.o(.ARM.Collect$$$$0000000A)
    _main_init                               0x08000139   Thumb Code     0  entry9a.o(.ARM.Collect$$$$0000000B)
    __rt_final_cpp                           0x08000141   Thumb Code     0  entry10a.o(.ARM.Collect$$$$0000000D)
    __rt_final_exit                          0x08000141   Thumb Code     0  entry11a.o(.ARM.Collect$$$$0000000F)
    delay                                    0x080001d5   Thumb Code    16  main.o(.text)
    OV7670_tftlcd                            0x08000219   Thumb Code   172  main.o(.text)
    GPIO_Config                              0x08000be5   Thumb Code   286  main.o(.text)
    main                                     0x08000dab   Thumb Code   454  main.o(.text)
    NMI_Handler                              0x0800108d   Thumb Code     2  stm32f10x_it.o(.text)
    HardFault_Handler                        0x0800108f   Thumb Code     4  stm32f10x_it.o(.text)
    MemManage_Handler                        0x08001093   Thumb Code     4  stm32f10x_it.o(.text)
    BusFault_Handler                         0x08001097   Thumb Code     4  stm32f10x_it.o(.text)
    UsageFault_Handler                       0x0800109b   Thumb Code     4  stm32f10x_it.o(.text)
    SVC_Handler                              0x0800109f   Thumb Code     2  stm32f10x_it.o(.text)
    DebugMon_Handler                         0x080010a1   Thumb Code     2  stm32f10x_it.o(.text)
    PendSV_Handler                           0x080010a3   Thumb Code     2  stm32f10x_it.o(.text)
    SysTick_Handler                          0x080010a5   Thumb Code     2  stm32f10x_it.o(.text)
    NVIC_PriorityGroupConfig                 0x080010a9   Thumb Code    10  misc.o(.text)
    NVIC_Init                                0x080010b3   Thumb Code   100  misc.o(.text)
    NVIC_SetVectorTable                      0x08001117   Thumb Code    14  misc.o(.text)
    NVIC_SystemLPConfig                      0x08001125   Thumb Code    34  misc.o(.text)
    SysTick_CLKSourceConfig                  0x08001147   Thumb Code    40  misc.o(.text)
    EXTI_DeInit                              0x08001185   Thumb Code    28  stm32f10x_exti.o(.text)
    EXTI_Init                                0x080011a1   Thumb Code   142  stm32f10x_exti.o(.text)
    EXTI_StructInit                          0x0800122f   Thumb Code    16  stm32f10x_exti.o(.text)
    EXTI_GenerateSWInterrupt                 0x0800123f   Thumb Code    16  stm32f10x_exti.o(.text)
    EXTI_GetFlagStatus                       0x0800124f   Thumb Code    22  stm32f10x_exti.o(.text)
    EXTI_ClearFlag                           0x08001265   Thumb Code     8  stm32f10x_exti.o(.text)
    EXTI_GetITStatus                         0x0800126d   Thumb Code    34  stm32f10x_exti.o(.text)
    EXTI_ClearITPendingBit                   0x0800128f   Thumb Code     8  stm32f10x_exti.o(.text)
    FSMC_NORSRAMDeInit                       0x080012a1   Thumb Code    54  stm32f10x_fsmc.o(.text)
    FSMC_NANDDeInit                          0x080012d7   Thumb Code    62  stm32f10x_fsmc.o(.text)
    FSMC_PCCARDDeInit                        0x08001315   Thumb Code    36  stm32f10x_fsmc.o(.text)
    FSMC_NORSRAMInit                         0x08001339   Thumb Code   230  stm32f10x_fsmc.o(.text)
    FSMC_NANDInit                            0x0800141f   Thumb Code   132  stm32f10x_fsmc.o(.text)
    FSMC_PCCARDInit                          0x080014a3   Thumb Code   130  stm32f10x_fsmc.o(.text)
    FSMC_NORSRAMStructInit                   0x08001525   Thumb Code   114  stm32f10x_fsmc.o(.text)
    FSMC_NANDStructInit                      0x08001597   Thumb Code    54  stm32f10x_fsmc.o(.text)
    FSMC_PCCARDStructInit                    0x080015cd   Thumb Code    60  stm32f10x_fsmc.o(.text)
    FSMC_NORSRAMCmd                          0x08001609   Thumb Code    46  stm32f10x_fsmc.o(.text)
    FSMC_NANDCmd                             0x08001637   Thumb Code    86  stm32f10x_fsmc.o(.text)
    FSMC_PCCARDCmd                           0x0800168d   Thumb Code    44  stm32f10x_fsmc.o(.text)
    FSMC_NANDECCCmd                          0x080016b9   Thumb Code    90  stm32f10x_fsmc.o(.text)
    FSMC_GetECC                              0x08001713   Thumb Code    24  stm32f10x_fsmc.o(.text)
    FSMC_ITConfig                            0x0800172b   Thumb Code   128  stm32f10x_fsmc.o(.text)
    FSMC_GetFlagStatus                       0x080017ab   Thumb Code    54  stm32f10x_fsmc.o(.text)
    FSMC_ClearFlag                           0x080017e1   Thumb Code    62  stm32f10x_fsmc.o(.text)
    FSMC_GetITStatus                         0x0800181f   Thumb Code    64  stm32f10x_fsmc.o(.text)
    FSMC_ClearITPendingBit                   0x0800185f   Thumb Code    68  stm32f10x_fsmc.o(.text)
    GPIO_DeInit                              0x080018ad   Thumb Code   172  stm32f10x_gpio.o(.text)
    GPIO_AFIODeInit                          0x08001959   Thumb Code    20  stm32f10x_gpio.o(.text)
    GPIO_Init                                0x0800196d   Thumb Code   278  stm32f10x_gpio.o(.text)
    GPIO_StructInit                          0x08001a83   Thumb Code    16  stm32f10x_gpio.o(.text)
    GPIO_ReadInputDataBit                    0x08001a93   Thumb Code    18  stm32f10x_gpio.o(.text)
    GPIO_ReadInputData                       0x08001aa5   Thumb Code     8  stm32f10x_gpio.o(.text)
    GPIO_ReadOutputDataBit                   0x08001aad   Thumb Code    18  stm32f10x_gpio.o(.text)
    GPIO_ReadOutputData                      0x08001abf   Thumb Code     8  stm32f10x_gpio.o(.text)
    GPIO_SetBits                             0x08001ac7   Thumb Code     4  stm32f10x_gpio.o(.text)
    GPIO_ResetBits                           0x08001acb   Thumb Code     4  stm32f10x_gpio.o(.text)
    GPIO_WriteBit                            0x08001acf   Thumb Code    10  stm32f10x_gpio.o(.text)
    GPIO_Write                               0x08001ad9   Thumb Code     4  stm32f10x_gpio.o(.text)
    GPIO_PinLockConfig                       0x08001add   Thumb Code    18  stm32f10x_gpio.o(.text)
    GPIO_EventOutputConfig                   0x08001aef   Thumb Code    26  stm32f10x_gpio.o(.text)
    GPIO_EventOutputCmd                      0x08001b09   Thumb Code     6  stm32f10x_gpio.o(.text)
    GPIO_PinRemapConfig                      0x08001b0f   Thumb Code   138  stm32f10x_gpio.o(.text)
    GPIO_EXTILineConfig                      0x08001b99   Thumb Code    66  stm32f10x_gpio.o(.text)
    GPIO_ETH_MediaInterfaceConfig            0x08001bdb   Thumb Code     8  stm32f10x_gpio.o(.text)
    RCC_DeInit                               0x08001c09   Thumb Code    64  stm32f10x_rcc.o(.text)
    RCC_HSEConfig                            0x08001c49   Thumb Code    70  stm32f10x_rcc.o(.text)
    RCC_GetFlagStatus                        0x08001c8f   Thumb Code    56  stm32f10x_rcc.o(.text)
    RCC_WaitForHSEStartUp                    0x08001cc7   Thumb Code    56  stm32f10x_rcc.o(.text)
    RCC_AdjustHSICalibrationValue            0x08001cff   Thumb Code    20  stm32f10x_rcc.o(.text)
    RCC_HSICmd                               0x08001d13   Thumb Code     6  stm32f10x_rcc.o(.text)
    RCC_PLLConfig                            0x08001d19   Thumb Code    24  stm32f10x_rcc.o(.text)
    RCC_PLLCmd                               0x08001d31   Thumb Code     6  stm32f10x_rcc.o(.text)
    RCC_SYSCLKConfig                         0x08001d37   Thumb Code    18  stm32f10x_rcc.o(.text)
    RCC_GetSYSCLKSource                      0x08001d49   Thumb Code    10  stm32f10x_rcc.o(.text)
    RCC_HCLKConfig                           0x08001d53   Thumb Code    18  stm32f10x_rcc.o(.text)
    RCC_PCLK1Config                          0x08001d65   Thumb Code    18  stm32f10x_rcc.o(.text)
    RCC_PCLK2Config                          0x08001d77   Thumb Code    20  stm32f10x_rcc.o(.text)
    RCC_ITConfig                             0x08001d8b   Thumb Code    26  stm32f10x_rcc.o(.text)
    RCC_USBCLKConfig                         0x08001da5   Thumb Code     8  stm32f10x_rcc.o(.text)
    RCC_ADCCLKConfig                         0x08001dad   Thumb Code    18  stm32f10x_rcc.o(.text)
    RCC_LSEConfig                            0x08001dbf   Thumb Code    50  stm32f10x_rcc.o(.text)
    RCC_LSICmd                               0x08001df1   Thumb Code     6  stm32f10x_rcc.o(.text)
    RCC_RTCCLKConfig                         0x08001df7   Thumb Code    12  stm32f10x_rcc.o(.text)
    RCC_RTCCLKCmd                            0x08001e03   Thumb Code     8  stm32f10x_rcc.o(.text)
    RCC_GetClocksFreq                        0x08001e0b   Thumb Code   192  stm32f10x_rcc.o(.text)
    RCC_AHBPeriphClockCmd                    0x08001ecb   Thumb Code    26  stm32f10x_rcc.o(.text)
    RCC_APB2PeriphClockCmd                   0x08001ee5   Thumb Code    26  stm32f10x_rcc.o(.text)
    RCC_APB1PeriphClockCmd                   0x08001eff   Thumb Code    26  stm32f10x_rcc.o(.text)
    RCC_APB2PeriphResetCmd                   0x08001f19   Thumb Code    26  stm32f10x_rcc.o(.text)
    RCC_APB1PeriphResetCmd                   0x08001f33   Thumb Code    26  stm32f10x_rcc.o(.text)
    RCC_BackupResetCmd                       0x08001f4d   Thumb Code     8  stm32f10x_rcc.o(.text)
    RCC_ClockSecuritySystemCmd               0x08001f55   Thumb Code     6  stm32f10x_rcc.o(.text)
    RCC_MCOConfig                            0x08001f5b   Thumb Code     6  stm32f10x_rcc.o(.text)
    RCC_ClearFlag                            0x08001f61   Thumb Code    14  stm32f10x_rcc.o(.text)
    RCC_GetITStatus                          0x08001f6f   Thumb Code    20  stm32f10x_rcc.o(.text)
    RCC_ClearITPendingBit                    0x08001f83   Thumb Code     6  stm32f10x_rcc.o(.text)
    SPI_I2S_DeInit                           0x08001fad   Thumb Code    76  stm32f10x_spi.o(.text)
    SPI_Init                                 0x08001ff9   Thumb Code    60  stm32f10x_spi.o(.text)
    I2S_Init                                 0x08002035   Thumb Code   226  stm32f10x_spi.o(.text)
    SPI_StructInit                           0x08002117   Thumb Code    24  stm32f10x_spi.o(.text)
    I2S_StructInit                           0x0800212f   Thumb Code    20  stm32f10x_spi.o(.text)
    SPI_Cmd                                  0x08002143   Thumb Code    24  stm32f10x_spi.o(.text)
    I2S_Cmd                                  0x0800215b   Thumb Code    24  stm32f10x_spi.o(.text)
    SPI_I2S_ITConfig                         0x08002173   Thumb Code    32  stm32f10x_spi.o(.text)
    SPI_I2S_DMACmd                           0x08002193   Thumb Code    18  stm32f10x_spi.o(.text)
    SPI_I2S_SendData                         0x080021a5   Thumb Code     4  stm32f10x_spi.o(.text)
    SPI_I2S_ReceiveData                      0x080021a9   Thumb Code     6  stm32f10x_spi.o(.text)
    SPI_NSSInternalSoftwareConfig            0x080021af   Thumb Code    30  stm32f10x_spi.o(.text)
    SPI_SSOutputCmd                          0x080021cd   Thumb Code    24  stm32f10x_spi.o(.text)
    SPI_DataSizeConfig                       0x080021e5   Thumb Code    18  stm32f10x_spi.o(.text)
    SPI_TransmitCRC                          0x080021f7   Thumb Code    10  stm32f10x_spi.o(.text)
    SPI_CalculateCRC                         0x08002201   Thumb Code    24  stm32f10x_spi.o(.text)
    SPI_GetCRC                               0x08002219   Thumb Code    16  stm32f10x_spi.o(.text)
    SPI_GetCRCPolynomial                     0x08002229   Thumb Code     6  stm32f10x_spi.o(.text)
    SPI_BiDirectionalLineConfig              0x0800222f   Thumb Code    28  stm32f10x_spi.o(.text)
    SPI_I2S_GetFlagStatus                    0x0800224b   Thumb Code    18  stm32f10x_spi.o(.text)
    SPI_I2S_ClearFlag                        0x0800225d   Thumb Code     6  stm32f10x_spi.o(.text)
    SPI_I2S_GetITStatus                      0x08002263   Thumb Code    52  stm32f10x_spi.o(.text)
    SPI_I2S_ClearITPendingBit                0x08002297   Thumb Code    20  stm32f10x_spi.o(.text)
    USART_DeInit                             0x080022b9   Thumb Code   134  stm32f10x_usart.o(.text)
    USART_Init                               0x0800233f   Thumb Code   210  stm32f10x_usart.o(.text)
    USART_StructInit                         0x08002411   Thumb Code    24  stm32f10x_usart.o(.text)
    USART_ClockInit                          0x08002429   Thumb Code    34  stm32f10x_usart.o(.text)
    USART_ClockStructInit                    0x0800244b   Thumb Code    12  stm32f10x_usart.o(.text)
    USART_Cmd                                0x08002457   Thumb Code    24  stm32f10x_usart.o(.text)
    USART_ITConfig                           0x0800246f   Thumb Code    74  stm32f10x_usart.o(.text)
    USART_DMACmd                             0x080024b9   Thumb Code    18  stm32f10x_usart.o(.text)
    USART_SetAddress                         0x080024cb   Thumb Code    18  stm32f10x_usart.o(.text)
    USART_WakeUpConfig                       0x080024dd   Thumb Code    18  stm32f10x_usart.o(.text)
    USART_ReceiverWakeUpCmd                  0x080024ef   Thumb Code    24  stm32f10x_usart.o(.text)
    USART_LINBreakDetectLengthConfig         0x08002507   Thumb Code    18  stm32f10x_usart.o(.text)
    USART_LINCmd                             0x08002519   Thumb Code    24  stm32f10x_usart.o(.text)
    USART_SendData                           0x08002531   Thumb Code     8  stm32f10x_usart.o(.text)
    USART_ReceiveData                        0x08002539   Thumb Code    10  stm32f10x_usart.o(.text)
    USART_SendBreak                          0x08002543   Thumb Code    10  stm32f10x_usart.o(.text)
    USART_SetGuardTime                       0x0800254d   Thumb Code    16  stm32f10x_usart.o(.text)
    USART_SetPrescaler                       0x0800255d   Thumb Code    16  stm32f10x_usart.o(.text)
    USART_SmartCardCmd                       0x0800256d   Thumb Code    24  stm32f10x_usart.o(.text)
    USART_SmartCardNACKCmd                   0x08002585   Thumb Code    24  stm32f10x_usart.o(.text)
    USART_HalfDuplexCmd                      0x0800259d   Thumb Code    24  stm32f10x_usart.o(.text)
    USART_OverSampling8Cmd                   0x080025b5   Thumb Code    22  stm32f10x_usart.o(.text)
    USART_OneBitMethodCmd                    0x080025cb   Thumb Code    24  stm32f10x_usart.o(.text)
    USART_IrDAConfig                         0x080025e3   Thumb Code    18  stm32f10x_usart.o(.text)
    USART_IrDACmd                            0x080025f5   Thumb Code    24  stm32f10x_usart.o(.text)
    USART_GetFlagStatus                      0x0800260d   Thumb Code    26  stm32f10x_usart.o(.text)
    USART_ClearFlag                          0x08002627   Thumb Code    18  stm32f10x_usart.o(.text)
    USART_GetITStatus                        0x08002639   Thumb Code    84  stm32f10x_usart.o(.text)
    USART_ClearITPendingBit                  0x0800268d   Thumb Code    52  stm32f10x_usart.o(.text)
    OS_StrCopy                               0x080026c1   Thumb Code    28  os_core.o(.text)
    OSEventNameGet                           0x080026dd   Thumb Code   126  os_core.o(.text)
    OS_StrLen                                0x0800275b   Thumb Code    20  os_core.o(.text)
    OSEventNameSet                           0x0800276f   Thumb Code   140  os_core.o(.text)
    OS_EventTaskRemoveMulti                  0x080027fb   Thumb Code    58  os_core.o(.text)
    OS_Sched                                 0x0800284f   Thumb Code    86  os_core.o(.text)
    OS_EventTaskWaitMulti                    0x080028a5   Thumb Code   136  os_core.o(.text)
    OSEventPendMulti                         0x0800292d   Thumb Code   760  os_core.o(.text)
    OS_TaskStatStkChk                        0x08002c25   Thumb Code    54  os_core.o(.text)
    OS_TaskStat                              0x08002c5b   Thumb Code   114  os_core.o(.text)
    OS_TaskIdle                              0x08002d01   Thumb Code    32  os_core.o(.text)
    OS_MemClr                                0x08002d55   Thumb Code    18  os_core.o(.text)
    OSInit                                   0x08002e5d   Thumb Code    56  os_core.o(.text)
    OSIntEnter                               0x08002e95   Thumb Code    28  os_core.o(.text)
    OSIntExit                                0x08002eb1   Thumb Code   252  os_core.o(.text)
    OSSchedLock                              0x08002fad   Thumb Code    50  os_core.o(.text)
    OSSchedUnlock                            0x08002fdf   Thumb Code    84  os_core.o(.text)
    OSStart                                  0x08003033   Thumb Code    48  os_core.o(.text)
    OSStatInit                               0x08003063   Thumb Code    62  os_core.o(.text)
    OSTimeTick                               0x080030a1   Thumb Code   210  os_core.o(.text)
    OSVersion                                0x08003173   Thumb Code     6  os_core.o(.text)
    OS_Dummy                                 0x08003179   Thumb Code     2  os_core.o(.text)
    OS_EventTaskRemove                       0x0800317b   Thumb Code    42  os_core.o(.text)
    OS_EventTaskRdy                          0x080031a5   Thumb Code   128  os_core.o(.text)
    OS_EventTaskWait                         0x08003225   Thumb Code   112  os_core.o(.text)
    OS_EventWaitListInit                     0x08003295   Thumb Code    28  os_core.o(.text)
    OS_MemCopy                               0x080032b1   Thumb Code    20  os_core.o(.text)
    OS_TCBInit                               0x080032c5   Thumb Code   340  os_core.o(.text)
    OSFlagAccept                             0x08003421   Thumb Code   268  os_flag.o(.text)
    OSFlagCreate                             0x0800352d   Thumb Code    98  os_flag.o(.text)
    OS_FlagUnlink                            0x0800358f   Thumb Code    36  os_flag.o(.text)
    OSFlagDel                                0x08003605   Thumb Code   240  os_flag.o(.text)
    OSFlagNameGet                            0x080036f5   Thumb Code   108  os_flag.o(.text)
    OSFlagNameSet                            0x08003761   Thumb Code   122  os_flag.o(.text)
    OSFlagPend                               0x08003873   Thumb Code   628  os_flag.o(.text)
    OSFlagPendGetFlagsRdy                    0x08003ae7   Thumb Code    26  os_flag.o(.text)
    OSFlagPost                               0x08003b01   Thumb Code   326  os_flag.o(.text)
    OSFlagQuery                              0x08003c47   Thumb Code    64  os_flag.o(.text)
    OS_FlagInit                              0x08003c87   Thumb Code    68  os_flag.o(.text)
    OSMemCreate                              0x08003cd9   Thumb Code   166  os_mem.o(.text)
    OSMemGet                                 0x08003d7f   Thumb Code    78  os_mem.o(.text)
    OSMemNameGet                             0x08003dcd   Thumb Code    88  os_mem.o(.text)
    OSMemNameSet                             0x08003e25   Thumb Code   104  os_mem.o(.text)
    OSMemPut                                 0x08003e8d   Thumb Code    66  os_mem.o(.text)
    OSMemQuery                               0x08003ecf   Thumb Code    64  os_mem.o(.text)
    OS_MemInit                               0x08003f0f   Thumb Code    68  os_mem.o(.text)
    OSQAccept                                0x08003f61   Thumb Code   106  os_q.o(.text)
    OSQCreate                                0x08003fcb   Thumb Code   150  os_q.o(.text)
    OSQDel                                   0x08004061   Thumb Code   270  os_q.o(.text)
    OSQFlush                                 0x0800416f   Thumb Code    52  os_q.o(.text)
    OSQPend                                  0x080041a3   Thumb Code   300  os_q.o(.text)
    OSQPendAbort                             0x080042cf   Thumb Code   144  os_q.o(.text)
    OSQPost                                  0x0800435f   Thumb Code   142  os_q.o(.text)
    OSQPostFront                             0x080043ed   Thumb Code   122  os_q.o(.text)
    OSQPostOpt                               0x08004467   Thumb Code   188  os_q.o(.text)
    OSQQuery                                 0x08004523   Thumb Code   112  os_q.o(.text)
    OS_QInit                                 0x08004593   Thumb Code    46  os_q.o(.text)
    OSSemAccept                              0x080045c9   Thumb Code    50  os_sem.o(.text)
    OSSemCreate                              0x080045fb   Thumb Code    78  os_sem.o(.text)
    OSSemDel                                 0x08004649   Thumb Code   236  os_sem.o(.text)
    OSSemPend                                0x08004735   Thumb Code   246  os_sem.o(.text)
    OSSemPendAbort                           0x0800482b   Thumb Code   144  os_sem.o(.text)
    OSSemPost                                0x080048bb   Thumb Code    94  os_sem.o(.text)
    OSSemQuery                               0x08004919   Thumb Code    94  os_sem.o(.text)
    OSSemSet                                 0x08004977   Thumb Code    80  os_sem.o(.text)
    OSTaskChangePrio                         0x080049d9   Thumb Code   418  os_task.o(.text)
    OSTaskCreate                             0x08004b7b   Thumb Code   158  os_task.o(.text)
    OS_TaskStkClr                            0x08004c19   Thumb Code    26  os_task.o(.text)
    OSTaskCreateExt                          0x08004c33   Thumb Code   180  os_task.o(.text)
    OSTaskDel                                0x08004ce7   Thumb Code   366  os_task.o(.text)
    OSTaskDelReq                             0x08004e55   Thumb Code   112  os_task.o(.text)
    OSTaskNameGet                            0x08004ec5   Thumb Code   148  os_task.o(.text)
    OSTaskNameSet                            0x08004f59   Thumb Code   160  os_task.o(.text)
    OSTaskResume                             0x08004ff9   Thumb Code   162  os_task.o(.text)
    OSTaskStkChk                             0x0800509b   Thumb Code   150  os_task.o(.text)
    OSTaskSuspend                            0x08005131   Thumb Code   172  os_task.o(.text)
    OSTaskQuery                              0x080051dd   Thumb Code   130  os_task.o(.text)
    OSTimeDly                                0x08005261   Thumb Code    96  os_time.o(.text)
    OSTimeDlyHMSM                            0x080052c1   Thumb Code   160  os_time.o(.text)
    OSTimeDlyResume                          0x08005361   Thumb Code   168  os_time.o(.text)
    OSTimeGet                                0x08005409   Thumb Code    24  os_time.o(.text)
    OSTimeSet                                0x08005421   Thumb Code    24  os_time.o(.text)
    OSTmrCreate                              0x0800549f   Thumb Code   200  os_tmr.o(.text)
    OSTmrDel                                 0x080055e7   Thumb Code   142  os_tmr.o(.text)
    OSTmrNameGet                             0x08005675   Thumb Code   142  os_tmr.o(.text)
    OSTmrRemainGet                           0x08005703   Thumb Code   182  os_tmr.o(.text)
    OSTmrStateGet                            0x080057b9   Thumb Code   104  os_tmr.o(.text)
    OSTmrStart                               0x080058a3   Thumb Code   146  os_tmr.o(.text)
    OSTmrStop                                0x08005935   Thumb Code   198  os_tmr.o(.text)
    OSTmrSignal                              0x080059fb   Thumb Code    16  os_tmr.o(.text)
    OSTmr_Init                               0x08005aad   Thumb Code   162  os_tmr.o(.text)
    OS_CPU_SR_Save                           0x08005ba9   Thumb Code     0  os_cpu_a.o(.text)
    OS_CPU_SR_Restore                        0x08005bb1   Thumb Code     0  os_cpu_a.o(.text)
    OSStartHighRdy                           0x08005bb7   Thumb Code     0  os_cpu_a.o(.text)
    OSCtxSw                                  0x08005bd7   Thumb Code     0  os_cpu_a.o(.text)
    OSIntCtxSw                               0x08005be1   Thumb Code     0  os_cpu_a.o(.text)
    OS_CPU_PendSVHandler                     0x08005beb   Thumb Code     0  os_cpu_a.o(.text)
    OSInitHookBegin                          0x08005c4d   Thumb Code     8  os_cpu_c.o(.text)
    OSInitHookEnd                            0x08005c55   Thumb Code     2  os_cpu_c.o(.text)
    OSTaskCreateHook                         0x08005c57   Thumb Code     2  os_cpu_c.o(.text)
    OSTaskDelHook                            0x08005c59   Thumb Code     2  os_cpu_c.o(.text)
    OSTaskIdleHook                           0x08005c5b   Thumb Code     2  os_cpu_c.o(.text)
    OSTaskStatHook                           0x08005c5d   Thumb Code     2  os_cpu_c.o(.text)
    OSTaskStkInit                            0x08005c5f   Thumb Code   154  os_cpu_c.o(.text)
    OSTaskSwHook                             0x08005cf9   Thumb Code     2  os_cpu_c.o(.text)
    OSTCBInitHook                            0x08005cfb   Thumb Code     2  os_cpu_c.o(.text)
    OSTimeTickHook                           0x08005cfd   Thumb Code    30  os_cpu_c.o(.text)
    OS_CPU_SysTickHandler                    0x08005d1b   Thumb Code    34  os_cpu_c.o(.text)
    OS_CPU_SysTickInit                       0x08005d3d   Thumb Code    54  os_cpu_c.o(.text)
    OSDebugInit                              0x08005d85   Thumb Code    94  os_dbg.o(.text)
    SPI_GPIO_Init                            0x08005f29   Thumb Code    96  oled.o(.text)
    SPI2_ReadWriteByte                       0x08005f89   Thumb Code   100  oled.o(.text)
    SPI2_Init                                0x08005fed   Thumb Code   102  oled.o(.text)
    OLED_Set_Pos                             0x08006053   Thumb Code    46  oled.o(.text)
    OLED_Fill                                0x08006081   Thumb Code    66  oled.o(.text)
    OLED_ShowChar                            0x080060c3   Thumb Code   106  oled.o(.text)
    LCD_P8x16Str                             0x0800612d   Thumb Code   134  oled.o(.text)
    LCD_P16x16Ch                             0x080061b3   Thumb Code    84  oled.o(.text)
    OLED_DrawBMP                             0x08006207   Thumb Code   120  oled.o(.text)
    OLED_Init                                0x0800627f   Thumb Code   312  oled.o(.text)
    esp8266_init                             0x080063c9   Thumb Code    96  esp8266.o(.text)
    USART3_Init                              0x08006429   Thumb Code   144  esp8266.o(.text)
    USART3_SendByte                          0x080064b9   Thumb Code    28  esp8266.o(.text)
    fputc                                    0x080064d5   Thumb Code    32  esp8266.o(.text)
    fgetc                                    0x080064f5   Thumb Code    26  esp8266.o(.text)
    Hand                                     0x0800650f   Thumb Code    22  esp8266.o(.text)
    CLR_Buf                                  0x08006525   Thumb Code    26  esp8266.o(.text)
    USART3_IRQHandler                        0x0800653f   Thumb Code    62  esp8266.o(.text)
    OV7670_PA1_Init                          0x08006591   Thumb Code    76  user_exti.o(.text)
    EXTI1_IRQHandler                         0x080065dd   Thumb Code    56  user_exti.o(.text)
    leds_off                                 0x08006621   Thumb Code    32  led.o(.text)
    leds_init                                0x08006641   Thumb Code    76  led.o(.text)
    leds_on                                  0x0800668d   Thumb Code    32  led.o(.text)
    led_on                                   0x080066ad   Thumb Code    44  led.o(.text)
    led_off                                  0x080066d9   Thumb Code    44  led.o(.text)
    led_toggle                               0x08006705   Thumb Code    66  led.o(.text)
    LCD_GPIO_Config                          0x080067f5   Thumb Code   178  user_ili9341_lcd.o(.text)
    LCD_FSMC_Config                          0x080068a7   Thumb Code    94  user_ili9341_lcd.o(.text)
    LCD_Rst                                  0x08006905   Thumb Code    36  user_ili9341_lcd.o(.text)
    LCD_REG_Config                           0x08006929   Thumb Code   574  user_ili9341_lcd.o(.text)
    LCD_Init                                 0x08006b67   Thumb Code    20  user_ili9341_lcd.o(.text)
    Lcd_GramScan                             0x08006b7b   Thumb Code   222  user_ili9341_lcd.o(.text)
    LCD_Clear                                0x08006c59   Thumb Code   106  user_ili9341_lcd.o(.text)
    LCD_SetCursor                            0x08006cc3   Thumb Code    54  user_ili9341_lcd.o(.text)
    LCD_OpenWindow                           0x08006cf9   Thumb Code    76  user_ili9341_lcd.o(.text)
    LCD_SetPoint                             0x08006d45   Thumb Code    30  user_ili9341_lcd.o(.text)
    LCD_RD_data                              0x08006d63   Thumb Code    34  user_ili9341_lcd.o(.text)
    LCD_GetPoint                             0x08006d85   Thumb Code    32  user_ili9341_lcd.o(.text)
    LCD_DispChar                             0x08006da5   Thumb Code   104  user_ili9341_lcd.o(.text)
    LCD_DispStr                              0x08006e0d   Thumb Code    60  user_ili9341_lcd.o(.text)
    LCD_DisNum                               0x08006e49   Thumb Code   104  user_ili9341_lcd.o(.text)
    OV7670_Init                              0x08006f5d   Thumb Code   314  ov7670.o(.text)
    OV7670_Light_Mode                        0x08007097   Thumb Code    92  ov7670.o(.text)
    OV7670_Color_Saturation                  0x080070f3   Thumb Code   152  ov7670.o(.text)
    OV7670_Brightness                        0x0800718b   Thumb Code    50  ov7670.o(.text)
    OV7670_Contrast                          0x080071bd   Thumb Code    50  ov7670.o(.text)
    OV7670_Special_Effects                   0x080071ef   Thumb Code   106  ov7670.o(.text)
    OV7670_Window_Set                        0x08007259   Thumb Code   138  ov7670.o(.text)
    SCCB_GPIO_Init                           0x0800738d   Thumb Code    64  sccb.o(.text)
    SCCB_SDA_OUT                             0x080073cd   Thumb Code    38  sccb.o(.text)
    SCCB_SDA_IN                              0x080073f3   Thumb Code    38  sccb.o(.text)
    SCCB_Start                               0x08007419   Thumb Code    48  sccb.o(.text)
    SCCB_Stop                                0x08007449   Thumb Code    46  sccb.o(.text)
    SCCB_No_Ack                              0x08007477   Thumb Code    60  sccb.o(.text)
    SCCB_WriteAbyte                          0x080074b3   Thumb Code   130  sccb.o(.text)
    SCCB_ReadAbyte                           0x08007535   Thumb Code    76  sccb.o(.text)
    SCCB_Write_Reg                           0x08007581   Thumb Code    62  sccb.o(.text)
    SCCB_Read_Reg                            0x080075bf   Thumb Code    78  sccb.o(.text)
    DS18B20_Read_Byte                        0x080077b1   Thumb Code    34  ds18b20.o(.text)
    DS18B20_Write_Byte                       0x080077d3   Thumb Code    88  ds18b20.o(.text)
    DS18B20_Init                             0x0800782b   Thumb Code    16  ds18b20.o(.text)
    DS18B20_Get_Temp                         0x0800783b   Thumb Code   140  ds18b20.o(.text)
    IIC_GPIO_Init                            0x08007965   Thumb Code    38  user_iic.o(.text)
    IIC_Start                                0x0800798b   Thumb Code    96  user_iic.o(.text)
    IIC_Stop                                 0x080079eb   Thumb Code    46  user_iic.o(.text)
    IIC_Ack                                  0x08007a19   Thumb Code    62  user_iic.o(.text)
    IIC_NAck                                 0x08007a57   Thumb Code    52  user_iic.o(.text)
    IIC_Wait_Ack                             0x08007a8b   Thumb Code    96  user_iic.o(.text)
    IIC_Send_Byte                            0x08007aeb   Thumb Code   102  user_iic.o(.text)
    IIC_Read_Byte                            0x08007b51   Thumb Code    86  user_iic.o(.text)
    USART1_Init                              0x08007bad   Thumb Code   158  user_usart.o(.text)
    fputc_usart1                             0x08007c4b   Thumb Code    32  user_usart.o(.text)
    fgetc_usart1                             0x08007c6b   Thumb Code    26  user_usart.o(.text)
    Reset_Handler                            0x08007c8d   Thumb Code     8  startup_stm32f10x_hd.o(.text)
    ADC1_2_IRQHandler                        0x08007ca7   Thumb Code     0  startup_stm32f10x_hd.o(.text)
    ADC3_IRQHandler                          0x08007ca7   Thumb Code     0  startup_stm32f10x_hd.o(.text)
    CAN1_RX1_IRQHandler                      0x08007ca7   Thumb Code     0  startup_stm32f10x_hd.o(.text)
    CAN1_SCE_IRQHandler                      0x08007ca7   Thumb Code     0  startup_stm32f10x_hd.o(.text)
    DMA1_Channel1_IRQHandler                 0x08007ca7   Thumb Code     0  startup_stm32f10x_hd.o(.text)
    DMA1_Channel2_IRQHandler                 0x08007ca7   Thumb Code     0  startup_stm32f10x_hd.o(.text)
    DMA1_Channel3_IRQHandler                 0x08007ca7   Thumb Code     0  startup_stm32f10x_hd.o(.text)
    DMA1_Channel4_IRQHandler                 0x08007ca7   Thumb Code     0  startup_stm32f10x_hd.o(.text)
    DMA1_Channel5_IRQHandler                 0x08007ca7   Thumb Code     0  startup_stm32f10x_hd.o(.text)
    DMA1_Channel6_IRQHandler                 0x08007ca7   Thumb Code     0  startup_stm32f10x_hd.o(.text)
    DMA1_Channel7_IRQHandler                 0x08007ca7   Thumb Code     0  startup_stm32f10x_hd.o(.text)
    DMA2_Channel1_IRQHandler                 0x08007ca7   Thumb Code     0  startup_stm32f10x_hd.o(.text)
    DMA2_Channel2_IRQHandler                 0x08007ca7   Thumb Code     0  startup_stm32f10x_hd.o(.text)
    DMA2_Channel3_IRQHandler                 0x08007ca7   Thumb Code     0  startup_stm32f10x_hd.o(.text)
    DMA2_Channel4_5_IRQHandler               0x08007ca7   Thumb Code     0  startup_stm32f10x_hd.o(.text)
    EXTI0_IRQHandler                         0x08007ca7   Thumb Code     0  startup_stm32f10x_hd.o(.text)
    EXTI15_10_IRQHandler                     0x08007ca7   Thumb Code     0  startup_stm32f10x_hd.o(.text)
    EXTI2_IRQHandler                         0x08007ca7   Thumb Code     0  startup_stm32f10x_hd.o(.text)
    EXTI3_IRQHandler                         0x08007ca7   Thumb Code     0  startup_stm32f10x_hd.o(.text)
    EXTI4_IRQHandler                         0x08007ca7   Thumb Code     0  startup_stm32f10x_hd.o(.text)
    EXTI9_5_IRQHandler                       0x08007ca7   Thumb Code     0  startup_stm32f10x_hd.o(.text)
    FLASH_IRQHandler                         0x08007ca7   Thumb Code     0  startup_stm32f10x_hd.o(.text)
    FSMC_IRQHandler                          0x08007ca7   Thumb Code     0  startup_stm32f10x_hd.o(.text)
    I2C1_ER_IRQHandler                       0x08007ca7   Thumb Code     0  startup_stm32f10x_hd.o(.text)
    I2C1_EV_IRQHandler                       0x08007ca7   Thumb Code     0  startup_stm32f10x_hd.o(.text)
    I2C2_ER_IRQHandler                       0x08007ca7   Thumb Code     0  startup_stm32f10x_hd.o(.text)
    I2C2_EV_IRQHandler                       0x08007ca7   Thumb Code     0  startup_stm32f10x_hd.o(.text)
    PVD_IRQHandler                           0x08007ca7   Thumb Code     0  startup_stm32f10x_hd.o(.text)
    RCC_IRQHandler                           0x08007ca7   Thumb Code     0  startup_stm32f10x_hd.o(.text)
    RTCAlarm_IRQHandler                      0x08007ca7   Thumb Code     0  startup_stm32f10x_hd.o(.text)
    RTC_IRQHandler                           0x08007ca7   Thumb Code     0  startup_stm32f10x_hd.o(.text)
    SDIO_IRQHandler                          0x08007ca7   Thumb Code     0  startup_stm32f10x_hd.o(.text)
    SPI1_IRQHandler                          0x08007ca7   Thumb Code     0  startup_stm32f10x_hd.o(.text)
    SPI2_IRQHandler                          0x08007ca7   Thumb Code     0  startup_stm32f10x_hd.o(.text)
    SPI3_IRQHandler                          0x08007ca7   Thumb Code     0  startup_stm32f10x_hd.o(.text)
    TAMPER_IRQHandler                        0x08007ca7   Thumb Code     0  startup_stm32f10x_hd.o(.text)
    TIM1_BRK_IRQHandler                      0x08007ca7   Thumb Code     0  startup_stm32f10x_hd.o(.text)
    TIM1_CC_IRQHandler                       0x08007ca7   Thumb Code     0  startup_stm32f10x_hd.o(.text)
    TIM1_TRG_COM_IRQHandler                  0x08007ca7   Thumb Code     0  startup_stm32f10x_hd.o(.text)
    TIM1_UP_IRQHandler                       0x08007ca7   Thumb Code     0  startup_stm32f10x_hd.o(.text)
    TIM2_IRQHandler                          0x08007ca7   Thumb Code     0  startup_stm32f10x_hd.o(.text)
    TIM3_IRQHandler                          0x08007ca7   Thumb Code     0  startup_stm32f10x_hd.o(.text)
    TIM4_IRQHandler                          0x08007ca7   Thumb Code     0  startup_stm32f10x_hd.o(.text)
    TIM5_IRQHandler                          0x08007ca7   Thumb Code     0  startup_stm32f10x_hd.o(.text)
    TIM6_IRQHandler                          0x08007ca7   Thumb Code     0  startup_stm32f10x_hd.o(.text)
    TIM7_IRQHandler                          0x08007ca7   Thumb Code     0  startup_stm32f10x_hd.o(.text)
    TIM8_BRK_IRQHandler                      0x08007ca7   Thumb Code     0  startup_stm32f10x_hd.o(.text)
    TIM8_CC_IRQHandler                       0x08007ca7   Thumb Code     0  startup_stm32f10x_hd.o(.text)
    TIM8_TRG_COM_IRQHandler                  0x08007ca7   Thumb Code     0  startup_stm32f10x_hd.o(.text)
    TIM8_UP_IRQHandler                       0x08007ca7   Thumb Code     0  startup_stm32f10x_hd.o(.text)
    UART4_IRQHandler                         0x08007ca7   Thumb Code     0  startup_stm32f10x_hd.o(.text)
    UART5_IRQHandler                         0x08007ca7   Thumb Code     0  startup_stm32f10x_hd.o(.text)
    USART1_IRQHandler                        0x08007ca7   Thumb Code     0  startup_stm32f10x_hd.o(.text)
    USART2_IRQHandler                        0x08007ca7   Thumb Code     0  startup_stm32f10x_hd.o(.text)
    USBWakeUp_IRQHandler                     0x08007ca7   Thumb Code     0  startup_stm32f10x_hd.o(.text)
    USB_HP_CAN1_TX_IRQHandler                0x08007ca7   Thumb Code     0  startup_stm32f10x_hd.o(.text)
    USB_LP_CAN1_RX0_IRQHandler               0x08007ca7   Thumb Code     0  startup_stm32f10x_hd.o(.text)
    WWDG_IRQHandler                          0x08007ca7   Thumb Code     0  startup_stm32f10x_hd.o(.text)
    SystemInit                               0x08007d8f   Thumb Code    78  system_stm32f10x.o(.text)
    SystemCoreClockUpdate                    0x08007ddd   Thumb Code   142  system_stm32f10x.o(.text)
    strcat                                   0x08007e91   Thumb Code    24  strcat.o(.text)
    strstr                                   0x08007ea9   Thumb Code    36  strstr.o(.text)
    strlen                                   0x08007ecd   Thumb Code    14  strlen.o(.text)
    __aeabi_dmul                             0x08007edb   Thumb Code   228  dmul.o(.text)
    __aeabi_i2d                              0x08007fbf   Thumb Code    34  dflti.o(.text)
    __aeabi_f2d                              0x08007fe1   Thumb Code    38  f2d.o(.text)
    __aeabi_d2f                              0x08008007   Thumb Code    56  d2f.o(.text)
    __aeabi_uidiv                            0x0800803f   Thumb Code     0  uidiv.o(.text)
    __aeabi_uidivmod                         0x0800803f   Thumb Code    44  uidiv.o(.text)
    __aeabi_uldivmod                         0x0800806b   Thumb Code    98  uldiv.o(.text)
    __I$use$fp                               0x080080cd   Thumb Code     0  iusefp.o(.text)
    _float_round                             0x080080cd   Thumb Code    18  fepilogue.o(.text)
    _float_epilogue                          0x080080df   Thumb Code    92  fepilogue.o(.text)
    _double_round                            0x0800813b   Thumb Code    30  depilogue.o(.text)
    _double_epilogue                         0x08008159   Thumb Code   156  depilogue.o(.text)
    __aeabi_dadd                             0x080081f5   Thumb Code   322  dadd.o(.text)
    __aeabi_dsub                             0x08008337   Thumb Code     6  dadd.o(.text)
    __aeabi_drsub                            0x0800833d   Thumb Code     6  dadd.o(.text)
    __aeabi_ddiv                             0x08008343   Thumb Code   222  ddiv.o(.text)
    __aeabi_d2ulz                            0x08008421   Thumb Code    48  dfixul.o(.text)
    __aeabi_cdrcmple                         0x08008451   Thumb Code    48  cdrcmple.o(.text)
    __scatterload                            0x08008481   Thumb Code    28  init.o(.text)
    __scatterload_rt2                        0x08008481   Thumb Code     0  init.o(.text)
    __aeabi_llsl                             0x080084a5   Thumb Code    30  llshl.o(.text)
    _ll_shift_l                              0x080084a5   Thumb Code     0  llshl.o(.text)
    __aeabi_llsr                             0x080084c3   Thumb Code    32  llushr.o(.text)
    _ll_ushift_r                             0x080084c3   Thumb Code     0  llushr.o(.text)
    __aeabi_lasr                             0x080084e3   Thumb Code    36  llsshr.o(.text)
    _ll_sshift_r                             0x080084e3   Thumb Code     0  llsshr.o(.text)
    __decompress                             0x08008507   Thumb Code     0  __dczerorl2.o(.text)
    __decompress1                            0x08008507   Thumb Code    86  __dczerorl2.o(.text)
    __0printf                                0x0800855d   Thumb Code    22  printfa.o(i.__0printf)
    __1printf                                0x0800855d   Thumb Code     0  printfa.o(i.__0printf)
    __2printf                                0x0800855d   Thumb Code     0  printfa.o(i.__0printf)
    __c89printf                              0x0800855d   Thumb Code     0  printfa.o(i.__0printf)
    printf                                   0x0800855d   Thumb Code     0  printfa.o(i.__0printf)
    __0sprintf                               0x0800857d   Thumb Code    34  printfa.o(i.__0sprintf)
    __1sprintf                               0x0800857d   Thumb Code     0  printfa.o(i.__0sprintf)
    __2sprintf                               0x0800857d   Thumb Code     0  printfa.o(i.__0sprintf)
    __c89sprintf                             0x0800857d   Thumb Code     0  printfa.o(i.__0sprintf)
    sprintf                                  0x0800857d   Thumb Code     0  printfa.o(i.__0sprintf)
    __scatterload_copy                       0x080085a5   Thumb Code    14  handlers.o(i.__scatterload_copy)
    __scatterload_null                       0x080085b3   Thumb Code     2  handlers.o(i.__scatterload_null)
    __scatterload_zeroinit                   0x080085b5   Thumb Code    14  handlers.o(i.__scatterload_zeroinit)
    OSUnMapTbl                               0x08008e80   Data         256  os_core.o(.constdata)
    OSDebugEn                                0x08008f80   Data           2  os_dbg.o(.constdata)
    OSEndiannessTest                         0x08008f84   Data           4  os_dbg.o(.constdata)
    OSEventMax                               0x08008f88   Data           2  os_dbg.o(.constdata)
    OSEventNameSize                          0x08008f8a   Data           2  os_dbg.o(.constdata)
    OSEventEn                                0x08008f8c   Data           2  os_dbg.o(.constdata)
    OSEventSize                              0x08008f8e   Data           2  os_dbg.o(.constdata)
    OSEventTblSize                           0x08008f90   Data           2  os_dbg.o(.constdata)
    OSFlagEn                                 0x08008f92   Data           2  os_dbg.o(.constdata)
    OSFlagGrpSize                            0x08008f94   Data           2  os_dbg.o(.constdata)
    OSFlagNodeSize                           0x08008f96   Data           2  os_dbg.o(.constdata)
    OSFlagWidth                              0x08008f98   Data           2  os_dbg.o(.constdata)
    OSFlagMax                                0x08008f9a   Data           2  os_dbg.o(.constdata)
    OSFlagNameSize                           0x08008f9c   Data           2  os_dbg.o(.constdata)
    OSLowestPrio                             0x08008f9e   Data           2  os_dbg.o(.constdata)
    OSMboxEn                                 0x08008fa0   Data           2  os_dbg.o(.constdata)
    OSMemEn                                  0x08008fa2   Data           2  os_dbg.o(.constdata)
    OSMemMax                                 0x08008fa4   Data           2  os_dbg.o(.constdata)
    OSMemNameSize                            0x08008fa6   Data           2  os_dbg.o(.constdata)
    OSMemSize                                0x08008fa8   Data           2  os_dbg.o(.constdata)
    OSMemTblSize                             0x08008faa   Data           2  os_dbg.o(.constdata)
    OSMutexEn                                0x08008fac   Data           2  os_dbg.o(.constdata)
    OSPtrSize                                0x08008fae   Data           2  os_dbg.o(.constdata)
    OSQEn                                    0x08008fb0   Data           2  os_dbg.o(.constdata)
    OSQMax                                   0x08008fb2   Data           2  os_dbg.o(.constdata)
    OSQSize                                  0x08008fb4   Data           2  os_dbg.o(.constdata)
    OSRdyTblSize                             0x08008fb6   Data           2  os_dbg.o(.constdata)
    OSSemEn                                  0x08008fb8   Data           2  os_dbg.o(.constdata)
    OSStkWidth                               0x08008fba   Data           2  os_dbg.o(.constdata)
    OSTaskCreateEn                           0x08008fbc   Data           2  os_dbg.o(.constdata)
    OSTaskCreateExtEn                        0x08008fbe   Data           2  os_dbg.o(.constdata)
    OSTaskDelEn                              0x08008fc0   Data           2  os_dbg.o(.constdata)
    OSTaskIdleStkSize                        0x08008fc2   Data           2  os_dbg.o(.constdata)
    OSTaskProfileEn                          0x08008fc4   Data           2  os_dbg.o(.constdata)
    OSTaskMax                                0x08008fc6   Data           2  os_dbg.o(.constdata)
    OSTaskNameSize                           0x08008fc8   Data           2  os_dbg.o(.constdata)
    OSTaskStatEn                             0x08008fca   Data           2  os_dbg.o(.constdata)
    OSTaskStatStkSize                        0x08008fcc   Data           2  os_dbg.o(.constdata)
    OSTaskStatStkChkEn                       0x08008fce   Data           2  os_dbg.o(.constdata)
    OSTaskSwHookEn                           0x08008fd0   Data           2  os_dbg.o(.constdata)
    OSTCBPrioTblMax                          0x08008fd2   Data           2  os_dbg.o(.constdata)
    OSTCBSize                                0x08008fd4   Data           2  os_dbg.o(.constdata)
    OSTicksPerSec                            0x08008fd6   Data           2  os_dbg.o(.constdata)
    OSTimeTickHookEn                         0x08008fd8   Data           2  os_dbg.o(.constdata)
    OSVersionNbr                             0x08008fda   Data           2  os_dbg.o(.constdata)
    OSDataSize                               0x08008fdc   Data           2  os_dbg.o(.constdata)
    asc2_1206                                0x08008fde   Data        1140  user_ili9341_lcd.o(.constdata)
    ov7670_init_reg_table                    0x08009452   Data         336  ov7670.o(.constdata)
    Region$$Table$$Base                      0x080095a4   Number         0  anon$$obj.o(Region$$Table)
    Region$$Table$$Limit                     0x080095c4   Number         0  anon$$obj.o(Region$$Table)
    MENU_STATUS                              0x20000000   Data           4  main.o(.data)
    CLR                                      0x20000004   Data           4  main.o(.data)
    CAMERA_SIGN                              0x20000008   Data           4  main.o(.data)
    rcv_len                                  0x2000000c   Data           4  main.o(.data)
    i                                        0x20000010   Data           1  main.o(.data)
    strTemp                                  0x20000011   Data           5  main.o(.data)
    strTemp2                                 0x20000016   Data           5  main.o(.data)
    strHumi                                  0x2000001b   Data           5  main.o(.data)
    U8_RCVLOG                                0x20000020   Data           5  main.o(.data)
    fTemp                                    0x20000028   Data           4  main.o(.data)
    temp                                     0x2000002c   Data           4  main.o(.data)
    humi                                     0x20000030   Data           4  main.o(.data)
    strtemp                                  0x20000034   Data           5  main.o(.data)
    strtemp2                                 0x20000039   Data           5  main.o(.data)
    strhumi                                  0x2000003e   Data           5  main.o(.data)
    OSCtxSwCtr                               0x20000058   Data           4  os_core.o(.data)
    OSEventFreeList                          0x2000005c   Data           4  os_core.o(.data)
    OSFlagFreeList                           0x20000060   Data           4  os_core.o(.data)
    OSCPUUsage                               0x20000064   Data           1  os_core.o(.data)
    OSIdleCtrMax                             0x20000068   Data           4  os_core.o(.data)
    OSIdleCtrRun                             0x2000006c   Data           4  os_core.o(.data)
    OSStatRdy                                0x20000070   Data           1  os_core.o(.data)
    OSIntNesting                             0x20000071   Data           1  os_core.o(.data)
    OSLockNesting                            0x20000072   Data           1  os_core.o(.data)
    OSPrioCur                                0x20000073   Data           1  os_core.o(.data)
    OSPrioHighRdy                            0x20000074   Data           1  os_core.o(.data)
    OSRdyGrp                                 0x20000075   Data           1  os_core.o(.data)
    OSRdyTbl                                 0x20000076   Data           4  os_core.o(.data)
    OSRunning                                0x2000007a   Data           1  os_core.o(.data)
    OSTaskCtr                                0x2000007b   Data           1  os_core.o(.data)
    OSIdleCtr                                0x2000007c   Data           4  os_core.o(.data)
    OSTCBCur                                 0x20000080   Data           4  os_core.o(.data)
    OSTCBFreeList                            0x20000084   Data           4  os_core.o(.data)
    OSTCBHighRdy                             0x20000088   Data           4  os_core.o(.data)
    OSTCBList                                0x2000008c   Data           4  os_core.o(.data)
    OSTickStepState                          0x20000090   Data           1  os_core.o(.data)
    OSMemFreeList                            0x20000094   Data           4  os_core.o(.data)
    OSQFreeList                              0x20000098   Data           4  os_core.o(.data)
    OSTime                                   0x2000009c   Data           4  os_core.o(.data)
    OSTmrFree                                0x200000a0   Data           2  os_core.o(.data)
    OSTmrUsed                                0x200000a2   Data           2  os_core.o(.data)
    OSTmrTime                                0x200000a4   Data           4  os_core.o(.data)
    OSTmrSem                                 0x200000a8   Data           4  os_core.o(.data)
    OSTmrSemSignal                           0x200000ac   Data           4  os_core.o(.data)
    OSTmrFreeList                            0x200000b0   Data           4  os_core.o(.data)
    codeF8X16                                0x200000b6   Data        1520  oledfont.o(.data)
    codeF16x16                               0x200006a6   Data         160  oledfont.o(.data)
    codeBMP1                                 0x20000746   Data        1024  oledfont.o(.data)
    codeBMP2                                 0x20000b46   Data        1024  oledfont.o(.data)
    Count                                    0x20000f46   Data           1  esp8266.o(.data)
    frame_flag                               0x20000f47   Data           1  user_exti.o(.data)
    ReadTempFlag                             0x20000f48   Data           1  ds18b20.o(.data)
    SystemCoreClock                          0x20000f4c   Data           4  system_stm32f10x.o(.data)
    AHBPrescTable                            0x20000f50   Data          16  system_stm32f10x.o(.data)
    __stdout                                 0x20000f60   Data           4  stdout.o(.data)
    RCVLOG                                   0x20001964   Data         255  main.o(.bss)
    OSEventTbl                               0x20001a64   Data         320  os_core.o(.bss)
    OSFlagTbl                                0x20001ba4   Data         140  os_core.o(.bss)
    OSTaskStatStk                            0x20001c30   Data         512  os_core.o(.bss)
    OSTaskIdleStk                            0x20001e30   Data         512  os_core.o(.bss)
    OSTCBPrioTbl                             0x20002030   Data         128  os_core.o(.bss)
    OSTCBTbl                                 0x200020b0   Data        1656  os_core.o(.bss)
    OSMemTbl                                 0x20002728   Data         180  os_core.o(.bss)
    OSQTbl                                   0x200027dc   Data          96  os_core.o(.bss)
    OSTmrTbl                                 0x2000283c   Data         832  os_core.o(.bss)
    OSTmrTaskStk                             0x20002b7c   Data         512  os_core.o(.bss)
    OSTmrWheelTbl                            0x20002d7c   Data          64  os_core.o(.bss)
    Rx232buffer                              0x20002dbc   Data          50  esp8266.o(.bss)
    __initial_sp                             0x200031f0   Data           0  startup_stm32f10x_hd.o(STACK)



==============================================================================

Memory Map of the image

  Image Entry point : 0x08000131

  Load Region LR_IROM1 (Base: 0x08000000, Size: 0x0000a528, Max: 0x00080000, ABSOLUTE, COMPRESSED[0x00009d4c])

    Execution Region ER_IROM1 (Exec base: 0x08000000, Load base: 0x08000000, Size: 0x000095c4, Max: 0x00080000, ABSOLUTE)

    Exec Addr    Load Addr    Size         Type   Attr      Idx    E Section Name        Object

    0x08000000   0x08000000   0x00000130   Data   RO         1306    RESET               startup_stm32f10x_hd.o
    0x08000130   0x08000130   0x00000000   Code   RO         1341  * .ARM.Collect$$$$00000000  mc_w.l(entry.o)
    0x08000130   0x08000130   0x00000004   Code   RO         1619    .ARM.Collect$$$$00000001  mc_w.l(entry2.o)
    0x08000134   0x08000134   0x00000004   Code   RO         1622    .ARM.Collect$$$$00000004  mc_w.l(entry5.o)
    0x08000138   0x08000138   0x00000000   Code   RO         1624    .ARM.Collect$$$$00000008  mc_w.l(entry7b.o)
    0x08000138   0x08000138   0x00000000   Code   RO         1626    .ARM.Collect$$$$0000000A  mc_w.l(entry8b.o)
    0x08000138   0x08000138   0x00000008   Code   RO         1627    .ARM.Collect$$$$0000000B  mc_w.l(entry9a.o)
    0x08000140   0x08000140   0x00000000   Code   RO         1629    .ARM.Collect$$$$0000000D  mc_w.l(entry10a.o)
    0x08000140   0x08000140   0x00000000   Code   RO         1631    .ARM.Collect$$$$0000000F  mc_w.l(entry11a.o)
    0x08000140   0x08000140   0x00000004   Code   RO         1620    .ARM.Collect$$$$00002712  mc_w.l(entry2.o)
    0x08000144   0x08000144   0x00000f48   Code   RO            4    .text               main.o
    0x0800108c   0x0800108c   0x0000001a   Code   RO          145    .text               stm32f10x_it.o
    0x080010a6   0x080010a6   0x00000002   PAD
    0x080010a8   0x080010a8   0x000000dc   Code   RO          176    .text               misc.o
    0x08001184   0x08001184   0x0000011c   Code   RO          416    .text               stm32f10x_exti.o
    0x080012a0   0x080012a0   0x0000060c   Code   RO          470    .text               stm32f10x_fsmc.o
    0x080018ac   0x080018ac   0x0000035c   Code   RO          497    .text               stm32f10x_gpio.o
    0x08001c08   0x08001c08   0x000003a4   Code   RO          602    .text               stm32f10x_rcc.o
    0x08001fac   0x08001fac   0x0000030c   Code   RO          682    .text               stm32f10x_spi.o
    0x080022b8   0x080022b8   0x00000408   Code   RO          736    .text               stm32f10x_usart.o
    0x080026c0   0x080026c0   0x00000d60   Code   RO          787    .text               os_core.o
    0x08003420   0x08003420   0x000008b8   Code   RO          810    .text               os_flag.o
    0x08003cd8   0x08003cd8   0x00000288   Code   RO          834    .text               os_mem.o
    0x08003f60   0x08003f60   0x00000668   Code   RO          858    .text               os_q.o
    0x080045c8   0x080045c8   0x00000410   Code   RO          870    .text               os_sem.o
    0x080049d8   0x080049d8   0x00000886   Code   RO          882    .text               os_task.o
    0x0800525e   0x0800525e   0x00000002   PAD
    0x08005260   0x08005260   0x000001f0   Code   RO          894    .text               os_time.o
    0x08005450   0x08005450   0x00000758   Code   RO          906    .text               os_tmr.o
    0x08005ba8   0x08005ba8   0x000000a4   Code   RO          918    .text               os_cpu_a.o
    0x08005c4c   0x08005c4c   0x00000138   Code   RO          921    .text               os_cpu_c.o
    0x08005d84   0x08005d84   0x00000114   Code   RO          943    .text               os_dbg.o
    0x08005e98   0x08005e98   0x00000530   Code   RO          964    .text               oled.o
    0x080063c8   0x080063c8   0x000001c8   Code   RO         1016    .text               esp8266.o
    0x08006590   0x08006590   0x00000090   Code   RO         1051    .text               user_exti.o
    0x08006620   0x08006620   0x00000144   Code   RO         1081    .text               led.o
    0x08006764   0x08006764   0x00000768   Code   RO         1105    .text               user_ili9341_lcd.o
    0x08006ecc   0x08006ecc   0x00000430   Code   RO         1135    .text               ov7670.o
    0x080072fc   0x080072fc   0x00000314   Code   RO         1171    .text               sccb.o
    0x08007610   0x08007610   0x000002c4   Code   RO         1198    .text               ds18b20.o
    0x080078d4   0x080078d4   0x000002d8   Code   RO         1228    .text               user_iic.o
    0x08007bac   0x08007bac   0x000000e0   Code   RO         1252    .text               user_usart.o
    0x08007c8c   0x08007c8c   0x00000024   Code   RO         1307    .text               startup_stm32f10x_hd.o
    0x08007cb0   0x08007cb0   0x000001e0   Code   RO         1314    .text               system_stm32f10x.o
    0x08007e90   0x08007e90   0x00000018   Code   RO         1344    .text               mc_w.l(strcat.o)
    0x08007ea8   0x08007ea8   0x00000024   Code   RO         1346    .text               mc_w.l(strstr.o)
    0x08007ecc   0x08007ecc   0x0000000e   Code   RO         1348    .text               mc_w.l(strlen.o)
    0x08007eda   0x08007eda   0x000000e4   Code   RO         1611    .text               mf_w.l(dmul.o)
    0x08007fbe   0x08007fbe   0x00000022   Code   RO         1613    .text               mf_w.l(dflti.o)
    0x08007fe0   0x08007fe0   0x00000026   Code   RO         1615    .text               mf_w.l(f2d.o)
    0x08008006   0x08008006   0x00000038   Code   RO         1617    .text               mf_w.l(d2f.o)
    0x0800803e   0x0800803e   0x0000002c   Code   RO         1634    .text               mc_w.l(uidiv.o)
    0x0800806a   0x0800806a   0x00000062   Code   RO         1636    .text               mc_w.l(uldiv.o)
    0x080080cc   0x080080cc   0x00000000   Code   RO         1638    .text               mc_w.l(iusefp.o)
    0x080080cc   0x080080cc   0x0000006e   Code   RO         1639    .text               mf_w.l(fepilogue.o)
    0x0800813a   0x0800813a   0x000000ba   Code   RO         1641    .text               mf_w.l(depilogue.o)
    0x080081f4   0x080081f4   0x0000014e   Code   RO         1643    .text               mf_w.l(dadd.o)
    0x08008342   0x08008342   0x000000de   Code   RO         1645    .text               mf_w.l(ddiv.o)
    0x08008420   0x08008420   0x00000030   Code   RO         1647    .text               mf_w.l(dfixul.o)
    0x08008450   0x08008450   0x00000030   Code   RO         1649    .text               mf_w.l(cdrcmple.o)
    0x08008480   0x08008480   0x00000024   Code   RO         1651    .text               mc_w.l(init.o)
    0x080084a4   0x080084a4   0x0000001e   Code   RO         1653    .text               mc_w.l(llshl.o)
    0x080084c2   0x080084c2   0x00000020   Code   RO         1655    .text               mc_w.l(llushr.o)
    0x080084e2   0x080084e2   0x00000024   Code   RO         1657    .text               mc_w.l(llsshr.o)
    0x08008506   0x08008506   0x00000056   Code   RO         1667    .text               mc_w.l(__dczerorl2.o)
    0x0800855c   0x0800855c   0x00000020   Code   RO         1583    i.__0printf         mc_w.l(printfa.o)
    0x0800857c   0x0800857c   0x00000028   Code   RO         1585    i.__0sprintf        mc_w.l(printfa.o)
    0x080085a4   0x080085a4   0x0000000e   Code   RO         1661    i.__scatterload_copy  mc_w.l(handlers.o)
    0x080085b2   0x080085b2   0x00000002   Code   RO         1662    i.__scatterload_null  mc_w.l(handlers.o)
    0x080085b4   0x080085b4   0x0000000e   Code   RO         1663    i.__scatterload_zeroinit  mc_w.l(handlers.o)
    0x080085c2   0x080085c2   0x00000002   PAD
    0x080085c4   0x080085c4   0x00000184   Code   RO         1590    i._fp_digits        mc_w.l(printfa.o)
    0x08008748   0x08008748   0x000006dc   Code   RO         1591    i._printf_core      mc_w.l(printfa.o)
    0x08008e24   0x08008e24   0x00000024   Code   RO         1592    i._printf_post_padding  mc_w.l(printfa.o)
    0x08008e48   0x08008e48   0x0000002e   Code   RO         1593    i._printf_pre_padding  mc_w.l(printfa.o)
    0x08008e76   0x08008e76   0x0000000a   Code   RO         1595    i._sputc            mc_w.l(printfa.o)
    0x08008e80   0x08008e80   0x00000100   Data   RO          789    .constdata          os_core.o
    0x08008f80   0x08008f80   0x0000005e   Data   RO          944    .constdata          os_dbg.o
    0x08008fde   0x08008fde   0x00000474   Data   RO         1106    .constdata          user_ili9341_lcd.o
    0x08009452   0x08009452   0x00000150   Data   RO         1136    .constdata          ov7670.o
    0x080095a2   0x080095a2   0x00000002   PAD
    0x080095a4   0x080095a4   0x00000020   Data   RO         1659    Region$$Table       anon$$obj.o


    Execution Region RW_IRAM1 (Exec base: 0x20000000, Load base: 0x080095c4, Size: 0x000031f0, Max: 0x00010000, ABSOLUTE, COMPRESSED[0x00000788])

    Exec Addr    Load Addr    Size         Type   Attr      Idx    E Section Name        Object

    0x20000000   COMPRESSED   0x00000043   Data   RW            6    .data               main.o
    0x20000043   COMPRESSED   0x00000014   Data   RW          603    .data               stm32f10x_rcc.o
    0x20000057   COMPRESSED   0x00000001   PAD
    0x20000058   COMPRESSED   0x0000005c   Data   RW          790    .data               os_core.o
    0x200000b4   COMPRESSED   0x00000002   Data   RW          922    .data               os_cpu_c.o
    0x200000b6   COMPRESSED   0x00000e90   Data   RW          992    .data               oledfont.o
    0x20000f46   COMPRESSED   0x00000001   Data   RW         1018    .data               esp8266.o
    0x20000f47   COMPRESSED   0x00000001   Data   RW         1052    .data               user_exti.o
    0x20000f48   COMPRESSED   0x00000001   Data   RW         1199    .data               ds18b20.o
    0x20000f49   COMPRESSED   0x00000003   PAD
    0x20000f4c   COMPRESSED   0x00000014   Data   RW         1315    .data               system_stm32f10x.o
    0x20000f60   COMPRESSED   0x00000004   Data   RW         1633    .data               mc_w.l(stdout.o)
    0x20000f64        -       0x00000aff   Zero   RW            5    .bss                main.o
    0x20001a63   COMPRESSED   0x00000001   PAD
    0x20001a64        -       0x00001358   Zero   RW          788    .bss                os_core.o
    0x20002dbc        -       0x00000032   Zero   RW         1017    .bss                esp8266.o
    0x20002dee   COMPRESSED   0x00000002   PAD
    0x20002df0        -       0x00000400   Zero   RW         1304    STACK               startup_stm32f10x_hd.o


==============================================================================

Image component sizes


      Code (inc. data)   RO Data    RW Data    ZI Data      Debug   Object Name

       708         14          0          1          0       3240   ds18b20.o
       456         20          0          1         50       4038   esp8266.o
       324         30          0          0          0       1415   led.o
      3912       1058          0         67       2815     269377   main.o
       220         22          0          0          0       1853   misc.o
      1328         20          0          0          0       4307   oled.o
         0          0          0       3728          0        825   oledfont.o
      3424        282        256         92       4952      21190   os_core.o
       164         32          0          0          0        444   os_cpu_a.o
       312         18          0          2          0      14747   os_cpu_c.o
       276        182         94          0          0       3217   os_dbg.o
      2232         38          0          0          0       7472   os_flag.o
       648         14          0          0          0       3680   os_mem.o
      1640         30          0          0          0       6121   os_q.o
      1040         18          0          0          0       4330   os_sem.o
      2182         66          0          0          0       7517   os_task.o
       496         24          0          0          0       2018   os_time.o
      1880        120          0          0          0       6341   os_tmr.o
      1072         34        336          0          0       3607   ov7670.o
       788          4          0          0          0       2603   sccb.o
        36          8        304          0       1024        856   startup_stm32f10x_hd.o
       284         10          0          0          0       4583   stm32f10x_exti.o
      1548         18          0          0          0      13451   stm32f10x_fsmc.o
       860         38          0          0          0       5781   stm32f10x_gpio.o
        26          0          0          0          0       1230   stm32f10x_it.o
       932         36          0         20          0       8980   stm32f10x_rcc.o
       780         14          0          0          0      13678   stm32f10x_spi.o
      1032         22          0          0          0      14656   stm32f10x_usart.o
       480         38          0         20          0       1991   system_stm32f10x.o
       144         12          0          1          0        988   user_exti.o
       728          6          0          0          0       2117   user_iic.o
      1896         26       1140          0          0       6268   user_ili9341_lcd.o
       224          8          0          0          0       2352   user_usart.o

    ----------------------------------------------------------------------
     32076       2262       2164       3936       8844     445273   Object Totals
         0          0         32          0          0          0   (incl. Generated)
         4          0          2          4          3          0   (incl. Padding)

    ----------------------------------------------------------------------

      Code (inc. data)   RO Data    RW Data    ZI Data      Debug   Library Member Name

        86          0          0          0          0          0   __dczerorl2.o
         0          0          0          0          0          0   entry.o
         0          0          0          0          0          0   entry10a.o
         0          0          0          0          0          0   entry11a.o
         8          4          0          0          0          0   entry2.o
         4          0          0          0          0          0   entry5.o
         0          0          0          0          0          0   entry7b.o
         0          0          0          0          0          0   entry8b.o
         8          4          0          0          0          0   entry9a.o
        30          0          0          0          0          0   handlers.o
        36          8          0          0          0         68   init.o
         0          0          0          0          0          0   iusefp.o
        30          0          0          0          0         68   llshl.o
        36          0          0          0          0         68   llsshr.o
        32          0          0          0          0         68   llushr.o
      2308         96          0          0          0        604   printfa.o
         0          0          0          4          0          0   stdout.o
        24          0          0          0          0         68   strcat.o
        14          0          0          0          0         68   strlen.o
        36          0          0          0          0         80   strstr.o
        44          0          0          0          0         80   uidiv.o
        98          0          0          0          0         92   uldiv.o
        48          0          0          0          0         68   cdrcmple.o
        56          0          0          0          0         88   d2f.o
       334          0          0          0          0        148   dadd.o
       222          0          0          0          0        100   ddiv.o
       186          0          0          0          0        176   depilogue.o
        48          0          0          0          0         68   dfixul.o
        34          0          0          0          0         76   dflti.o
       228          0          0          0          0         96   dmul.o
        38          0          0          0          0         68   f2d.o
       110          0          0          0          0        168   fepilogue.o

    ----------------------------------------------------------------------
      4100        112          0          4          0       2320   Library Totals
         2          0          0          0          0          0   (incl. Padding)

    ----------------------------------------------------------------------

      Code (inc. data)   RO Data    RW Data    ZI Data      Debug   Library Name

      2794        112          0          4          0       1264   mc_w.l
      1304          0          0          0          0       1056   mf_w.l

    ----------------------------------------------------------------------
      4100        112          0          4          0       2320   Library Totals

    ----------------------------------------------------------------------

==============================================================================


      Code (inc. data)   RO Data    RW Data    ZI Data      Debug   

     36176       2374       2164       3940       8844     443977   Grand Totals
     36176       2374       2164       1928       8844     443977   ELF Image Totals (compressed)
     36176       2374       2164       1928          0          0   ROM Totals

==============================================================================

    Total RO  Size (Code + RO Data)                38340 (  37.44kB)
    Total RW  Size (RW Data + ZI Data)             12784 (  12.48kB)
    Total ROM Size (Code + RO Data + RW Data)      40268 (  39.32kB)

==============================================================================

